TAP version 13
# Subtest: construction: continuous corner path is one paid group; undo and redo conserve and keep simulation time
ok 1 - construction: continuous corner path is one paid group; undo and redo conserve and keep simulation time
  ---
  duration_ms: 1452.464867
  type: 'test'
  ...
# Subtest: construction: invalid, partially obstructed, unaffordable and out-of-reach groups have no partial effects
ok 2 - construction: invalid, partially obstructed, unaffordable and out-of-reach groups have no partial effects
  ---
  duration_ms: 1235.607471
  type: 'test'
  ...
# Subtest: construction: removal history restores settings but leaves recovered contents in pockets; earlier undo still works
ok 3 - construction: removal history restores settings but leaves recovered contents in pockets; earlier undo still works
  ---
  duration_ms: 1195.461115
  type: 'test'
  ...
# Subtest: construction: current contents, damage, full pockets, occupied undo sites and down state are respected
ok 4 - construction: current contents, damage, full pockets, occupied undo sites and down state are respected
  ---
  duration_ms: 805.259661
  type: 'test'
  ...
# Subtest: construction: rotation, bounded history, new-branch redo clearing, save validation and continuation
ok 5 - construction: rotation, bounded history, new-branch redo clearing, save validation and continuation
  ---
  duration_ms: 3395.267152
  type: 'test'
  ...
# Subtest: construction: paused UI dispatch flushes pending inputs once and a saved command stream replays exactly
ok 6 - construction: paused UI dispatch flushes pending inputs once and a saved command stream replays exactly
  ---
  duration_ms: 2209.40572
  type: 'test'
  ...
# Subtest: construction: packing refuses an unfinished recipe, fractional stock or loose-round overflow atomically
ok 7 - construction: packing refuses an unfinished recipe, fractional stock or loose-round overflow atomically
  ---
  duration_ms: 724.709225
  type: 'test'
  ...
# Subtest: construction controls: build catalogue and hotkeys share references; modified history keys do not collide with tools
ok 8 - construction controls: build catalogue and hotkeys share references; modified history keys do not collide with tools
  ---
  duration_ms: 0.919066
  type: 'test'
  ...
# Subtest: factory blueprint validates structure, rectangular occupancy, settings, paired endpoints and bounded input before issuing commands
ok 9 - factory blueprint validates structure, rectangular occupancy, settings, paired endpoints and bounded input before issuing commands
  ---
  duration_ms: 1412.790877
  type: 'test'
  ...
# Subtest: a blueprint walks and pays from ordinary stock, keeps the engineer clear, and replays all construction/settings from a fresh campaign
ok 10 - a blueprint walks and pays from ordinary stock, keeps the engineer clear, and replays all construction/settings from a fresh campaign
  ---
  duration_ms: 3362.531673
  type: 'test'
  ...
# Subtest: failed blueprint retains only paid completed work and reports the failing entity; invalid replay intervals are rejected
ok 11 - failed blueprint retains only paid completed work and reports the failing entity; invalid replay intervals are rejected
  ---
  duration_ms: 1157.555784
  type: 'test'
  ...
# Subtest: the seeded copper margin is mined and stored by ordinary commands before a paid extraction layout is built
ok 12 - the seeded copper margin is mined and stored by ordinary commands before a paid extraction layout is built
  ---
  duration_ms: 25431.151842
  type: 'test'
  ...
# Subtest: truck unlocks once at the paid restored station, keeps the kit corridor clear and replays its entire driving/cargo trip
ok 13 - truck unlocks once at the paid restored station, keeps the kit corridor clear and replays its entire driving/cargo trip
  ---
  duration_ms: 5731.578181
  type: 'test'
  ...
# Subtest: truck boarding and cargo are local; a parked footprint blocks walking, paths and construction
ok 14 - truck boarding and cargo are local; a parked footprint blocks walking, paths and construction
  ---
  duration_ms: 1133.365727
  type: 'test'
  ...
# Subtest: cargo capacity is separate, partial stacks fit, and invalid or distant transfers preserve both inventories
ok 15 - cargo capacity is separate, partial stacks fit, and invalid or distant transfers preserve both inventories
  ---
  duration_ms: 544.960732
  type: 'test'
  ...
# Subtest: driving checks every footprint tile at speed, refuses blocked rotations, and cannot use dodge or auto-walk
ok 16 - driving checks every footprint tile at speed, refuses blocked rotations, and cannot use dodge or auto-walk
  ---
  duration_ms: 531.913135
  type: 'test'
  ...
# Subtest: blocked exit is refused; knockdown parks cargo, respawn does not teleport the truck, and occupied saves resume
ok 17 - blocked exit is refused; knockdown parks cargo, respawn does not teleport the truck, and occupied saves resume
  ---
  duration_ms: 1140.333574
  type: 'test'
  ...
# Subtest: old restored previews spawn deterministically on their next tick; malformed truck saves are rejected
ok 18 - old restored previews spawn deterministically on their next tick; malformed truck saves are rejected
  ---
  duration_ms: 2504.208986
  type: 'test'
  ...
# Subtest: selected-stop query matches physical service, reacts to outages and cuts, and never mutates state
ok 19 - selected-stop query matches physical service, reacts to outages and cuts, and never mutates state
  ---
  duration_ms: 601.35447
  type: 'test'
  ...
# Subtest: selected routes expose full arrivals, returning cargo and branches; removing the selected stop clears its query
ok 20 - selected routes expose full arrivals, returning cargo and branches; removing the selected stop clears its query
  ---
  duration_ms: 572.945733
  type: 'test'
  ...
1..20
# tests 20
# suites 0
# pass 20
# fail 0
# cancelled 0
# skipped 0
# todo 0
# duration_ms 35559.571321
