1280 RELIGHT
Build (B)
Inventory (I)
Map (M)
Projects (F2)
Management
Construction
Help
Pause menu
Navigation
Home Court
Start your workshop

Collect your starting supplies from Home

Why this next?
Show location
Day 1 · Daylight · 0:00 · Paused
Pause
1×
4×
16×
Next major assault: Night 3. Two minor raid opportunities per day; ruins remain dangerous.
Engineer · 100/100 HP
Empty hand
Pockets 0/40 stacks
Inventory (I)
MinimapMap (M)
● You □ Known ◆ Pin
E interacts · WASD moves · Build opens with B. Find all controls in Help.Dismiss hint
E · Craft one magazine
900 Build (B)
Inventory (I)
Map (M)
Projects (F2)
Management
Construction
Help
Pause menu
Navigation
Home Court
Start your workshop

Collect your starting supplies from Home

Why this next?
Show location
Day 1 · Daylight · 0:00 · Paused
Pause
1×
4×
16×
Next major assault: Night 3. Two minor raid opportunities per day; ruins remain dangerous.
Engineer · 100/100 HP
Empty hand
Pockets 0/40 stacks
Inventory (I)
MinimapMap (M)
E interacts · WASD moves · Build opens with B. Find all controls in Help.Dismiss hint
E · Craft one magazine
ERRORS []
