
> relight-prototype@0.1.0 factory
> tsx packages/harness/src/factoryCli.ts --seeds 3,4,5 --hours 5

E-chain, seed 3: starting
E-chain, seed 3: 7/7 checks in 3.1 s
E-chain, seed 4: starting
E-chain, seed 4: 7/7 checks in 2.0 s
E-chain, seed 5: starting
E-chain, seed 5: 7/7 checks in 1.8 s
E-coal, seed 3: starting
E-coal, seed 3: 5/5 checks in 11.0 s
E-coal, seed 4: starting
E-coal, seed 4: 5/5 checks in 15.7 s
E-coal, seed 5: starting
E-coal, seed 5: 5/5 checks in 25.0 s
E-tram, seed 3: starting
E-tram, seed 3: 5/5 checks in 6.6 s
E-tram, seed 4: starting
E-tram, seed 4: 5/5 checks in 5.4 s
E-tram, seed 5: starting
E-tram, seed 5: 5/5 checks in 3.0 s
E-logistics, seed 3: starting
seed 3: 1.01 h, 79 machines, 1074 freight items, save/replay match
seed 3: 2.02 h, 79 machines, 2214 freight items, save/replay match
seed 3: 3.05 h, 79 machines, 3354 freight items, save/replay match
seed 3: 4.02 h, 79 machines, 4417 freight items, save/replay match
seed 3: 5.00 h, 79 machines, 5497 freight items, save/replay match
E-logistics, seed 3: 9/9 checks in 103.4 s
E-logistics, seed 4: starting
seed 4: 1.02 h, 109 machines, 904 freight items, save/replay match
seed 4: 2.00 h, 109 machines, 1864 freight items, save/replay match
seed 4: 3.02 h, 109 machines, 2854 freight items, save/replay match
seed 4: 4.01 h, 109 machines, 3812 freight items, save/replay match
seed 4: 5.00 h, 109 machines, 4742 freight items, save/replay match
E-logistics, seed 4: 9/9 checks in 113.5 s
E-logistics, seed 5: starting
seed 5: 1.03 h, 94 machines, 1079 freight items, save/replay match
seed 5: 2.04 h, 94 machines, 2159 freight items, save/replay match
seed 5: 3.03 h, 94 machines, 3239 freight items, save/replay match
seed 5: 4.06 h, 94 machines, 4319 freight items, save/replay match
seed 5: 5.02 h, 94 machines, 5339 freight items, save/replay match
E-logistics, seed 5: 9/9 checks in 106.5 s
