
> relight-prototype@0.1.0 typecheck
> npm run build -w packages/sim && npm run build -w packages/harness && npm run build -w packages/tools && npm run build -w packages/game


> @relight/sim@0.1.0 build
> tsc -p tsconfig.json --noEmit


> @relight/harness@0.1.0 build
> tsc -p tsconfig.json --noEmit


> @relight/tools@0.1.0 build
> tsc -p tsconfig.json --noEmit


> @relight/game@0.1.0 build
> tsc -p tsconfig.json --noEmit && vite build

vite v6.4.3 building for production...
transforming...
✓ 71 modules transformed.
rendering chunks...
computing gzip size...
dist/index.html                     0.61 kB │ gzip:   0.33 kB
dist/assets/index-BxPVazLa.css      5.67 kB │ gzip:   1.83 kB
dist/assets/index-C1ayiBqx.js   1,919.12 kB │ gzip: 496.22 kB

(!) Some chunks are larger than 500 kB after minification. Consider:
- Using dynamic import() to code-split the application
- Use build.rollupOptions.output.manualChunks to improve chunking: https://rollupjs.org/configuration-options/#output-manualchunks
- Adjust chunk size limit for this warning via build.chunkSizeWarningLimit.
✓ built in 7.31s
