TAP version 13
# Subtest: routing: all four recipes run through a paid chest/inserter/belt/underground/splitter line reached on foot
not ok 1 - routing: all four recipes run through a paid chest/inserter/belt/underground/splitter line reached on foot
  ---
  duration_ms: 906.442432
  type: 'test'
  location: '/mnt/e/Factorio2/packages/sim/test/routing.test.ts:1:7728'
  failureType: 'testCodeFailure'
  error: 'shot output reaches storage through the complete line: [{"kind":"chest","x":425,"y":633,"dir":0,"inv":{},"items":[],"hold":null,"out":0,"busy":false},{"kind":"inserter","x":427,"y":633,"dir":1,"inv":{},"items":[],"hold":null,"out":0,"busy":false},{"kind":"assembler","x":428,"y":633,"dir":0,"inv":{"steel":0,"copper":0},"items":[],"hold":null,"out":0,"busy":false},{"kind":"inserter","x":431,"y":634,"dir":1,"inv":{},"items":[],"hold":null,"out":0,"busy":false},{"kind":"belt","x":432,"y":634,"dir":1,"inv":{},"items":[],"hold":null,"out":0,"busy":false},{"kind":"splitter","x":437,"y":634,"dir":1,"inv":{},"items":[],"hold":null,"out":0,"busy":false},{"kind":"chest","x":438,"y":634,"dir":0,"inv":{},"items":[],"hold":null,"out":0,"busy":false},{"kind":"generator","x":430,"y":637,"dir":0,"inv":{"coal":19},"items":[],"hold":null,"out":0,"busy":true},{"kind":"underground","x":433,"y":634,"dir":1,"inv":{},"items":[{"k":"magazine","p":2.625},{"k":"magazine","p":2.875}],"hold":null,"out":0,"busy":false},{"kind":"underground","x":436,"y":634,"dir":1,"inv":{},"items":[],"hold":null,"out":0,"busy":false}]'
  code: 'ERR_ASSERTION'
  name: 'AssertionError'
  expected: true
  actual: false
  operator: '=='
  stack: |-
    TestContext.<anonymous> (/mnt/e/Factorio2/packages/sim/test/routing.test.ts:127:10)
    Test.runInAsyncScope (node:async_hooks:214:14)
    Test.run (node:internal/test_runner/test:1047:25)
    Test.start (node:internal/test_runner/test:944:17)
    startSubtestAfterBootstrap (node:internal/test_runner/harness:296:17)
  ...
1..1
# tests 1
# suites 0
# pass 0
# fail 1
# cancelled 0
# skipped 0
# todo 0
# duration_ms 5616.468327
