
> relight-prototype@0.1.0 defence
> tsx packages/harness/src/defenceCli.ts --seeds 3,4,5 --mode support --out docs/evidence/p6-03-2026-09-07/acceptance/campaign

Starting live defence 3 support
3 support mined ordinary home resources at 1040s
3 support network established at 1776s
3 support major completed at 3545s
3 support cut route at 5130s
3 support recovered at 5633s
Finished 3 support 13/13
Starting live defence 4 support
4 support mined ordinary home resources at 1040s
4 support network established at 1611s
4 support major completed at 3544s
4 support cut route at 5129s
4 support recovered at 5690s
Finished 4 support 13/13
Starting live defence 5 support
5 support mined ordinary home resources at 1040s
5 support network established at 1816s
5 support major completed at 3546s
5 support cut route at 5127s
5 support recovered at 5647s
Finished 5 support 12/13
