
> relight-prototype@0.1.0 defence
> tsx packages/harness/src/defenceCli.ts --seeds 8,4,3,5,11,13 --out docs/evidence/p6-03-2026-09-07/final/campaign

Starting live defence 8 turrets
8 turrets mined ordinary home resources at 1040s
8 turrets network established at 1517s
8 turrets major completed at 3546s
8 turrets cut route at 5131s
8 turrets recovered at 5314s
Finished 8 turrets 13/13
Starting live defence 4 turrets
4 turrets mined ordinary home resources at 1040s
4 turrets network established at 1611s
4 turrets major completed at 3544s
4 turrets cut route at 5129s
4 turrets recovered at 5691s
Finished 4 turrets 12/13
Starting live defence 3 turrets
3 turrets mined ordinary home resources at 1040s
3 turrets network established at 1776s
3 turrets major completed at 3545s
3 turrets cut route at 5129s
3 turrets recovered at 5632s
Finished 3 turrets 13/13
Starting live defence 5 turrets
5 turrets mined ordinary home resources at 1040s
5 turrets network established at 1816s
5 turrets major completed at 3547s
5 turrets cut route at 5127s
5 turrets recovered at 5643s
Finished 5 turrets 13/13
Starting live defence 11 turrets
11 turrets mined ordinary home resources at 1040s
11 turrets network established at 1882s
11 turrets major completed at 3545s
11 turrets cut route at 5126s
11 turrets recovered at 5645s
Finished 11 turrets 13/13
Starting live defence 13 turrets
13 turrets mined ordinary home resources at 1040s
13 turrets network established at 1503s
13 turrets major completed at 3544s
13 turrets cut route at 5128s
13 turrets recovered at 5635s
Finished 13 turrets 13/13
