TAP version 13
# Subtest: defence observation preserves ordinary commands, clock, live raid and replay
ok 1 - defence observation preserves ordinary commands, clock, live raid and replay
  ---
  duration_ms: 4778.055612
  type: 'test'
  ...
# Subtest: time away from home uses elapsed ticks rather than count of fractional samples
ok 2 - time away from home uses elapsed ticks rather than count of fractional samples
  ---
  duration_ms: 585.461115
  type: 'test'
  ...
1..2
# tests 2
# suites 0
# pass 2
# fail 0
# cancelled 0
# skipped 0
# todo 0
# duration_ms 9718.224435
