TAP version 13
# Subtest: defence observation preserves ordinary commands, clock, live raid and replay
ok 1 - defence observation preserves ordinary commands, clock, live raid and replay
  ---
  duration_ms: 3535.050228
  type: 'test'
  ...
# Subtest: time away from home uses elapsed ticks rather than count of fractional samples
ok 2 - time away from home uses elapsed ticks rather than count of fractional samples
  ---
  duration_ms: 326.351239
  type: 'test'
  ...
# Subtest: seed 8 survey avoids forbidden street tiles and supports a paid three-stop line from ordinary stock
not ok 3 - seed 8 survey avoids forbidden street tiles and supports a paid three-stop line from ordinary stock
  ---
  duration_ms: 644.292356
  type: 'test'
  location: '/mnt/e/Factorio2/packages/sim/test/defenceHarness.test.ts:26:1'
  failureType: 'testCodeFailure'
  error: 'no coal in the pockets (take it from the Depot chest with I, or dig the coal patch)'
  code: 'ERR_TEST_FAILURE'
  stack: |-
    FactoryDriver.send (/mnt/e/Factorio2/packages/harness/src/blueprint.ts:40:217)
    power (/mnt/e/Factorio2/packages/harness/src/factoryScenario.ts:34:4)
    railNetwork (/mnt/e/Factorio2/packages/harness/src/factoryScenario.ts:41:28)
    TestContext.<anonymous> (/mnt/e/Factorio2/packages/sim/test/defenceHarness.test.ts:27:33)
    Test.runInAsyncScope (node:async_hooks:214:14)
    Test.run (node:internal/test_runner/test:1047:25)
    Test.processPendingSubtests (node:internal/test_runner/test:744:18)
    Test.postRun (node:internal/test_runner/test:1173:19)
    Test.run (node:internal/test_runner/test:1101:12)
    async Test.processPendingSubtests (node:internal/test_runner/test:744:7)
  ...
1..3
# tests 3
# suites 0
# pass 2
# fail 1
# cancelled 0
# skipped 0
# todo 0
# duration_ms 8566.106472
