TAP version 13
# Subtest: defence observation preserves ordinary commands, clock, live raid and replay
ok 1 - defence observation preserves ordinary commands, clock, live raid and replay
  ---
  duration_ms: 3831.847233
  type: 'test'
  ...
# Subtest: time away from home uses elapsed ticks rather than count of fractional samples
ok 2 - time away from home uses elapsed ticks rather than count of fractional samples
  ---
  duration_ms: 299.680254
  type: 'test'
  ...
# Subtest: seed 8 survey avoids forbidden street tiles and supports a paid three-stop line from ordinary stock
ok 3 - seed 8 survey avoids forbidden street tiles and supports a paid three-stop line from ordinary stock
  ---
  duration_ms: 2044.105416
  type: 'test'
  ...
1..3
# tests 3
# suites 0
# pass 3
# fail 0
# cancelled 0
# skipped 0
# todo 0
# duration_ms 10676.550951
