{
 "t": 0,
 "e": {
  "x": 421.5,
  "y": 638.5,
  "block": 356,
  "hp": 100,
  "lastHit": -999,
  "down": -1,
  "inv": {
   "steel": 200,
   "copper": 100,
   "coal": 20
  },
  "reach": 8,
  "truck": false,
  "truckFound": false,
  "dest": -1,
  "remaining": 0,
  "vel": [
   0,
   0
  ],
  "target": null,
  "firing": -1,
  "barrels": 1,
  "cooldown": 0,
  "walked": 0,
  "walkedHour": [],
  "fired": 0,
  "firstShot": -1,
  "hurt": 0,
  "downs": 0,
  "kills": 0,
  "stamina": 1,
  "sprint": false,
  "dash": 0,
  "dashDir": [
   1,
   0
  ],
  "dashCooldown": 0,
  "face": [
   1,
   0
  ],
  "aim": null,
  "shots": {},
  "iframes": 0,
  "shootS": 0,
  "shootHour": [],
  "shotAt": -1,
  "danger": 0,
  "dangerHour": [],
  "dangerShot": 0
 },
 "m": [
  {
   "id": 1,
   "kind": "depot",
   "x": 418,
   "y": 632,
   "dir": 0,
   "size": 6,
   "items": [],
   "hold": null,
   "timer": 0,
   "phase": 0,
   "inv": {},
   "out": 0,
   "busy": false
  },
  {
   "id": 2,
   "kind": "generator",
   "x": 428,
   "y": 631,
   "dir": 0,
   "size": 2,
   "items": [],
   "hold": null,
   "timer": 0,
   "phase": 0,
   "inv": {
    "coal": 40
   },
   "out": 0,
   "busy": false
  }
 ],
 "gate": {
  "walls": [
   498008,
   518008,
   498033,
   498009,
   518009,
   498808,
   498833,
   498010,
   518010,
   499608,
   499633,
   498011,
   518011,
   500408,
   500433,
   498012,
   518012,
   501208,
   501233,
   498013,
   518013,
   502008,
   502033,
   498014,
   518014,
   502808,
   502833,
   498015,
   518015,
   503608,
   503633,
   498016,
   518016,
   504408,
   504433,
   498017,
   518017,
   505208,
   505233,
   498018,
   518018,
   506008,
   506033,
   498019,
   518019,
   506808,
   498020,
   518020,
   507608,
   498021,
   518021,
   508408,
   498022,
   518022,
   509208,
   498023,
   518023,
   510008,
   510033,
   498024,
   518024,
   510808,
   510833,
   498025,
   518025,
   511608,
   511633,
   498026,
   518026,
   512408,
   512433,
   498027,
   518027,
   513208,
   513233,
   498028,
   518028,
   514008,
   514033,
   498029,
   518029,
   514808,
   514833,
   498030,
   518030,
   515608,
   515633,
   498031,
   518031,
   516408,
   516433,
   498032,
   518032,
   517208,
   517233,
   518033
  ],
  "gate": [
   506833,
   507633,
   508433,
   509233
  ],
  "bounds": {
   "x": 408,
   "y": 622,
   "size": 26
  },
  "direction": 1
 },
 "stations": {
  "station": {
   "block": 353,
   "x": 386,
   "y": 632,
   "size": 3,
   "delivered": {
    "steel": 0,
    "copper": 0
   },
   "restoredAt": -1
  },
  "radio": {
   "block": 353,
   "x": 376,
   "y": 621,
   "size": 1,
   "delivered": {
    "steel": 0,
    "copper": 0
   },
   "restoredAt": -1
  },
  "route": [
   508436,
   507636,
   506836,
   506036,
   505236,
   504436,
   503636,
   502836,
   502036,
   501236,
   500436,
   499636,
   498836,
   498036,
   497236,
   496436,
   495636,
   495635,
   495634,
   495633,
   495632,
   495631,
   495630,
   495629,
   495628,
   495627,
   495626,
   495625,
   495624,
   495623,
   495622,
   495621,
   495620,
   495619,
   495618,
   495617,
   495616,
   495615,
   495614,
   495613,
   495612,
   495611,
   495610,
   495609,
   495608,
   495607,
   495606,
   495605
  ],
  "stops": [
   [
    434,
    635
   ],
   [
    403,
    619
   ]
  ],
  "reward": {
   "track": 0,
   "tramstop": 0,
   "tram": 0
  },
  "grantedAt": -1
 },
 "dist": {
  "version": 1,
  "station": {
   "block": 332,
   "x": 390,
   "y": 596,
   "size": 3,
   "delivered": {
    "steel": 0,
    "copper": 0
   },
   "restoredAt": -1
  },
  "workshop": {
   "block": 332,
   "x": 378,
   "y": 585,
   "size": 1,
   "delivered": {
    "steel": 0,
    "copper": 0
   },
   "restoredAt": -1
  },
  "route": [
   495605,
   494805,
   494005,
   493205,
   492405
  ],
  "stop": [
   403,
   615
  ],
  "sources": [
   {
    "block": 353,
    "x": 377,
    "y": 621,
    "size": 5,
    "item": "steel"
   },
   {
    "block": 332,
    "x": 379,
    "y": 585,
    "size": 5,
    "item": "copper"
   },
   {
    "block": 334,
    "x": 414,
    "y": 586,
    "size": 5,
    "item": "coal"
   }
  ],
  "repair": null,
  "repairs": 0,
  "supplied": {
   "steel": 0,
   "copper": 0,
   "magazine": 0
  },
  "visits": 0,
  "lastVisit": -1,
  "resuppliedAt": -1
 }
}
