
> relight-prototype@0.1.0 defence
> tsx packages/harness/src/defenceCli.ts --seeds 3,4,5 --mode support --out docs/evidence/p6-03-2026-09-07/campaign

Starting live defence 3 support
3 support mined ordinary home resources at 1040s
3 support network established at 1541s
3 support major completed at 3545s
3 support cut route at 5129s
3 support recovered at 5680s
Finished 3 support 13/13
Starting live defence 4 support
4 support mined ordinary home resources at 1040s
4 support network established at 1611s
4 support major completed at 3543s
{"phase":"supply interruption","t":3611,"message":"repair this defence before packing it"}
Finished 4 support 8/9
Starting live defence 5 support
5 support mined ordinary home resources at 1040s
5 support network established at 1580s
5 support major completed at 3546s
5 support cut route at 5129s
5 support recovered at 5684s
Finished 5 support 13/13
