
> relight-prototype@0.1.0 defence
> tsx packages/harness/src/defenceCli.ts --seeds 3,4,5,8,11,13 --out docs/evidence/p6-03-2026-09-07/campaign

Starting live defence 3 turrets
3 turrets mined ordinary home resources at 1040s
3 turrets network established at 1541s
3 turrets major completed at 3545s
3 turrets cut route at 5129s
3 turrets recovered at 5680s
Finished 3 turrets 13/13
Starting live defence 4 turrets
4 turrets mined ordinary home resources at 1040s
4 turrets network established at 1611s
4 turrets major completed at 3543s
{"phase":"supply interruption","t":3611,"message":"repair this defence before packing it"}
Finished 4 turrets 8/9
Starting live defence 5 turrets
5 turrets mined ordinary home resources at 1040s
5 turrets network established at 1580s
5 turrets major completed at 3547s
5 turrets cut route at 5129s
5 turrets recovered at 5684s
Finished 5 turrets 13/13
Starting live defence 8 turrets
8 turrets mined ordinary home resources at 1040s
{"phase":"rail construction","t":1137,"message":"not buildable ground"}
Finished 8 turrets 4/6
Starting live defence 11 turrets
11 turrets mined ordinary home resources at 1040s
11 turrets network established at 1648s
11 turrets major completed at 3544s
11 turrets cut route at 5126s
11 turrets recovered at 5669s
Finished 11 turrets 13/13
Starting live defence 13 turrets
13 turrets mined ordinary home resources at 1040s
13 turrets network established at 1503s
13 turrets major completed at 3543s
13 turrets cut route at 5128s
13 turrets recovered at 5699s
Finished 13 turrets 13/13
