
> relight-prototype@0.1.0 test
> npm test -w packages/sim


> @relight/sim@0.1.0 test
> tsx --test --test-concurrency=1 test/*.test.ts

TAP version 13
# Subtest: sprint runs at 1.6× walk, drains the bar to one dodge's worth and never below; releasing Shift refills it
ok 1 - sprint runs at 1.6× walk, drains the bar to one dodge's worth and never below; releasing Shift refills it
  ---
  duration_ms: 545.130722
  type: 'test'
  ...
# Subtest: the dodge is 3 tiles in 0.25 s in the movement direction (or the facing), on a 1 s cooldown, costing a quarter of the bar
ok 2 - the dodge is 3 tiles in 0.25 s in the movement direction (or the facing), on a 1 s cooldown, costing a quarter of the bar
  ---
  duration_ms: 104.035279
  type: 'test'
  ...
# Subtest: a walk-here target survives a key release and is cancelled by any WASD input; a dodge cancels it too
ok 3 - a walk-here target survives a key release and is cancelled by any WASD input; a dodge cancels it too
  ---
  duration_ms: 82.9742
  type: 'test'
  ...
# Subtest: the rifle aimed at empty street spends a round a shot and hits nothing; aimed at an engaged edge it kills what the turrets missed, draws retaliation and counts as danger
ok 4 - the rifle aimed at empty street spends a round a shot and hits nothing; aimed at an engaged edge it kills what the turrets missed, draws retaliation and counts as danger
  ---
  duration_ms: 173.22069
  type: 'test'
  ...
# Subtest: legacy defaults retain their identity; campaign schema rejects mixed rules, metadata, candidates and evidence
ok 5 - legacy defaults retain their identity; campaign schema rejects mixed rules, metadata, candidates and evidence
  ---
  duration_ms: 832.942611
  type: 'test'
  ...
# Subtest: campaign has no legacy ammo ring, wake blooms, automatic attacks, claims or passive territory loss; clock and load continuation agree
ok 6 - campaign has no legacy ammo ring, wake blooms, automatic attacks, claims or passive territory loss; clock and load continuation agree
  ---
  duration_ms: 2144.595512
  type: 'test'
  ...
# Subtest: cul-de-sac across seeds has exactly one four-tile entrance, shared collision, reachable supplies/resources and buildable factory space
ok 7 - cul-de-sac across seeds has exactly one four-tile entrance, shared collision, reachable supplies/resources and buildable factory space
  ---
  duration_ms: 4155.746921
  type: 'test'
  ...
# Subtest: campaign session, share/load identity, replay and browser save slots remain isolated from legacy sessions
ok 8 - campaign session, share/load identity, replay and browser save slots remain isolated from legacy sessions
  ---
  duration_ms: 912.559205
  type: 'test'
  ...
# Subtest: paid walls block walking, retain their footprint on defeat, and repair consumes materials once through save/load
ok 9 - paid walls block walking, retain their footprint on defeat, and repair consumes materials once through save/load
  ---
  duration_ms: 1290.286981
  type: 'test'
  ...
# Subtest: one dawn lock coalesces restorations; later nominations wait and a late ending preserves two full quiet cycles
ok 10 - one dawn lock coalesces restorations; later nominations wait and a late ending preserves two full quiet cycles
  ---
  duration_ms: 1349.225661
  type: 'test'
  ...
# Subtest: a powered radio receives the real lock; outages retain it and never reroll the target
ok 11 - a powered radio receives the real lock; outages retain it and never reroll the target
  ---
  duration_ms: 391.606169
  type: 'test'
  ...
# Subtest: minor opportunities are shared, finite and suppressed during major combat and recovery without catch-up
ok 12 - minor opportunities are shared, finite and suppressed during major combat and recovery without catch-up
  ---
  duration_ms: 313.698473
  type: 'test'
  ...
# Subtest: unopposed major crawlers follow the home mouth, defeat its core and physically withdraw before paid recovery
ok 13 - unopposed major crawlers follow the home mouth, defeat its core and physically withdraw before paid recovery
  ---
  duration_ms: 702.023861
  type: 'test'
  ...
# Subtest: a sealed court is breached through a player wall instead of losing pathfinding; turret defeat preserves its ammo
ok 14 - a sealed court is breached through a player wall instead of losing pathfinding; turret defeat preserves its ammo
  ---
  duration_ms: 659.144517
  type: 'test'
  ...
# Subtest: ruin guards stay at their own sites and never join the base assault
ok 15 - ruin guards stay at their own sites and never join the base assault
  ---
  duration_ms: 468.64892
  type: 'test'
  ...
# Subtest: ordinary paid and hand-supplied turrets hold the complete finite major roster without the rifle
ok 16 - ordinary paid and hand-supplied turrets hold the complete finite major roster without the rifle
  ---
  duration_ms: 987.500017
  type: 'test'
  ...
# Subtest: old previews gain a preparation interval; malformed schedules, health and orphaned bodies are refused
ok 17 - old previews gain a preparation interval; malformed schedules, health and orphaned bodies are refused
  ---
  duration_ms: 735.324688
  type: 'test'
  ...
# Subtest: ordinary paid defence commands replay from the same fresh campaign factory
ok 18 - ordinary paid defence commands replay from the same fresh campaign factory
  ---
  duration_ms: 787.113288
  type: 'test'
  ...
# {"seed":3,"ticks":388,"commands":75,"recoveredAt":17,"hash":"b14d936b"}
# Subtest: the marked workshop side yard is seeded, reachable, optional, and clear of essential routes across seeds
ok 19 - the marked workshop side yard is seeded, reachable, optional, and clear of essential routes across seeds
  ---
  duration_ms: 5657.118847
  type: 'test'
  ...
# Subtest: guardian telegraphs every strike, accepts a dodge, leaves a downed engineer, and saves mid-windup
ok 20 - guardian telegraphs every strike, accepts a dodge, leaves a downed engineer, and saves mid-windup
  ---
  duration_ms: 566.306223
  type: 'test'
  ...
# Subtest: the guardian returns at its bounded leash and workshop restoration does not retire it
ok 21 - the guardian returns at its bounded leash and workshop restoration does not retire it
  ---
  duration_ms: 437.619516
  type: 'test'
  ...
# Subtest: a supplied paid turret defeats the guardian without reflex combat; the site reward is once-only, not a drop
ok 22 - a supplied paid turret defeats the guardian without reflex combat; the site reward is once-only, not a drop
  ---
  duration_ms: 841.626332
  type: 'test'
  ...
# Subtest: field repair retains material costs, paid pauses and existing job duration, including core recovery
ok 23 - field repair retains material costs, paid pauses and existing job duration, including core recovery
  ---
  duration_ms: 339.163252
  type: 'test'
  ...
# Subtest: old previews add one deferred guardian; malformed or missing current reward state is rejected
ok 24 - old previews add one deferred guardian; malformed or missing current reward state is rejected
  ---
  duration_ms: 703.802994
  type: 'test'
  ...
# Subtest: fresh campaign reaches and recovers the discovery through ordinary commands, then replays and reloads identically
ok 25 - fresh campaign reaches and recovers the discovery through ordinary commands, then replays and reloads identically
  ---
  duration_ms: 1908.821529
  type: 'test'
  ...
# Subtest: the records can be recovered by drawing the living guardian away, with no kill requirement
ok 26 - the records can be recovered by drawing the living guardian away, with no kill requirement
  ---
  duration_ms: 219.807076
  type: 'test'
  ...
# Subtest: a paid missed rifle round attracts the workshop guardian even when the engineer stands still
ok 27 - a paid missed rifle round attracts the workshop guardian even when the engineer stands still
  ---
  duration_ms: 204.775669
  type: 'test'
  ...
# Subtest: district sites and specialised sources are reachable, distinct and persistent across seeds and saves
ok 28 - district sites and specialised sources are reachable, distinct and persistent across seeds and saves
  ---
  duration_ms: 3210.630414
  type: 'test'
  ...
# Subtest: powered extraction produces into real local storage without depletion or hand mining; outages stop it
ok 29 - powered extraction produces into real local storage without depletion or hand mining; outages stop it
  ---
  duration_ms: 809.793774
  type: 'test'
  ...
# Subtest: workshop consumes local supplies at its powered rate, pauses during attacks/outages, and preserves repairs through saves
ok 30 - workshop consumes local supplies at its powered rate, pauses during attacks/outages, and preserves repairs through saves
  ---
  duration_ms: 761.15597
  type: 'test'
  ...
# Subtest: fresh campaign pays for both stations and the workshop through logged commands that replay identically
ok 31 - fresh campaign pays for both stations and the workshop through logged commands that replay identically
  ---
  duration_ms: 585.155378
  type: 'test'
  ...
# Subtest: paid three-base tram route reserves onward supply, returns district goods and requires repeated actual home deliveries for shorter rest
ok 32 - paid three-base tram route reserves onward supply, returns district goods and requires repeated actual home deliveries for shorter rest
  ---
  duration_ms: 1950.831423
  type: 'test'
  ...
# Subtest: old district-free previews upgrade once without moving the promised assault or duplicating sources
ok 33 - old district-free previews upgrade once without moving the promised assault or duplicating sources
  ---
  duration_ms: 535.314579
  type: 'test'
  ...
# Subtest: known threat navigation never exposes an offline network target or reuses a different assault warning
ok 34 - known threat navigation never exposes an offline network target or reuses a different assault warning
  ---
  duration_ms: 1132.169424
  type: 'test'
  ...
# Subtest: home guarantee and current minor raid remain actionable during a future major warning
ok 35 - home guarantee and current minor raid remain actionable during a future major warning
  ---
  duration_ms: 335.888362
  type: 'test'
  ...
# Subtest: immediate wall breach uses the damage tick decision, including blocked withdrawal and saved continuation
ok 36 - immediate wall breach uses the damage tick decision, including blocked withdrawal and saved continuation
  ---
  duration_ms: 672.490628
  type: 'test'
  ...
# Subtest: nearby turret attack and engineer contact supersede the strategic core and match real damage
ok 37 - nearby turret attack and engineer contact supersede the strategic core and match real damage
  ---
  duration_ms: 251.282112
  type: 'test'
  ...
# Subtest: post-lock paid structures or player presence reroute staging on the same approach across three bases and holdout seeds
ok 38 - post-lock paid structures or player presence reroute staging on the same approach across three bases and holdout seeds
  ---
  duration_ms: 10939.889953
  type: 'test'
  ...
# Subtest: no staging ground explicitly defers without losing roster, resumes after paid obstruction removal, and reloads deterministically
ok 39 - no staging ground explicitly defers without losing roster, resumes after paid obstruction removal, and reloads deterministically
  ---
  duration_ms: 1492.381813
  type: 'test'
  ...
# Subtest: staging fallback preserves received radio precision and a locked remote target through an outage and load
ok 40 - staging fallback preserves received radio precision and a locked remote target through an outage and load
  ---
  duration_ms: 381.485295
  type: 'test'
  ...
# Subtest: withdrawing bodies breach a newly blocked birth tile and prevent recovery or rest completion until they physically exit
ok 41 - withdrawing bodies breach a newly blocked birth tile and prevent recovery or rest completion until they physically exit
  ---
  duration_ms: 1037.083043
  type: 'test'
  ...
# Subtest: minor withdrawal at dusk is physical, saved and exclusive with the major roster
ok 42 - minor withdrawal at dusk is physical, saved and exclusive with the major roster
  ---
  duration_ms: 975.93842
  type: 'test'
  ...
# Subtest: restoration ties, disabled targets, recommissioning and post-lock nominations retain one promised schedule through saves
ok 43 - restoration ties, disabled targets, recommissioning and post-lock nominations retain one promised schedule through saves
  ---
  duration_ms: 1590.578
  type: 'test'
  ...
# Subtest: old defence saves retain attacks and paid jobs while incompatible old command histories stop claiming full replay
ok 44 - old defence saves retain attacks and paid jobs while incompatible old command histories stop claiming full replay
  ---
  duration_ms: 418.841444
  type: 'test'
  ...
# Subtest: pursuit discards an attack waypoint before walking away and remains valid across saved continuation
ok 45 - pursuit discards an attack waypoint before walking away and remains valid across saved continuation
  ---
  duration_ms: 545.725821
  type: 'test'
  ...
# Subtest: paid obstruction, ordinary walking and the resulting assault replay from a declared pre-dusk checkpoint
ok 46 - paid obstruction, ordinary walking and the resulting assault replay from a declared pre-dusk checkpoint
  ---
  duration_ms: 1465.220901
  type: 'test'
  ...
# Subtest: save validation refuses mismatched body targets, duplicate identities, lost roster entries and invalid delay/withdrawal metadata
ok 47 - save validation refuses mismatched body targets, duplicate identities, lost roster entries and invalid delay/withdrawal metadata
  ---
  duration_ms: 235.587924
  type: 'test'
  ...
# Subtest: fresh origins and same-approach fallback exist across all base positions on seeds 1–32
ok 48 - fresh origins and same-approach fallback exist across all base positions on seeds 1–32
  ---
  duration_ms: 16067.599223
  type: 'test'
  ...
# Subtest: every preset validates on seeds 3–5 within the attempt budget
ok 49 - every preset validates on seeds 3–5 within the attempt budget
  ---
  duration_ms: 4061.1639
  type: 'test'
  ...
# Subtest: geometry invariants: lots are land, fronts face a street, neighbours are symmetric, segments match adjacency
ok 50 - geometry invariants: lots are land, fronts face a street, neighbours are symmetric, segments match adjacency
  ---
  duration_ms: 29.00036
  type: 'test'
  ...
# Subtest: city seed 3: generator summary matches the fixture
ok 51 - city seed 3: generator summary matches the fixture
  ---
  duration_ms: 1.126777
  type: 'test'
  ...
# Subtest: city seed 3 compact: 5-hour run matches the fixture
ok 52 - city seed 3 compact: 5-hour run matches the fixture
  ---
  duration_ms: 291.557712
  type: 'test'
  ...
# Subtest: city seed 3 balanced: 5-hour run matches the fixture
ok 53 - city seed 3 balanced: 5-hour run matches the fixture
  ---
  duration_ms: 203.770357
  type: 'test'
  ...
# Subtest: city seed 3 spike: 5-hour run matches the fixture
ok 54 - city seed 3 spike: 5-hour run matches the fixture
  ---
  duration_ms: 145.39221
  type: 'test'
  ...
# Subtest: city seed 3 cheapest: 5-hour run matches the fixture
ok 55 - city seed 3 cheapest: 5-hour run matches the fixture
  ---
  duration_ms: 104.450652
  type: 'test'
  ...
# Subtest: city seed 3 compact-walk: 5-hour run matches the fixture
ok 56 - city seed 3 compact-walk: 5-hour run matches the fixture
  ---
  duration_ms: 230.91112
  type: 'test'
  ...
# Subtest: city seed 4: generator summary matches the fixture
ok 57 - city seed 4: generator summary matches the fixture
  ---
  duration_ms: 0.680073
  type: 'test'
  ...
# Subtest: city seed 4 compact: 5-hour run matches the fixture
ok 58 - city seed 4 compact: 5-hour run matches the fixture
  ---
  duration_ms: 97.532351
  type: 'test'
  ...
# Subtest: city seed 4 balanced: 5-hour run matches the fixture
ok 59 - city seed 4 balanced: 5-hour run matches the fixture
  ---
  duration_ms: 99.130302
  type: 'test'
  ...
# Subtest: city seed 4 spike: 5-hour run matches the fixture
ok 60 - city seed 4 spike: 5-hour run matches the fixture
  ---
  duration_ms: 93.288515
  type: 'test'
  ...
# Subtest: city seed 4 cheapest: 5-hour run matches the fixture
ok 61 - city seed 4 cheapest: 5-hour run matches the fixture
  ---
  duration_ms: 89.421273
  type: 'test'
  ...
# Subtest: city seed 4 compact-walk: 5-hour run matches the fixture
ok 62 - city seed 4 compact-walk: 5-hour run matches the fixture
  ---
  duration_ms: 122.266802
  type: 'test'
  ...
# Subtest: city seed 5: generator summary matches the fixture
ok 63 - city seed 5: generator summary matches the fixture
  ---
  duration_ms: 0.309621
  type: 'test'
  ...
# Subtest: city seed 5 compact: 5-hour run matches the fixture
ok 64 - city seed 5 compact: 5-hour run matches the fixture
  ---
  duration_ms: 81.335758
  type: 'test'
  ...
# Subtest: city seed 5 balanced: 5-hour run matches the fixture
ok 65 - city seed 5 balanced: 5-hour run matches the fixture
  ---
  duration_ms: 86.440592
  type: 'test'
  ...
# Subtest: city seed 5 spike: 5-hour run matches the fixture
ok 66 - city seed 5 spike: 5-hour run matches the fixture
  ---
  duration_ms: 108.33424
  type: 'test'
  ...
# Subtest: city seed 5 cheapest: 5-hour run matches the fixture
ok 67 - city seed 5 cheapest: 5-hour run matches the fixture
  ---
  duration_ms: 97.447298
  type: 'test'
  ...
# Subtest: city seed 5 compact-walk: 5-hour run matches the fixture
ok 68 - city seed 5 compact-walk: 5-hour run matches the fixture
  ---
  duration_ms: 137.675295
  type: 'test'
  ...
# Subtest: one path: the map previews and charges nothing; a pole run claims nothing; the materials are delivered once and consumed once at Activate; one claim event and one wake bloom carry the attempt's id; a second Activate is refused; the ledger balances
ok 69 - one path: the map previews and charges nothing; a pole run claims nothing; the materials are delivered once and consumed once at Activate; one claim event and one wake bloom carry the attempt's id; a second Activate is refused; the ledger balances
  ---
  duration_ms: 1270.623343
  type: 'test'
  ...
# Subtest: prerequisites: the installation names the missing one, in order — adjacency, the substation, the pole run, a substation that is off, the grid's supply, the materials, reach, the engineer down
ok 70 - prerequisites: the installation names the missing one, in order — adjacency, the substation, the pole run, a substation that is off, the grid's supply, the materials, reach, the engineer down
  ---
  duration_ms: 903.120226
  type: 'test'
  ...
# Subtest: the outskirts: the Substation is field kit — refused until a neighbour is Held, then stands on the unheld outskirts lot (paid from the pockets, D-B3-1), the block stays Dark, and it is the installation the claim delivers to
ok 71 - the outskirts: the Substation is field kit — refused until a neighbour is Held, then stands on the unheld outskirts lot (paid from the pockets, D-B3-1), the block stays Dark, and it is the installation the claim delivers to
  ---
  duration_ms: 710.376804
  type: 'test'
  ...
# Subtest: field kit: a Lamp on the Dark front is off until a connected pole reaches it, then lit on real demand; a turret there is not off; an Assembler is refused; a belt on a far Dark block is refused; nothing marks the block Held
ok 72 - field kit: a Lamp on the Dark front is off until a connected pole reaches it, then lit on real demand; a turret there is not off; an Assembler is refused; a belt on a far Dark block is refused; nothing marks the block Held
  ---
  duration_ms: 707.90143
  type: 'test'
  ...
# Subtest: save / replay: the hour bot's physical claim (poles, deliver, Activate) logged at 14:00 replays from a save to the unbroken run's hash at 16:00, with east commissioned by the physical path
ok 73 - save / replay: the hour bot's physical claim (poles, deliver, Activate) logged at 14:00 replays from a save to the unbroken run's hash at 16:00, with east commissioned by the physical path
  ---
  duration_ms: 1483.130845
  type: 'test'
  ...
# Subtest: construction: continuous corner path is one paid group; undo and redo conserve and keep simulation time
ok 74 - construction: continuous corner path is one paid group; undo and redo conserve and keep simulation time
  ---
  duration_ms: 829.394329
  type: 'test'
  ...
# Subtest: construction: invalid, partially obstructed, unaffordable and out-of-reach groups have no partial effects
ok 75 - construction: invalid, partially obstructed, unaffordable and out-of-reach groups have no partial effects
  ---
  duration_ms: 910.45897
  type: 'test'
  ...
# Subtest: construction: removal history restores settings but leaves recovered contents in pockets; earlier undo still works
ok 76 - construction: removal history restores settings but leaves recovered contents in pockets; earlier undo still works
  ---
  duration_ms: 674.950425
  type: 'test'
  ...
# Subtest: construction: current contents, damage, full pockets, occupied undo sites and down state are respected
ok 77 - construction: current contents, damage, full pockets, occupied undo sites and down state are respected
  ---
  duration_ms: 470.809646
  type: 'test'
  ...
# Subtest: construction: rotation, bounded history, new-branch redo clearing, save validation and continuation
ok 78 - construction: rotation, bounded history, new-branch redo clearing, save validation and continuation
  ---
  duration_ms: 1449.438418
  type: 'test'
  ...
# Subtest: construction: paused UI dispatch flushes pending inputs once and a saved command stream replays exactly
ok 79 - construction: paused UI dispatch flushes pending inputs once and a saved command stream replays exactly
  ---
  duration_ms: 997.966908
  type: 'test'
  ...
# Subtest: construction: packing refuses an unfinished recipe, fractional stock or loose-round overflow atomically
ok 80 - construction: packing refuses an unfinished recipe, fractional stock or loose-round overflow atomically
  ---
  duration_ms: 383.331186
  type: 'test'
  ...
# Subtest: construction controls: build catalogue and hotkeys share references; modified history keys do not collide with tools
ok 81 - construction controls: build catalogue and hotkeys share references; modified history keys do not collide with tools
  ---
  duration_ms: 0.800203
  type: 'test'
  ...
# Subtest: HQ start (D-P4-8): six turrets with full hoppers, a Generator with 40 coal and 40 more in the chest, 20 magazines in the chest; every pip green from the first tick
ok 82 - HQ start (D-P4-8): six turrets with full hoppers, a Generator with 40 coal and 40 more in the chest, 20 magazines in the chest; every pip green from the first tick
  ---
  duration_ms: 128.185977
  type: 'test'
  ...
# Subtest: feeding: an inserter fills a turret from a belt of magazines to its 50-round hopper and waits; hand-feeding fills it from the pockets at once (prompt B M3); the pip follows
ok 83 - feeding: an inserter fills a turret from a belt of magazines to its 50-round hopper and waits; hand-feeding fills it from the pockets at once (prompt B M3); the pip follows
  ---
  duration_ms: 41.931687
  type: 'test'
  ...
# Subtest: engagement: crawlers drain the turrets fullest-first at 5 rounds/s each; a rush past the rate goes unfed; the hopper-empty event fires on the same tick the pip turns red
ok 84 - engagement: crawlers drain the turrets fullest-first at 5 rounds/s each; a rush past the rate goes unfed; the hopper-empty event fires on the same tick the pip turns red
  ---
  duration_ms: 19.367953
  type: 'test'
  ...
# Subtest: Generator: 300 kW, 4 MJ a coal — the start's 40 coal last 533 s at full load; a dry Generator kills the grid until hand-fed
ok 85 - Generator: 300 kW, 4 MJ a coal — the start's 40 coal last 533 s at full load; a dry Generator kills the grid until hand-fed
  ---
  duration_ms: 113.491132
  type: 'test'
  ...
# Subtest: D-B3-4 proportional brownout: short of supply every machine runs at supply ÷ demand — the Excavator mines that much slower, the Lamp stays lit, the substation stays on, nothing switches off — and full speed returns the second the supply covers demand
ok 86 - D-B3-4 proportional brownout: short of supply every machine runs at supply ÷ demand — the Excavator mines that much slower, the Lamp stays lit, the substation stays on, nothing switches off — and full speed returns the second the supply covers demand
  ---
  duration_ms: 59.458851
  type: 'test'
  ...
# Subtest: lamps and streetlights: radius 4, lit while the substation powers; three in eight streetlights are broken; a Lamp fills a dark spot
ok 87 - lamps and streetlights: radius 4, lit while the substation powers; three in eight streetlights are broken; a Lamp fills a dark spot
  ---
  duration_ms: 32.443499
  type: 'test'
  ...
# Subtest: poles: reach 8 from a claimed substation; RI-03: a connected run that reaches a Dark neighbour's substation claims nothing — the block waits for its materials and an explicit Activate; a map claim still strings its own poles (legacy)
ok 88 - poles: reach 8 from a claimed substation; RI-03: a connected run that reaches a Dark neighbour's substation claims nothing — the block waits for its materials and an explicit Activate; a map claim still strings its own poles (legacy)
  ---
  duration_ms: 46.458308
  type: 'test'
  ...
# Subtest: a flow layer saved before M3 loads with the M3 fields; placement refuses the substation footprint
ok 89 - a flow layer saved before M3 loads with the M3 fields; placement refuses the substation footprint
  ---
  duration_ms: 33.208508
  type: 'test'
  ...
# Subtest: the bot's hands: every turret at or under half and every Generator at or under half is hand-fed from the Depot
ok 90 - the bot's hands: every turret at or under half and every Generator at or under half is hand-fed from the Depot
  ---
  duration_ms: 27.572484
  type: 'test'
  ...
# Subtest: city HQ (D-B1-4): the start turrets are derived from the HQ's segments — one per 16 tiles, at least one a segment, a corner sliver served by the turrets that reach it — so every live segment is a covered turret edge on seeds 3, 4 and 5, and the HQ holds three minutes with no hopper empty
ok 91 - city HQ (D-B1-4): the start turrets are derived from the HQ's segments — one per 16 tiles, at least one a segment, a corner sliver served by the turrets that reach it — so every live segment is a covered turret edge on seeds 3, 4 and 5, and the HQ holds three minutes with no hopper empty
  ---
  duration_ms: 1468.311029
  type: 'test'
  ...
# Subtest: unlocks: the Electricians' Floodlight, Big pole and Substation are locked until their block turns Held, the held event names them, and losing the block later keeps them
ok 92 - unlocks: the Electricians' Floodlight, Big pole and Substation are locked until their block turns Held, the held event names them, and losing the block later keeps them
  ---
  duration_ms: 145.288264
  type: 'test'
  ...
# Subtest: Floodlight: 2×2, 40 kW, lights a 12-tile 60° cone along its facing while the face is powered, and nothing behind or beside it
ok 93 - Floodlight: 2×2, 40 kW, lights a 12-tile 60° cone along its facing while the face is powered, and nothing behind or beside it
  ---
  duration_ms: 64.769879
  type: 'test'
  ...
# Subtest: Big pole: 2×2, reach 12 — it hangs from a substation a pole at the same distance cannot reach, and claims through poleClaims like a pole
ok 94 - Big pole: 2×2, reach 12 — it hangs from a substation a pole at the same distance cannot reach, and claims through poleClaims like a pole
  ---
  duration_ms: 52.538304
  type: 'test'
  ...
# Subtest: craftable Substation: an outskirts face has none (§7) — no slab, no streetlights, no pole anchor — until the Electricians' 3×3 is built on it; one a face; picked up, the face is bare again
ok 95 - craftable Substation: an outskirts face has none (§7) — no slab, no streetlights, no pole anchor — until the Electricians' 3×3 is built on it; one a face; picked up, the face is bare again
  ---
  duration_ms: 56.861665
  type: 'test'
  ...
# Subtest: defence observation preserves ordinary commands, clock, live raid and replay
ok 96 - defence observation preserves ordinary commands, clock, live raid and replay
  ---
  duration_ms: 3288.21533
  type: 'test'
  ...
# Subtest: time away from home uses elapsed ticks rather than count of fractional samples
ok 97 - time away from home uses elapsed ticks rather than count of fractional samples
  ---
  duration_ms: 290.069742
  type: 'test'
  ...
# Subtest: seed 8 survey avoids forbidden street tiles and supports a paid three-stop line from ordinary stock
ok 98 - seed 8 survey avoids forbidden street tiles and supports a paid three-stop line from ordinary stock
  ---
  duration_ms: 1558.857973
  type: 'test'
  ...
# Subtest: every street segment has an emergence point per direction: a walkable kerb tile of the emerging block (a street tile facing it), ids 1..N in (block, other) order, identical on a rebuilt state, one for every ring edge
ok 99 - every street segment has an emergence point per direction: a walkable kerb tile of the emerging block (a street tile facing it), ids 1..N in (block, other) order, identical on a rebuilt state, one for every ring edge
  ---
  duration_ms: 983.13824
  type: 'test'
  ...
# Subtest: active points are the Dark blocks' points facing a Held or contested block: at the start the HQ's dark neighbours, never a Held block's own; a block turning Held goes quiet
ok 100 - active points are the Dark blocks' points facing a Held or contested block: at the start the HQ's dark neighbours, never a Held block's own; a block turning Held goes quiet
  ---
  duration_ms: 59.143139
  type: 'test'
  ...
# Subtest: births: every crawler is born at its emergence point's birth tile on the Dark block's kerb — never on a tile the Held block owns or faces — with its origin id; once moving it has a heading and an inspectable target on the block it walks into; a shade leaves a trace
ok 101 - births: every crawler is born at its emergence point's birth tile on the Dark block's kerb — never on a tile the Held block owns or faces — with its origin id; once moving it has a heading and an inspectable target on the block it walks into; a shade leaves a trace
  ---
  duration_ms: 297.44253
  type: 'test'
  ...
# Subtest: a shade's trace: the tiles it crossed within TRACE_S, aged, at most TRACE_N; shadeNear finds it for the lamp flicker; the light layer is untouched by a trace
ok 102 - a shade's trace: the tiles it crossed within TRACE_S, aged, at most TRACE_N; shadeNear finds it for the lamp flicker; the light layer is untouched by a trace
  ---
  duration_ms: 82.198217
  type: 'test'
  ...
# Subtest: second area is reachable across seeds; restoration costs, local power, radio and once-only kit survive saves
ok 103 - second area is reachable across seeds; restoration costs, local power, radio and once-only kit survive saves
  ---
  duration_ms: 4944.664072
  type: 'test'
  ...
# Subtest: fresh paid expedition lays its generated kit and moves reserved freight between independently powered bases
ok 104 - fresh paid expedition lays its generated kit and moves reserved freight between independently powered bases
  ---
  duration_ms: 1386.886819
  type: 'test'
  ...
# Subtest: old home preview upgrades deterministically without granting a kit; malformed expansion metadata is rejected
ok 105 - old home preview upgrades deterministically without granting a kit; malformed expansion metadata is rejected
  ---
  duration_ms: 661.789119
  type: 'test'
  ...
# Subtest: physical pole links power a remote installation and picking them up disconnects it
ok 106 - physical pole links power a remote installation and picking them up disconnects it
  ---
  duration_ms: 295.077752
  type: 'test'
  ...
# Subtest: upgrading a home-only save preserves the save but labels its old log as incomplete for the new campaign factory
ok 107 - upgrading a home-only save preserves the save but labels its old log as incomplete for the new campaign factory
  ---
  duration_ms: 323.063318
  type: 'test'
  ...
# Subtest: factory blueprint validates structure, rectangular occupancy, settings, paired endpoints and bounded input before issuing commands
ok 108 - factory blueprint validates structure, rectangular occupancy, settings, paired endpoints and bounded input before issuing commands
  ---
  duration_ms: 740.303537
  type: 'test'
  ...
# Subtest: a blueprint walks and pays from ordinary stock, keeps the engineer clear, and replays all construction/settings from a fresh campaign
ok 109 - a blueprint walks and pays from ordinary stock, keeps the engineer clear, and replays all construction/settings from a fresh campaign
  ---
  duration_ms: 1187.371716
  type: 'test'
  ...
# Subtest: failed blueprint retains only paid completed work and reports the failing entity; invalid replay intervals are rejected
ok 110 - failed blueprint retains only paid completed work and reports the failing entity; invalid replay intervals are rejected
  ---
  duration_ms: 539.192184
  type: 'test'
  ...
# Subtest: the seeded copper margin is mined and stored by ordinary commands before a paid extraction layout is built
ok 111 - the seeded copper margin is mined and stored by ordinary commands before a paid extraction layout is built
  ---
  duration_ms: 15247.245611
  type: 'test'
  ...
# Subtest: the HQ lot: §11 patches, a clear Depot footprint, the Depot placed by ensureFlow, the Mk1 stand-in retired
ok 112 - the HQ lot: §11 patches, a clear Depot footprint, the Depot placed by ensureFlow, the Mk1 stand-in retired
  ---
  duration_ms: 162.876402
  type: 'test'
  ...
# Subtest: Excavator: 0.5 units/s onto the belt it faces, one tile at a time; the steel patch and the tile go with it
ok 113 - Excavator: 0.5 units/s onto the belt it faces, one tile at a time; the steel patch and the tile go with it
  ---
  duration_ms: 153.025036
  type: 'test'
  ...
# Subtest: belt: 7.5 items/s through a 12-tile run with a corner; items keep their spacing; a head-on belt does not feed
ok 114 - belt: 7.5 items/s through a 12-tile run with a corner; items keep their spacing; a head-on belt does not feed
  ---
  duration_ms: 88.205864
  type: 'test'
  ...
# Subtest: inserter: 1 item/s from a belt into the Depot; it waits with the item when the target is full
ok 115 - inserter: 1 item/s from a belt into the Depot; it waits with the item when the target is full
  ---
  duration_ms: 64.878471
  type: 'test'
  ...
# Subtest: Shot assembler: 3 s a magazine (20/min) from 2 steel + 1 Cu, out through an inserter into the Depot
ok 116 - Shot assembler: 3 s a magazine (20/min) from 2 steel + 1 Cu, out through an inserter into the Depot
  ---
  duration_ms: 57.57136
  type: 'test'
  ...
# Subtest: a whole line: two Excavators → belt → assembler ← copper; magazines to the Depot at the doc rate
ok 117 - a whole line: two Excavators → belt → assembler ← copper; magazines to the Depot at the doc rate
  ---
  duration_ms: 121.194504
  type: 'test'
  ...
# Subtest: time: 20 tile ticks a block tick; 1 h at 4× is 72,000 tile ticks; determinism across frame sizes; JSON round trip
ok 118 - time: 20 tile ticks a block tick; 1 h at 4× is 72,000 tile ticks; determinism across frame sizes; JSON round trip
  ---
  duration_ms: 646.73733
  type: 'test'
  ...
# Subtest: placement: Held cells only, streets for belts and inserters, no rubble under anything but an Excavator, costs and refunds
ok 119 - placement: Held cells only, streets for belts and inserters, no rubble under anything but an Excavator, costs and refunds
  ---
  duration_ms: 36.661447
  type: 'test'
  ...
# Subtest: the block map stays the judge: a machine on a block that stops being Held stands still
ok 120 - the block map stays the judge: a machine on a block that stops being Held stands still
  ---
  duration_ms: 25.172887
  type: 'test'
  ...
# Subtest: hands: mining a unit a second into the pockets within reach, and only then; the chest takes them within reach of the Depot; crafting a magazine in the recipe's time (Mk1, 6 s) from the pockets into the pockets
ok 121 - hands: mining a unit a second into the pockets within reach, and only then; the chest takes them within reach of the Depot; crafting a magazine in the recipe's time (Mk1, 6 s) from the pockets into the pockets
  ---
  duration_ms: 13.329532
  type: 'test'
  ...
# Subtest: three stations reserve only their own deliveries; stock and in-flight reservations prevent double ordering across trams; exports return upstream
ok 122 - three stations reserve only their own deliveries; stock and in-flight reservations prevent double ordering across trams; exports return upstream
  ---
  duration_ms: 428.202289
  type: 'test'
  ...
# Subtest: capacity is reserved across all items and trams; partial refusal returns the remainder without losing it
ok 123 - capacity is reserved across all items and trams; partial refusal returns the remainder without losing it
  ---
  duration_ms: 105.649992
  type: 'test'
  ...
# Subtest: unpowered stops retain cargo with bounded service; a refused destination returns home, and removal of either endpoint remains recoverable
ok 124 - unpowered stops retain cargo with bounded service; a refused destination returns home, and removal of either endpoint remains recoverable
  ---
  duration_ms: 70.199294
  type: 'test'
  ...
# Subtest: a mid-shipment save resumes to the same hash; old saves stay version one and invalid manifests are rejected
ok 125 - a mid-shipment save resumes to the same hash; old saves stay version one and invalid manifests are rejected
  ---
  duration_ms: 131.222917
  type: 'test'
  ...
# Subtest: names: every block has a stable, unique, state-free name; the HQ is "HQ"; the rail yard is named; the §11 directions are three distinct HQ neighbours
ok 126 - names: every block has a stable, unique, state-free name; the HQ is "HQ"; the rail yard is named; the §11 directions are three distinct HQ neighbours
  ---
  duration_ms: 4780.818868
  type: 'test'
  ...
# Subtest: goal: a fresh city asks for hand-mined steel; a block-only state asks for the front; every id shown in 20 minutes is a §11 row in schedule order and never wrong against the state
ok 127 - goal: a fresh city asks for hand-mined steel; a block-only state asks for the front; every id shown in 20 minutes is a §11 row in schedule order and never wrong against the state
  ---
  duration_ms: 1406.287181
  type: 'test'
  ...
# Subtest: machineStatus: one of five words with a reason; the line at minute 10 has running Excavators, and an unpowered block reads off
ok 128 - machineStatus: one of five words with a reason; the line at minute 10 has running Excavators, and an unpowered block reads off
  ---
  duration_ms: 581.117719
  type: 'test'
  ...
# Subtest: save: the hash ignores only the transients, a load validates and deep-copies, and a save at 1:30 replays to the unbroken run's hash at 3:00
ok 129 - save: the hash ignores only the transients, a load validates and deep-copies, and a save at 1:30 replays to the unbroken run's hash at 3:00
  ---
  duration_ms: 449.137579
  type: 'test'
  ...
# Subtest: RI-06: enableHeart puts the Heart on the rail yard with two feeder cabinets on the lot toward two Dark approaches, once
ok 130 - RI-06: enableHeart puts the Heart on the rail yard with two feeder cabinets on the lot toward two Dark approaches, once
  ---
  duration_ms: 1194.246053
  type: 'test'
  ...
# Subtest: RI-06: the cabinets take deliveries from the pockets and the installation refuses the Activate until both are supplied and powered
ok 131 - RI-06: the cabinets take deliveries from the pockets and the installation refuses the Activate until both are supplied and powered
  ---
  duration_ms: 66.298769
  type: 'test'
  ...
# Subtest: RI-06 (plan §9.4): the hour bot, rifle off, prepares the yard, starts the Heart and destroys it once; the reward is granted once
ok 132 - RI-06 (plan §9.4): the hour bot, rifle off, prepares the yard, starts the Heart and destroys it once; the reward is granted once
  ---
  duration_ms: 2216.644725
  type: 'test'
  ...
# Subtest: RI-06 (§9.2 defaults 9–11): a knocked-out feeder stalls the commissioning, 60 s stalls it to interrupted; deliveries and the charge stay, the retry charges nothing twice and keys its packets anew
ok 133 - RI-06 (§9.2 defaults 9–11): a knocked-out feeder stalls the commissioning, 60 s stalls it to interrupted; deliveries and the charge stay, the retry charges nothing twice and keys its packets anew
  ---
  duration_ms: 1874.276097
  type: 'test'
  ...
# Subtest: RI-06: a save mid-attempt reloads to the same hash and runs on to the same hash; the explicit abort works only while commissioning
ok 134 - RI-06: a save mid-attempt reloads to the same hash and runs on to the same hash; the explicit abort works only while commissioning
  ---
  duration_ms: 1704.466926
  type: 'test'
  ...
# Subtest: RI-06: a pole run reaching a cabinet is what "connected" means — removing it pauses the commissioning (no knock-out)
ok 135 - RI-06: a pole run reaching a cabinet is what "connected" means — removing it pauses the commissioning (no knock-out)
  ---
  duration_ms: 1280.3833
  type: 'test'
  ...
# Subtest: hour bot, minutes 0–8: walks to the steel patch, hand-mines, crafts at the workbench, walks magazines to the turrets on the ~6-minute red pip (D-P4-8)
ok 136 - hour bot, minutes 0–8: walks to the steel patch, hand-mines, crafts at the workbench, walks magazines to the turrets on the ~6-minute red pip (D-P4-8)
  ---
  duration_ms: 1045.605088
  type: 'test'
  ...
# Subtest: hour bot, minute 10: the three Excavators, the Shot line and Generator 2 stand on the HQ lot; every refusal is in the log with a reason
ok 137 - hour bot, minute 10: the three Excavators, the Shot line and Generator 2 stand on the HQ lot; every refusal is in the log with a reason
  ---
  duration_ms: 750.913978
  type: 'test'
  ...
# Subtest: hour bot, minute 45: east and west claimed at constants.HOUR's minutes (15:00, 25:00 — D-HOUR-1), walked over and kitted, north (65:00, D-P4-10 (a)) inside the 75-minute hour (D-HOUR-3) but not yet claimed at 45:00; the bot never teleports
ok 138 - hour bot, minute 45: east and west claimed at constants.HOUR's minutes (15:00, 25:00 — D-HOUR-1), walked over and kitted, north (65:00, D-P4-10 (a)) inside the 75-minute hour (D-HOUR-3) but not yet claimed at 45:00; the bot never teleports
  ---
  duration_ms: 3327.822439
  type: 'test'
  ...
# Subtest: hour report: the findings name every §11 moment that never happened, and the walking row is there
ok 139 - hour report: the findings name every §11 moment that never happened, and the walking row is there
  ---
  duration_ms: 106.682886
  type: 'test'
  ...
# Subtest: feed / repair / rotate commands: E and R by command, within reach only
ok 140 - feed / repair / rotate commands: E and R by command, within reach only
  ---
  duration_ms: 52.323665
  type: 'test'
  ...
# Subtest: replay: a logged hour-bot run replays to the same state, and the rifle-off replay yields a verdict per hand-fired fight
ok 141 - replay: a logged hour-bot run replays to the same state, and the rifle-off replay yields a verdict per hand-fired fight
  ---
  duration_ms: 2086.577307
  type: 'test'
  ...
# Subtest: hour bot: place and handFeed by hand agree with the bot's feed task on the same turret
ok 142 - hour bot: place and handFeed by hand agree with the bot's feed task on the same turret
  ---
  duration_ms: 50.044009
  type: 'test'
  ...
# Subtest: inspection: paid assembler exposes nominal recipe rates, completed production and conserved saved continuation
ok 143 - inspection: paid assembler exposes nominal recipe rates, completed production and conserved saved continuation
  ---
  duration_ms: 970.259592
  type: 'test'
  ...
# Subtest: inspection: recipe changes retain per-item observations; packing/rebuild resets only machine history
ok 144 - inspection: recipe changes retain per-item observations; packing/rebuild resets only machine history
  ---
  duration_ms: 336.615762
  type: 'test'
  ...
# Subtest: inspection: local circuits isolate remote supply, reflect brownout, fuel exhaustion and pole connection
ok 145 - inspection: local circuits isolate remote supply, reflect brownout, fuel exhaustion and pole connection
  ---
  duration_ms: 306.585853
  type: 'test'
  ...
# Subtest: inspection: belt blockage and inserter destination loss report the actual held state
ok 146 - inspection: belt blockage and inserter destination loss report the actual held state
  ---
  duration_ms: 243.739917
  type: 'test'
  ...
# Subtest: inspection: saved sample window is bounded, excludes pause time and rejects malformed observations
ok 147 - inspection: saved sample window is bounded, excludes pause time and rejects malformed observations
  ---
  duration_ms: 1130.884929
  type: 'test'
  ...
# Subtest: inspection: fresh campaign replay includes identical observations and readonly queries add no commands
ok 148 - inspection: fresh campaign replay includes identical observations and readonly queries add no commands
  ---
  duration_ms: 559.994016
  type: 'test'
  ...
# Subtest: conservation: the hour bot's first twenty minutes reconcile on seed 3 — and an injected item is reported
ok 149 - conservation: the hour bot's first twenty minutes reconcile on seed 3 — and an injected item is reported
  ---
  duration_ms: 2051.034327
  type: 'test'
  ...
# Subtest: conservation: a hand-played sequence — chest, craft, place, feed, pick-up, recipe change, hand mining — reconciles
ok 150 - conservation: a hand-played sequence — chest, craft, place, feed, pick-up, recipe change, hand mining — reconciles
  ---
  duration_ms: 100.452175
  type: 'test'
  ...
# Subtest: conservation: rounds a full line buffer cannot take back are counted lost, not dropped (stats.roundsLost)
ok 151 - conservation: rounds a full line buffer cannot take back are counted lost, not dropped (stats.roundsLost)
  ---
  duration_ms: 53.890821
  type: 'test'
  ...
# Subtest: light map: the HQ face's street is lit by its kerb streetlights, its lot is unlit beyond them, and the mask agrees with litAt everywhere
ok 152 - light map: the HQ face's street is lit by its kerb streetlights, its lot is unlit beyond them, and the mask agrees with litAt everywhere
  ---
  duration_ms: 689.071277
  type: 'test'
  ...
# Subtest: a Lamp lights its radius on the lot; a Floodlight its cone
ok 153 - a Lamp lights its radius on the lot; a Floodlight its cone
  ---
  duration_ms: 120.116252
  type: 'test'
  ...
# Subtest: burn-off: the claimed block's streetlights come on from the substation out at three a second; progress runs 0 → 1 over 20 + 60·d s and then the block is Held
ok 154 - burn-off: the claimed block's streetlights come on from the substation out at three a second; progress runs 0 → 1 over 20 + 60·d s and then the block is Held
  ---
  duration_ms: 102.015766
  type: 'test'
  ...
# Subtest: repair: E on a broken streetlight costs one copper and lights it; an eaten Lamp leaves the broken list; no copper refuses
ok 155 - repair: E on a broken streetlight costs one copper and lights it; an eaten Lamp leaves the broken list; no copper refuses
  ---
  duration_ms: 90.165021
  type: 'test'
  ...
# Subtest: seed 3 power doc-substations: 5-hour compact run matches the Python fixture
ok 156 - seed 3 power doc-substations: 5-hour compact run matches the Python fixture
  ---
  duration_ms: 264.217404
  type: 'test'
  ...
# Subtest: seed 3 power doc-machines-first: 5-hour compact run matches the Python fixture
ok 157 - seed 3 power doc-machines-first: 5-hour compact run matches the Python fixture
  ---
  duration_ms: 175.430509
  type: 'test'
  ...
# Subtest: seed 3 power half-substations: 5-hour compact run matches the Python fixture
ok 158 - seed 3 power half-substations: 5-hour compact run matches the Python fixture
  ---
  duration_ms: 130.23486
  type: 'test'
  ...
# Subtest: seed 3 power half-machines-first-grace300: 5-hour compact run matches the Python fixture
ok 159 - seed 3 power half-machines-first-grace300: 5-hour compact run matches the Python fixture
  ---
  duration_ms: 124.038392
  type: 'test'
  ...
# Subtest: seed 3 power schedule-doc: 5-hour compact run matches the Python fixture
ok 160 - seed 3 power schedule-doc: 5-hour compact run matches the Python fixture
  ---
  duration_ms: 129.154902
  type: 'test'
  ...
# Subtest: seed 4 power doc-substations: 5-hour compact run matches the Python fixture
ok 161 - seed 4 power doc-substations: 5-hour compact run matches the Python fixture
  ---
  duration_ms: 110.055992
  type: 'test'
  ...
# Subtest: seed 4 power doc-machines-first: 5-hour compact run matches the Python fixture
ok 162 - seed 4 power doc-machines-first: 5-hour compact run matches the Python fixture
  ---
  duration_ms: 104.16379
  type: 'test'
  ...
# Subtest: seed 4 power half-substations: 5-hour compact run matches the Python fixture
ok 163 - seed 4 power half-substations: 5-hour compact run matches the Python fixture
  ---
  duration_ms: 107.075117
  type: 'test'
  ...
# Subtest: seed 4 power half-machines-first-grace300: 5-hour compact run matches the Python fixture
ok 164 - seed 4 power half-machines-first-grace300: 5-hour compact run matches the Python fixture
  ---
  duration_ms: 114.723983
  type: 'test'
  ...
# Subtest: seed 4 power schedule-doc: 5-hour compact run matches the Python fixture
ok 165 - seed 4 power schedule-doc: 5-hour compact run matches the Python fixture
  ---
  duration_ms: 115.117801
  type: 'test'
  ...
# Subtest: seed 5 power doc-substations: 5-hour compact run matches the Python fixture
ok 166 - seed 5 power doc-substations: 5-hour compact run matches the Python fixture
  ---
  duration_ms: 117.011125
  type: 'test'
  ...
# Subtest: seed 5 power doc-machines-first: 5-hour compact run matches the Python fixture
ok 167 - seed 5 power doc-machines-first: 5-hour compact run matches the Python fixture
  ---
  duration_ms: 120.947795
  type: 'test'
  ...
# Subtest: seed 5 power half-substations: 5-hour compact run matches the Python fixture
ok 168 - seed 5 power half-substations: 5-hour compact run matches the Python fixture
  ---
  duration_ms: 116.666598
  type: 'test'
  ...
# Subtest: seed 5 power half-machines-first-grace300: 5-hour compact run matches the Python fixture
ok 169 - seed 5 power half-machines-first-grace300: 5-hour compact run matches the Python fixture
  ---
  duration_ms: 124.747808
  type: 'test'
  ...
# Subtest: seed 5 power schedule-doc: 5-hour compact run matches the Python fixture
ok 170 - seed 5 power schedule-doc: 5-hour compact run matches the Python fixture
  ---
  duration_ms: 111.70749
  type: 'test'
  ...
# Subtest: EX-06A: placed three-stop railway uses reach-checked commands, resumes in transit and parks intact across a broken track
ok 171 - EX-06A: placed three-stop railway uses reach-checked commands, resumes in transit and parks intact across a broken track
  ---
  duration_ms: 2003.010926
  type: 'test'
  ...
# Subtest: the rail-yard project: discovered → preparing (the pole run) → ready (materials by hand and off a belt) → commissioning (Activate, its id) → restored (Held) once; the reward unlocks the rail kit, which was locked before; a later loss keeps stage and reward and makes it non-operational; the retake re-grants nothing
ok 172 - the rail-yard project: discovered → preparing (the pole run) → ready (materials by hand and off a belt) → commissioning (Activate, its id) → restored (Held) once; the reward unlocks the rail kit, which was locked before; a later loss keeps stage and reward and makes it non-operational; the retake re-grants nothing
  ---
  duration_ms: 777.68607
  type: 'test'
  ...
# Subtest: the local supply depot: a supply chest on the restored (Held) site, stocked by hand with ordinary items, commissioned within reach — the record alone changes: no claim, no charge, the stock stays; the restored depot hands out kits; a pre-RI-05 save discovers its projects on load
ok 173 - the local supply depot: a supply chest on the restored (Held) site, stocked by hand with ordinary items, commissioned within reach — the record alone changes: no claim, no charge, the stock stays; the restored depot hands out kits; a pre-RI-05 save discovers its projects on load
  ---
  duration_ms: 668.085595
  type: 'test'
  ...
# Subtest: a supply chest on the front feeds an inserter and takes from one; the tram shuttle: track on the street only, a stop at each end, one tram — items put on the platform ride to the far stop's arrivals (hand and inserter take them there), the ledger balances, and a save mid-run advances to the same hash
ok 174 - a supply chest on the front feeds an inserter and takes from one; the tram shuttle: track on the street only, a stop at each end, one tram — items put on the platform ride to the far stop's arrivals (hand and inserter take them there), the ledger balances, and a save mid-run advances to the same hash
  ---
  duration_ms: 772.317338
  type: 'test'
  ...
# Subtest: hash01 matches frontsim.hash01
ok 175 - hash01 matches frontsim.hash01
  ---
  duration_ms: 0.957228
  type: 'test'
  ...
# Subtest: pyRound is half-to-even
ok 176 - pyRound is half-to-even
  ---
  duration_ms: 0.1924
  type: 'test'
  ...
# Subtest: districtBase() and wellInfluence() match the fixture cells bit for bit (24×22 fixture geometry)
ok 177 - districtBase() and wellInfluence() match the fixture cells bit for bit (24×22 fixture geometry)
  ---
  duration_ms: 8.764989
  type: 'test'
  ...
# Subtest: seed 3 open compact: 5-hour run matches the Python fixture
ok 178 - seed 3 open compact: 5-hour run matches the Python fixture
  ---
  duration_ms: 381.34418
  type: 'test'
  ...
# Subtest: seed 3 open spike: 5-hour run matches the Python fixture
ok 179 - seed 3 open spike: 5-hour run matches the Python fixture
  ---
  duration_ms: 207.476848
  type: 'test'
  ...
# Subtest: seed 3 open cheapest: 5-hour run matches the Python fixture
ok 180 - seed 3 open cheapest: 5-hour run matches the Python fixture
  ---
  duration_ms: 194.558982
  type: 'test'
  ...
# Subtest: seed 3 open turtle: 5-hour run matches the Python fixture
ok 181 - seed 3 open turtle: 5-hour run matches the Python fixture
  ---
  duration_ms: 128.116724
  type: 'test'
  ...
# Subtest: seed 3 scattered compact: 5-hour run matches the Python fixture
ok 182 - seed 3 scattered compact: 5-hour run matches the Python fixture
  ---
  duration_ms: 141.823023
  type: 'test'
  ...
# Subtest: seed 3 scattered spike: 5-hour run matches the Python fixture
ok 183 - seed 3 scattered spike: 5-hour run matches the Python fixture
  ---
  duration_ms: 118.403082
  type: 'test'
  ...
# Subtest: seed 3 scattered cheapest: 5-hour run matches the Python fixture
ok 184 - seed 3 scattered cheapest: 5-hour run matches the Python fixture
  ---
  duration_ms: 128.924045
  type: 'test'
  ...
# Subtest: seed 3 scattered turtle: 5-hour run matches the Python fixture
ok 185 - seed 3 scattered turtle: 5-hour run matches the Python fixture
  ---
  duration_ms: 104.298113
  type: 'test'
  ...
# Subtest: seed 4 open compact: 5-hour run matches the Python fixture
ok 186 - seed 4 open compact: 5-hour run matches the Python fixture
  ---
  duration_ms: 124.724036
  type: 'test'
  ...
# Subtest: seed 4 open spike: 5-hour run matches the Python fixture
ok 187 - seed 4 open spike: 5-hour run matches the Python fixture
  ---
  duration_ms: 130.812874
  type: 'test'
  ...
# Subtest: seed 4 open cheapest: 5-hour run matches the Python fixture
ok 188 - seed 4 open cheapest: 5-hour run matches the Python fixture
  ---
  duration_ms: 128.833685
  type: 'test'
  ...
# Subtest: seed 4 open turtle: 5-hour run matches the Python fixture
ok 189 - seed 4 open turtle: 5-hour run matches the Python fixture
  ---
  duration_ms: 112.73325
  type: 'test'
  ...
# Subtest: seed 4 scattered compact: 5-hour run matches the Python fixture
ok 190 - seed 4 scattered compact: 5-hour run matches the Python fixture
  ---
  duration_ms: 121.682174
  type: 'test'
  ...
# Subtest: seed 4 scattered spike: 5-hour run matches the Python fixture
ok 191 - seed 4 scattered spike: 5-hour run matches the Python fixture
  ---
  duration_ms: 116.73066
  type: 'test'
  ...
# Subtest: seed 4 scattered cheapest: 5-hour run matches the Python fixture
ok 192 - seed 4 scattered cheapest: 5-hour run matches the Python fixture
  ---
  duration_ms: 119.689885
  type: 'test'
  ...
# Subtest: seed 4 scattered turtle: 5-hour run matches the Python fixture
ok 193 - seed 4 scattered turtle: 5-hour run matches the Python fixture
  ---
  duration_ms: 121.90478
  type: 'test'
  ...
# Subtest: seed 5 open compact: 5-hour run matches the Python fixture
ok 194 - seed 5 open compact: 5-hour run matches the Python fixture
  ---
  duration_ms: 139.625389
  type: 'test'
  ...
# Subtest: seed 5 open spike: 5-hour run matches the Python fixture
ok 195 - seed 5 open spike: 5-hour run matches the Python fixture
  ---
  duration_ms: 136.201451
  type: 'test'
  ...
# Subtest: seed 5 open cheapest: 5-hour run matches the Python fixture
ok 196 - seed 5 open cheapest: 5-hour run matches the Python fixture
  ---
  duration_ms: 157.315803
  type: 'test'
  ...
# Subtest: seed 5 open turtle: 5-hour run matches the Python fixture
ok 197 - seed 5 open turtle: 5-hour run matches the Python fixture
  ---
  duration_ms: 133.052601
  type: 'test'
  ...
# Subtest: seed 5 scattered compact: 5-hour run matches the Python fixture
ok 198 - seed 5 scattered compact: 5-hour run matches the Python fixture
  ---
  duration_ms: 136.719463
  type: 'test'
  ...
# Subtest: seed 5 scattered spike: 5-hour run matches the Python fixture
ok 199 - seed 5 scattered spike: 5-hour run matches the Python fixture
  ---
  duration_ms: 122.684154
  type: 'test'
  ...
# Subtest: seed 5 scattered cheapest: 5-hour run matches the Python fixture
ok 200 - seed 5 scattered cheapest: 5-hour run matches the Python fixture
  ---
  duration_ms: 117.066899
  type: 'test'
  ...
# Subtest: seed 5 scattered turtle: 5-hour run matches the Python fixture
ok 201 - seed 5 scattered turtle: 5-hour run matches the Python fixture
  ---
  duration_ms: 98.293779
  type: 'test'
  ...
# Subtest: state round-trips through JSON and continues identically
ok 202 - state round-trips through JSON and continues identically
  ---
  duration_ms: 165.774227
  type: 'test'
  ...
# Subtest: routing: underground span boundaries, paired construction and atomic interference/material/reach refusals
ok 203 - routing: underground span boundaries, paired construction and atomic interference/material/reach refusals
  ---
  duration_ms: 1146.413585
  type: 'test'
  ...
# Subtest: routing: buried stock survives interruption, refused rotation, load, reconnection and pickup without duplication
ok 204 - routing: buried stock survives interruption, refused rotation, load, reconnection and pickup without duplication
  ---
  duration_ms: 910.858969
  type: 'test'
  ...
# Subtest: routing: splitter footprint, both occupied tiles, collision-safe rotation and history/settings survive load
ok 205 - routing: splitter footprint, both occupied tiles, collision-safe rotation and history/settings survive load
  ---
  duration_ms: 509.728539
  type: 'test'
  ...
# Subtest: routing: left/right priority, balanced alternation, fallback, backpressure and FIFO retain every item
ok 206 - routing: left/right priority, balanced alternation, fallback, backpressure and FIFO retain every item
  ---
  duration_ms: 631.805819
  type: 'test'
  ...
# Subtest: routing: inserter filtering selects from mixed chests and belts and preserves a held item on filter change
ok 207 - routing: inserter filtering selects from mixed chests and belts and preserves a held item on filter change
  ---
  duration_ms: 367.106588
  type: 'test'
  ...
# Subtest: routing: paired commands and settings replay at a paused boundary and survive saved history
ok 208 - routing: paired commands and settings replay at a paused boundary and survive saved history
  ---
  duration_ms: 541.215539
  type: 'test'
  ...
# Subtest: routing: crossing tunnels pair independently and an intervening endpoint refuses a new pair atomically
ok 209 - routing: crossing tunnels pair independently and an intervening endpoint refuses a new pair atomically
  ---
  duration_ms: 381.125373
  type: 'test'
  ...
# Subtest: routing: filter applies to mixed belt and station-arrival source fixtures
ok 210 - routing: filter applies to mixed belt and station-arrival source fixtures
  ---
  duration_ms: 354.414378
  type: 'test'
  ...
# Subtest: routing: rectangular occupancy follows all four rotations, including the ordinary command path
ok 211 - routing: rectangular occupancy follows all four rotations, including the ordinary command path
  ---
  duration_ms: 803.721438
  type: 'test'
  ...
# Subtest: routing: saturated splitter and underground throughput stay bounded and conserve their circulating fixture stock
ok 212 - routing: saturated splitter and underground throughput stay bounded and conserve their circulating fixture stock
  ---
  duration_ms: 346.100672
  type: 'test'
  ...
# Subtest: routing: all four recipes run through a paid chest/inserter/belt/underground/splitter line reached on foot
ok 213 - routing: all four recipes run through a paid chest/inserter/belt/underground/splitter line reached on foot
  ---
  duration_ms: 2225.484958
  type: 'test'
  ...
# Subtest: the candidate is one data configuration holding §7.1's values, outside SimConfig: the benchmark has no Stalker layer, no Stalkers, no stalker events
ok 214 - the candidate is one data configuration holding §7.1's values, outside SimConfig: the benchmark has no Stalker layer, no Stalkers, no stalker events
  ---
  duration_ms: 431.694045
  type: 'test'
  ...
# Subtest: switched on, one Stalker guards each Dark well block (seed 3: five) at a passable home tile inside its site; none is fielded within perception of the engineer, but that site fills once they leave; the layer survives a save round trip
ok 215 - switched on, one Stalker guards each Dark well block (seed 3: five) at a passable home tile inside its site; none is fielded within perception of the engineer, but that site fills once they leave; the layer survives a save round trip
  ---
  duration_ms: 157.007465
  type: 'test'
  ...
# Subtest: guard → investigate → pursue → attack: the engineer's movement inside perception draws it; the first hit lands one wind-up (0.8 s) after contact, then one hit a second for the retaliation value; it is inspectable throughout
ok 216 - guard → investigate → pursue → attack: the engineer's movement inside perception draws it; the first hit lands one wind-up (0.8 s) after contact, then one hit a second for the retaliation value; it is inspectable throughout
  ---
  duration_ms: 84.273326
  type: 'test'
  ...
# Subtest: a valid dodge: the swing that comes during the dash misses (no HP lost, a "dodged" event); the attack resumes after it
ok 217 - a valid dodge: the swing that comes during the dash misses (no HP lost, a "dodged" event); the attack resumes after it
  ---
  duration_ms: 69.747026
  type: 'test'
  ...
# Subtest: nothing after death: a Stalker killed mid-attack swings no more and its site remembers the time; the engineer down, it stops hitting and returns home
ok 218 - nothing after death: a Stalker killed mid-attack swings no more and its site remembers the time; the engineer down, it stops hitting and returns home
  ---
  duration_ms: 141.042671
  type: 'test'
  ...
# Subtest: the leash: pursuit never carries it past 16 tiles from home; it returns, reaches the home tile and guards again, warmed down
ok 219 - the leash: pursuit never carries it past 16 tiles from home; it returns, reaches the home tile and guards again, warmed down
  ---
  duration_ms: 87.268955
  type: 'test'
  ...
# Subtest: a restored site: the Stalker returns and retires at home; no respawn there ever after; elsewhere a dead Stalker returns respawnS later, and only with the engineer beyond perception of the home
ok 220 - a restored site: the Stalker returns and retires at home; no respawn there ever after; elsewhere a dead Stalker returns respawnS later, and only with the engineer beyond perception of the home
  ---
  duration_ms: 226.199018
  type: 'test'
  ...
# Subtest: turrets and the rifle hit it (4 HP a round, 24 HP); its kills count on the Stalker layer, not as turret or rifle kills
ok 221 - turrets and the rifle hit it (4 HP a round, 24 HP); its kills count on the Stalker layer, not as turret or rifle kills
  ---
  duration_ms: 119.249017
  type: 'test'
  ...
# Subtest: rot arrives as bodies on the segment ridge and walks the chain: lit lamps go out one by one, then the turret, then the substation; 40 unshot arrivals stop the substation and the block falls the block model's way; nothing ever leaves the two blocks; no hulks
ok 222 - rot arrives as bodies on the segment ridge and walks the chain: lit lamps go out one by one, then the turret, then the substation; 40 unshot arrivals stop the substation and the block falls the block model's way; nothing ever leaves the two blocks; no hulks
  ---
  duration_ms: 630.870331
  type: 'test'
  ...
# Subtest: fed turrets shoot the bodies at 3 rounds a crawler out of their own hoppers, the edge's hopper drains to the same hopper-empty pip, and no arrival reaches the substation
ok 223 - fed turrets shoot the bodies at 3 rounds a crawler out of their own hoppers, the edge's hopper drains to the same hopper-empty pip, and no arrival reaches the substation
  ---
  duration_ms: 172.94924
  type: 'test'
  ...
# Subtest: retaliation only (D5): a crawler ignores the engineer beside its path; shot, it turns and lands 5 HP/s at arm's reach; standing in its path turns it too; at zero HP the engineer is down and stands up at the workbench 10 s later with the pockets intact
ok 224 - retaliation only (D5): a crawler ignores the engineer beside its path; shot, it turns and lands 5 HP/s at arm's reach; standing in its path turns it too; at zero HP the engineer is down and stands up at the workbench 10 s later with the pockets intact
  ---
  duration_ms: 104.063913
  type: 'test'
  ...
# Subtest: the rifle: 1.5 rounds a second, three rounds a crawler (12 HP at 4 a round), no reach past 9 tiles; a shade off a lit tile cannot be hit by rifle or turret, on a lit one it can
ok 225 - the rifle: 1.5 rounds a second, three rounds a crawler (12 HP at 4 a round), no reach past 9 tiles; a shade off a lit tile cannot be hit by rifle or turret, on a lit one it can
  ---
  duration_ms: 71.445796
  type: 'test'
  ...
# Subtest: hand-fired engagements record whether the edge held; the fight the engineer left alone resolves when the block falls
ok 226 - hand-fired engagements record whether the edge held; the fight the engineer left alone resolves when the block falls
  ---
  duration_ms: 215.581026
  type: 'test'
  ...
# Subtest: the lattice keeps the block model: with the flow layer on a lattice map no tile threat is created and the engagement arithmetic is unchanged
ok 227 - the lattice keeps the block model: with the flow layer on a lattice map no tile threat is created and the engagement arithmetic is unchanged
  ---
  duration_ms: 109.683764
  type: 'test'
  ...
# Subtest: an M3 snapshot without the M4 fields loads: threat, chest trips and reach refusals appear on first use
ok 228 - an M3 snapshot without the M4 fields loads: threat, chest trips and reach refusals appear on first use
  ---
  duration_ms: 153.503467
  type: 'test'
  ...
# Subtest: geometry: a lot is a rasterised face, streets are the ridges between faces, the river is water; 800×800
ok 229 - geometry: a lot is a rasterised face, streets are the ridges between faces, the river is water; 800×800
  ---
  duration_ms: 386.91041
  type: 'test'
  ...
# Subtest: the river is river tiles and no block; plazas and parks are inert faces with no rubble, no substation, no lights; outskirts faces (§7) have neither a substation nor streetlights
ok 230 - the river is river tiles and no block; plazas and parks are inert faces with no rubble, no substation, no lights; outskirts faces (§7) have neither a substation nor streetlights
  ---
  duration_ms: 88.410833
  type: 'test'
  ...
# Subtest: rubble: 250–350 tiles scaled by area, typed by district, in clusters, five variants; outskirts carry deposits or nothing
ok 231 - rubble: 250–350 tiles scaled by area, typed by district, in clusters, five variants; outskirts carry deposits or nothing
  ---
  duration_ms: 98.298845
  type: 'test'
  ...
# Subtest: the density gradient: deeper faces (hops from the HQ) show heavier rubble on average
ok 232 - the density gradient: deeper faces (hops from the HQ) show heavier rubble on average
  ---
  duration_ms: 50.094055
  type: 'test'
  ...
# Subtest: block state is authoritative: the pool drains and rubble becomes ground in the layout order; a claim digs; the keys track it
ok 233 - block state is authoritative: the pool drains and rubble becomes ground in the layout order; a claim digs; the keys track it
  ---
  duration_ms: 60.742104
  type: 'test'
  ...
# Subtest: deterministic per seed; a different seed lays the rubble differently; a whole city derives under 100 ms cold
ok 234 - deterministic per seed; a different seed lays the rubble differently; a whole city derives under 100 ms cold
  ---
  duration_ms: 732.938944
  type: 'test'
  ...
# Subtest: truck unlocks once at the paid restored station, keeps the kit corridor clear and replays its entire driving/cargo trip
ok 235 - truck unlocks once at the paid restored station, keeps the kit corridor clear and replays its entire driving/cargo trip
  ---
  duration_ms: 2756.038523
  type: 'test'
  ...
# Subtest: truck boarding and cargo are local; a parked footprint blocks walking, paths and construction
ok 236 - truck boarding and cargo are local; a parked footprint blocks walking, paths and construction
  ---
  duration_ms: 623.941943
  type: 'test'
  ...
# Subtest: cargo capacity is separate, partial stacks fit, and invalid or distant transfers preserve both inventories
ok 237 - cargo capacity is separate, partial stacks fit, and invalid or distant transfers preserve both inventories
  ---
  duration_ms: 278.00678
  type: 'test'
  ...
# Subtest: driving checks every footprint tile at speed, refuses blocked rotations, and cannot use dodge or auto-walk
ok 238 - driving checks every footprint tile at speed, refuses blocked rotations, and cannot use dodge or auto-walk
  ---
  duration_ms: 270.448483
  type: 'test'
  ...
# Subtest: blocked exit is refused; knockdown parks cargo, respawn does not teleport the truck, and occupied saves resume
ok 239 - blocked exit is refused; knockdown parks cargo, respawn does not teleport the truck, and occupied saves resume
  ---
  duration_ms: 593.604889
  type: 'test'
  ...
# Subtest: old restored previews spawn deterministically on their next tick; malformed truck saves are rejected
ok 240 - old restored previews spawn deterministically on their next tick; malformed truck saves are rejected
  ---
  duration_ms: 984.970059
  type: 'test'
  ...
# Subtest: selected-stop query matches physical service, reacts to outages and cuts, and never mutates state
ok 241 - selected-stop query matches physical service, reacts to outages and cuts, and never mutates state
  ---
  duration_ms: 329.547749
  type: 'test'
  ...
# Subtest: selected routes expose full arrivals, returning cargo and branches; removing the selected stop clears its query
ok 242 - selected routes expose full arrivals, returning cargo and branches; removing the selected stop clears its query
  ---
  duration_ms: 275.280006
  type: 'test'
  ...
# Subtest: RI-02A: saved urban geometry preserves resources, routes and solid placement restrictions
ok 243 - RI-02A: saved urban geometry preserves resources, routes and solid placement restrictions
  ---
  duration_ms: 3519.464774
  type: 'test'
  ...
# Subtest: RI-02A: retry cache respects budgets and playable specs reject invalid generation
ok 244 - RI-02A: retry cache respects budgets and playable specs reject invalid generation
  ---
  duration_ms: 202.85417
  type: 'test'
  ...
# Subtest: the engineer starts at the HQ workbench with empty pockets; the chest holds §11's start stock
ok 245 - the engineer starts at the HQ workbench with empty pockets; the chest holds §11's start stock
  ---
  duration_ms: 387.222548
  type: 'test'
  ...
# Subtest: walks 6 tiles/s to a clicked tile along a path that avoids water and machines, 8-connected without cutting corners
ok 246 - walks 6 tiles/s to a clicked tile along a path that avoids water and machines, 8-connected without cutting corners
  ---
  duration_ms: 93.491139
  type: 'test'
  ...
# Subtest: walking to a block ends on its pole; the engineer's block follows the tile under them; a Dark block is walkable and harmless
ok 247 - walking to a block ends on its pole; the engineer's block follows the tile under them; a Dark block is walkable and harmless
  ---
  duration_ms: 74.802023
  type: 'test'
  ...
# Subtest: the HQ to the Tram depot and back: a path exists both ways, and the walk takes the distance at 6 tiles/s
ok 248 - the HQ to the Tram depot and back: a path exists both ways, and the walk takes the distance at 6 tiles/s
  ---
  duration_ms: 83.961342
  type: 'test'
  ...
# Subtest: reach: 8 tiles to the nearest edge of the target; hands and chest refuse beyond it
ok 249 - reach: 8 tiles to the nearest edge of the target; hands and chest refuse beyond it
  ---
  duration_ms: 77.772665
  type: 'test'
  ...
# Subtest: the harness bot keeps its block-level walk: the block sim without a flow layer moves the engineer between blocks as before
ok 250 - the harness bot keeps its block-level walk: the block sim without a flow layer moves the engineer between blocks as before
  ---
  duration_ms: 116.783502
  type: 'test'
  ...
1..250
# tests 250
# suites 0
# pass 250
# fail 0
# cancelled 0
# skipped 0
# todo 0
# duration_ms 270201.158619
