
> relight-prototype@0.1.0 test
> npm test -w packages/sim


> @relight/sim@0.1.0 test
> tsx --test --test-concurrency=1 test/*.test.ts

TAP version 13
# Subtest: sprint runs at 1.6× walk, drains the bar to one dodge's worth and never below; releasing Shift refills it
ok 1 - sprint runs at 1.6× walk, drains the bar to one dodge's worth and never below; releasing Shift refills it
  ---
  duration_ms: 530.198041
  type: 'test'
  ...
# Subtest: the dodge is 3 tiles in 0.25 s in the movement direction (or the facing), on a 1 s cooldown, costing a quarter of the bar
ok 2 - the dodge is 3 tiles in 0.25 s in the movement direction (or the facing), on a 1 s cooldown, costing a quarter of the bar
  ---
  duration_ms: 88.610338
  type: 'test'
  ...
# Subtest: a walk-here target survives a key release and is cancelled by any WASD input; a dodge cancels it too
ok 3 - a walk-here target survives a key release and is cancelled by any WASD input; a dodge cancels it too
  ---
  duration_ms: 60.46084
  type: 'test'
  ...
# Subtest: the rifle aimed at empty street spends a round a shot and hits nothing; aimed at an engaged edge it kills what the turrets missed, draws retaliation and counts as danger
ok 4 - the rifle aimed at empty street spends a round a shot and hits nothing; aimed at an engaged edge it kills what the turrets missed, draws retaliation and counts as danger
  ---
  duration_ms: 158.699607
  type: 'test'
  ...
# Subtest: legacy defaults retain their identity; campaign schema rejects mixed rules, metadata, candidates and evidence
ok 5 - legacy defaults retain their identity; campaign schema rejects mixed rules, metadata, candidates and evidence
  ---
  duration_ms: 845.392569
  type: 'test'
  ...
# Subtest: campaign has no legacy ammo ring, wake blooms, automatic attacks, claims or passive territory loss; clock and load continuation agree
ok 6 - campaign has no legacy ammo ring, wake blooms, automatic attacks, claims or passive territory loss; clock and load continuation agree
  ---
  duration_ms: 2014.504762
  type: 'test'
  ...
# Subtest: cul-de-sac across seeds has exactly one four-tile entrance, shared collision, reachable supplies/resources and buildable factory space
ok 7 - cul-de-sac across seeds has exactly one four-tile entrance, shared collision, reachable supplies/resources and buildable factory space
  ---
  duration_ms: 4009.813831
  type: 'test'
  ...
# Subtest: campaign session, share/load identity, replay and browser save slots remain isolated from legacy sessions
ok 8 - campaign session, share/load identity, replay and browser save slots remain isolated from legacy sessions
  ---
  duration_ms: 1139.164704
  type: 'test'
  ...
# Subtest: paid walls block walking, retain their footprint on defeat, and repair consumes materials once through save/load
ok 9 - paid walls block walking, retain their footprint on defeat, and repair consumes materials once through save/load
  ---
  duration_ms: 1136.22655
  type: 'test'
  ...
# Subtest: one dawn lock coalesces restorations; later nominations wait and a late ending preserves two full quiet cycles
ok 10 - one dawn lock coalesces restorations; later nominations wait and a late ending preserves two full quiet cycles
  ---
  duration_ms: 1664.322534
  type: 'test'
  ...
# Subtest: a powered radio receives the real lock; outages retain it and never reroll the target
ok 11 - a powered radio receives the real lock; outages retain it and never reroll the target
  ---
  duration_ms: 366.289145
  type: 'test'
  ...
# Subtest: minor opportunities are shared, finite and suppressed during major combat and recovery without catch-up
ok 12 - minor opportunities are shared, finite and suppressed during major combat and recovery without catch-up
  ---
  duration_ms: 310.869348
  type: 'test'
  ...
# Subtest: unopposed major crawlers follow the home mouth, defeat its core and physically withdraw before paid recovery
ok 13 - unopposed major crawlers follow the home mouth, defeat its core and physically withdraw before paid recovery
  ---
  duration_ms: 693.382105
  type: 'test'
  ...
# Subtest: a sealed court is breached through a player wall instead of losing pathfinding; turret defeat preserves its ammo
ok 14 - a sealed court is breached through a player wall instead of losing pathfinding; turret defeat preserves its ammo
  ---
  duration_ms: 589.224364
  type: 'test'
  ...
# Subtest: ruin guards stay at their own sites and never join the base assault
ok 15 - ruin guards stay at their own sites and never join the base assault
  ---
  duration_ms: 410.748892
  type: 'test'
  ...
# Subtest: ordinary paid and hand-supplied turrets hold the complete finite major roster without the rifle
ok 16 - ordinary paid and hand-supplied turrets hold the complete finite major roster without the rifle
  ---
  duration_ms: 640.975953
  type: 'test'
  ...
# Subtest: old previews gain a preparation interval; malformed schedules, health and orphaned bodies are refused
ok 17 - old previews gain a preparation interval; malformed schedules, health and orphaned bodies are refused
  ---
  duration_ms: 587.250043
  type: 'test'
  ...
# Subtest: ordinary paid defence commands replay from the same fresh campaign factory
ok 18 - ordinary paid defence commands replay from the same fresh campaign factory
  ---
  duration_ms: 488.684576
  type: 'test'
  ...
# {"seed":3,"ticks":388,"commands":75,"recoveredAt":17,"hash":"b14d936b"}
# Subtest: the marked workshop side yard is seeded, reachable, optional, and clear of essential routes across seeds
ok 19 - the marked workshop side yard is seeded, reachable, optional, and clear of essential routes across seeds
  ---
  duration_ms: 6160.301165
  type: 'test'
  ...
# Subtest: guardian telegraphs every strike, accepts a dodge, leaves a downed engineer, and saves mid-windup
ok 20 - guardian telegraphs every strike, accepts a dodge, leaves a downed engineer, and saves mid-windup
  ---
  duration_ms: 509.744728
  type: 'test'
  ...
# Subtest: the guardian returns at its bounded leash and workshop restoration does not retire it
ok 21 - the guardian returns at its bounded leash and workshop restoration does not retire it
  ---
  duration_ms: 276.484988
  type: 'test'
  ...
# Subtest: a supplied paid turret defeats the guardian without reflex combat; the site reward is once-only, not a drop
ok 22 - a supplied paid turret defeats the guardian without reflex combat; the site reward is once-only, not a drop
  ---
  duration_ms: 795.492002
  type: 'test'
  ...
# Subtest: field repair retains material costs, paid pauses and existing job duration, including core recovery
ok 23 - field repair retains material costs, paid pauses and existing job duration, including core recovery
  ---
  duration_ms: 265.862151
  type: 'test'
  ...
# Subtest: old previews add one deferred guardian; malformed or missing current reward state is rejected
ok 24 - old previews add one deferred guardian; malformed or missing current reward state is rejected
  ---
  duration_ms: 738.184202
  type: 'test'
  ...
# Subtest: fresh campaign reaches and recovers the discovery through ordinary commands, then replays and reloads identically
ok 25 - fresh campaign reaches and recovers the discovery through ordinary commands, then replays and reloads identically
  ---
  duration_ms: 1587.968391
  type: 'test'
  ...
# Subtest: the records can be recovered by drawing the living guardian away, with no kill requirement
ok 26 - the records can be recovered by drawing the living guardian away, with no kill requirement
  ---
  duration_ms: 199.423044
  type: 'test'
  ...
# Subtest: a paid missed rifle round attracts the workshop guardian even when the engineer stands still
ok 27 - a paid missed rifle round attracts the workshop guardian even when the engineer stands still
  ---
  duration_ms: 171.817354
  type: 'test'
  ...
# Subtest: district sites and specialised sources are reachable, distinct and persistent across seeds and saves
ok 28 - district sites and specialised sources are reachable, distinct and persistent across seeds and saves
  ---
  duration_ms: 3539.704903
  type: 'test'
  ...
# Subtest: powered extraction produces into real local storage without depletion or hand mining; outages stop it
ok 29 - powered extraction produces into real local storage without depletion or hand mining; outages stop it
  ---
  duration_ms: 1031.313568
  type: 'test'
  ...
# Subtest: workshop consumes local supplies at its powered rate, pauses during attacks/outages, and preserves repairs through saves
ok 30 - workshop consumes local supplies at its powered rate, pauses during attacks/outages, and preserves repairs through saves
  ---
  duration_ms: 1637.604523
  type: 'test'
  ...
# Subtest: fresh campaign pays for both stations and the workshop through logged commands that replay identically
ok 31 - fresh campaign pays for both stations and the workshop through logged commands that replay identically
  ---
  duration_ms: 870.5736
  type: 'test'
  ...
# Subtest: paid three-base tram route reserves onward supply, returns district goods and requires repeated actual home deliveries for shorter rest
ok 32 - paid three-base tram route reserves onward supply, returns district goods and requires repeated actual home deliveries for shorter rest
  ---
  duration_ms: 2237.054034
  type: 'test'
  ...
# Subtest: old district-free previews upgrade once without moving the promised assault or duplicating sources
ok 33 - old district-free previews upgrade once without moving the promised assault or duplicating sources
  ---
  duration_ms: 618.688332
  type: 'test'
  ...
# Subtest: known threat navigation never exposes an offline network target or reuses a different assault warning
ok 34 - known threat navigation never exposes an offline network target or reuses a different assault warning
  ---
  duration_ms: 1021.557136
  type: 'test'
  ...
# Subtest: home guarantee and current minor raid remain actionable during a future major warning
ok 35 - home guarantee and current minor raid remain actionable during a future major warning
  ---
  duration_ms: 320.679383
  type: 'test'
  ...
# Subtest: immediate wall breach uses the damage tick decision, including blocked withdrawal and saved continuation
ok 36 - immediate wall breach uses the damage tick decision, including blocked withdrawal and saved continuation
  ---
  duration_ms: 600.123986
  type: 'test'
  ...
# Subtest: nearby turret attack and engineer contact supersede the strategic core and match real damage
ok 37 - nearby turret attack and engineer contact supersede the strategic core and match real damage
  ---
  duration_ms: 224.315947
  type: 'test'
  ...
# Subtest: post-lock paid structures or player presence reroute staging on the same approach across three bases and holdout seeds
ok 38 - post-lock paid structures or player presence reroute staging on the same approach across three bases and holdout seeds
  ---
  duration_ms: 14232.924325
  type: 'test'
  ...
# Subtest: no staging ground explicitly defers without losing roster, resumes after paid obstruction removal, and reloads deterministically
ok 39 - no staging ground explicitly defers without losing roster, resumes after paid obstruction removal, and reloads deterministically
  ---
  duration_ms: 2369.295408
  type: 'test'
  ...
# Subtest: staging fallback preserves received radio precision and a locked remote target through an outage and load
ok 40 - staging fallback preserves received radio precision and a locked remote target through an outage and load
  ---
  duration_ms: 675.201426
  type: 'test'
  ...
# Subtest: withdrawing bodies breach a newly blocked birth tile and prevent recovery or rest completion until they physically exit
ok 41 - withdrawing bodies breach a newly blocked birth tile and prevent recovery or rest completion until they physically exit
  ---
  duration_ms: 1880.814476
  type: 'test'
  ...
# Subtest: minor withdrawal at dusk is physical, saved and exclusive with the major roster
ok 42 - minor withdrawal at dusk is physical, saved and exclusive with the major roster
  ---
  duration_ms: 1240.087522
  type: 'test'
  ...
# Subtest: restoration ties, disabled targets, recommissioning and post-lock nominations retain one promised schedule through saves
ok 43 - restoration ties, disabled targets, recommissioning and post-lock nominations retain one promised schedule through saves
  ---
  duration_ms: 2242.253594
  type: 'test'
  ...
# Subtest: old defence saves retain attacks and paid jobs while incompatible old command histories stop claiming full replay
ok 44 - old defence saves retain attacks and paid jobs while incompatible old command histories stop claiming full replay
  ---
  duration_ms: 635.851174
  type: 'test'
  ...
# Subtest: pursuit discards an attack waypoint before walking away and remains valid across saved continuation
ok 45 - pursuit discards an attack waypoint before walking away and remains valid across saved continuation
  ---
  duration_ms: 838.536645
  type: 'test'
  ...
# Subtest: paid obstruction, ordinary walking and the resulting assault replay from a declared pre-dusk checkpoint
ok 46 - paid obstruction, ordinary walking and the resulting assault replay from a declared pre-dusk checkpoint
  ---
  duration_ms: 2349.893246
  type: 'test'
  ...
# Subtest: save validation refuses mismatched body targets, duplicate identities, lost roster entries and invalid delay/withdrawal metadata
ok 47 - save validation refuses mismatched body targets, duplicate identities, lost roster entries and invalid delay/withdrawal metadata
  ---
  duration_ms: 315.676028
  type: 'test'
  ...
# Subtest: fresh origins and same-approach fallback exist across all base positions on seeds 1–32
ok 48 - fresh origins and same-approach fallback exist across all base positions on seeds 1–32
  ---
  duration_ms: 21628.888383
  type: 'test'
  ...
# Subtest: every preset validates on seeds 3–5 within the attempt budget
ok 49 - every preset validates on seeds 3–5 within the attempt budget
  ---
  duration_ms: 5910.973631
  type: 'test'
  ...
# Subtest: geometry invariants: lots are land, fronts face a street, neighbours are symmetric, segments match adjacency
ok 50 - geometry invariants: lots are land, fronts face a street, neighbours are symmetric, segments match adjacency
  ---
  duration_ms: 49.633156
  type: 'test'
  ...
# Subtest: city seed 3: generator summary matches the fixture
ok 51 - city seed 3: generator summary matches the fixture
  ---
  duration_ms: 1.536087
  type: 'test'
  ...
# Subtest: city seed 3 compact: 5-hour run matches the fixture
ok 52 - city seed 3 compact: 5-hour run matches the fixture
  ---
  duration_ms: 518.637423
  type: 'test'
  ...
# Subtest: city seed 3 balanced: 5-hour run matches the fixture
ok 53 - city seed 3 balanced: 5-hour run matches the fixture
  ---
  duration_ms: 307.44105
  type: 'test'
  ...
# Subtest: city seed 3 spike: 5-hour run matches the fixture
ok 54 - city seed 3 spike: 5-hour run matches the fixture
  ---
  duration_ms: 273.809918
  type: 'test'
  ...
# Subtest: city seed 3 cheapest: 5-hour run matches the fixture
ok 55 - city seed 3 cheapest: 5-hour run matches the fixture
  ---
  duration_ms: 145.278817
  type: 'test'
  ...
# Subtest: city seed 3 compact-walk: 5-hour run matches the fixture
ok 56 - city seed 3 compact-walk: 5-hour run matches the fixture
  ---
  duration_ms: 394.744185
  type: 'test'
  ...
# Subtest: city seed 4: generator summary matches the fixture
ok 57 - city seed 4: generator summary matches the fixture
  ---
  duration_ms: 1.215534
  type: 'test'
  ...
# Subtest: city seed 4 compact: 5-hour run matches the fixture
ok 58 - city seed 4 compact: 5-hour run matches the fixture
  ---
  duration_ms: 181.738444
  type: 'test'
  ...
# Subtest: city seed 4 balanced: 5-hour run matches the fixture
ok 59 - city seed 4 balanced: 5-hour run matches the fixture
  ---
  duration_ms: 156.931475
  type: 'test'
  ...
# Subtest: city seed 4 spike: 5-hour run matches the fixture
ok 60 - city seed 4 spike: 5-hour run matches the fixture
  ---
  duration_ms: 135.148581
  type: 'test'
  ...
# Subtest: city seed 4 cheapest: 5-hour run matches the fixture
ok 61 - city seed 4 cheapest: 5-hour run matches the fixture
  ---
  duration_ms: 138.876592
  type: 'test'
  ...
# Subtest: city seed 4 compact-walk: 5-hour run matches the fixture
ok 62 - city seed 4 compact-walk: 5-hour run matches the fixture
  ---
  duration_ms: 210.591022
  type: 'test'
  ...
# Subtest: city seed 5: generator summary matches the fixture
ok 63 - city seed 5: generator summary matches the fixture
  ---
  duration_ms: 0.501765
  type: 'test'
  ...
# Subtest: city seed 5 compact: 5-hour run matches the fixture
ok 64 - city seed 5 compact: 5-hour run matches the fixture
  ---
  duration_ms: 140.669469
  type: 'test'
  ...
# Subtest: city seed 5 balanced: 5-hour run matches the fixture
ok 65 - city seed 5 balanced: 5-hour run matches the fixture
  ---
  duration_ms: 166.130975
  type: 'test'
  ...
# Subtest: city seed 5 spike: 5-hour run matches the fixture
ok 66 - city seed 5 spike: 5-hour run matches the fixture
  ---
  duration_ms: 136.639133
  type: 'test'
  ...
# Subtest: city seed 5 cheapest: 5-hour run matches the fixture
ok 67 - city seed 5 cheapest: 5-hour run matches the fixture
  ---
  duration_ms: 124.230956
  type: 'test'
  ...
# Subtest: city seed 5 compact-walk: 5-hour run matches the fixture
ok 68 - city seed 5 compact-walk: 5-hour run matches the fixture
  ---
  duration_ms: 169.00884
  type: 'test'
  ...
# Subtest: one path: the map previews and charges nothing; a pole run claims nothing; the materials are delivered once and consumed once at Activate; one claim event and one wake bloom carry the attempt's id; a second Activate is refused; the ledger balances
ok 69 - one path: the map previews and charges nothing; a pole run claims nothing; the materials are delivered once and consumed once at Activate; one claim event and one wake bloom carry the attempt's id; a second Activate is refused; the ledger balances
  ---
  duration_ms: 1350.81751
  type: 'test'
  ...
# Subtest: prerequisites: the installation names the missing one, in order — adjacency, the substation, the pole run, a substation that is off, the grid's supply, the materials, reach, the engineer down
ok 70 - prerequisites: the installation names the missing one, in order — adjacency, the substation, the pole run, a substation that is off, the grid's supply, the materials, reach, the engineer down
  ---
  duration_ms: 794.375761
  type: 'test'
  ...
# Subtest: the outskirts: the Substation is field kit — refused until a neighbour is Held, then stands on the unheld outskirts lot (paid from the pockets, D-B3-1), the block stays Dark, and it is the installation the claim delivers to
ok 71 - the outskirts: the Substation is field kit — refused until a neighbour is Held, then stands on the unheld outskirts lot (paid from the pockets, D-B3-1), the block stays Dark, and it is the installation the claim delivers to
  ---
  duration_ms: 727.900374
  type: 'test'
  ...
# Subtest: field kit: a Lamp on the Dark front is off until a connected pole reaches it, then lit on real demand; a turret there is not off; an Assembler is refused; a belt on a far Dark block is refused; nothing marks the block Held
ok 72 - field kit: a Lamp on the Dark front is off until a connected pole reaches it, then lit on real demand; a turret there is not off; an Assembler is refused; a belt on a far Dark block is refused; nothing marks the block Held
  ---
  duration_ms: 781.448684
  type: 'test'
  ...
# Subtest: save / replay: the hour bot's physical claim (poles, deliver, Activate) logged at 14:00 replays from a save to the unbroken run's hash at 16:00, with east commissioned by the physical path
ok 73 - save / replay: the hour bot's physical claim (poles, deliver, Activate) logged at 14:00 replays from a save to the unbroken run's hash at 16:00, with east commissioned by the physical path
  ---
  duration_ms: 1566.82332
  type: 'test'
  ...
# Subtest: construction: continuous corner path is one paid group; undo and redo conserve and keep simulation time
ok 74 - construction: continuous corner path is one paid group; undo and redo conserve and keep simulation time
  ---
  duration_ms: 773.080603
  type: 'test'
  ...
# Subtest: construction: invalid, partially obstructed, unaffordable and out-of-reach groups have no partial effects
ok 75 - construction: invalid, partially obstructed, unaffordable and out-of-reach groups have no partial effects
  ---
  duration_ms: 754.553256
  type: 'test'
  ...
# Subtest: construction: removal history restores settings but leaves recovered contents in pockets; earlier undo still works
ok 76 - construction: removal history restores settings but leaves recovered contents in pockets; earlier undo still works
  ---
  duration_ms: 805.077462
  type: 'test'
  ...
# Subtest: construction: current contents, damage, full pockets, occupied undo sites and down state are respected
ok 77 - construction: current contents, damage, full pockets, occupied undo sites and down state are respected
  ---
  duration_ms: 495.930452
  type: 'test'
  ...
# Subtest: construction: rotation, bounded history, new-branch redo clearing, save validation and continuation
ok 78 - construction: rotation, bounded history, new-branch redo clearing, save validation and continuation
  ---
  duration_ms: 1757.647675
  type: 'test'
  ...
# Subtest: construction: paused UI dispatch flushes pending inputs once and a saved command stream replays exactly
ok 79 - construction: paused UI dispatch flushes pending inputs once and a saved command stream replays exactly
  ---
  duration_ms: 1383.603519
  type: 'test'
  ...
# Subtest: construction: packing refuses an unfinished recipe, fractional stock or loose-round overflow atomically
ok 80 - construction: packing refuses an unfinished recipe, fractional stock or loose-round overflow atomically
  ---
  duration_ms: 607.068219
  type: 'test'
  ...
# Subtest: construction controls: build catalogue and hotkeys share references; modified history keys do not collide with tools
ok 81 - construction controls: build catalogue and hotkeys share references; modified history keys do not collide with tools
  ---
  duration_ms: 0.763077
  type: 'test'
  ...
# Subtest: HQ start (D-P4-8): six turrets with full hoppers, a Generator with 40 coal and 40 more in the chest, 20 magazines in the chest; every pip green from the first tick
ok 82 - HQ start (D-P4-8): six turrets with full hoppers, a Generator with 40 coal and 40 more in the chest, 20 magazines in the chest; every pip green from the first tick
  ---
  duration_ms: 171.439995
  type: 'test'
  ...
# Subtest: feeding: an inserter fills a turret from a belt of magazines to its 50-round hopper and waits; hand-feeding fills it from the pockets at once (prompt B M3); the pip follows
ok 83 - feeding: an inserter fills a turret from a belt of magazines to its 50-round hopper and waits; hand-feeding fills it from the pockets at once (prompt B M3); the pip follows
  ---
  duration_ms: 47.409338
  type: 'test'
  ...
# Subtest: engagement: crawlers drain the turrets fullest-first at 5 rounds/s each; a rush past the rate goes unfed; the hopper-empty event fires on the same tick the pip turns red
ok 84 - engagement: crawlers drain the turrets fullest-first at 5 rounds/s each; a rush past the rate goes unfed; the hopper-empty event fires on the same tick the pip turns red
  ---
  duration_ms: 53.381266
  type: 'test'
  ...
# Subtest: Generator: 300 kW, 4 MJ a coal — the start's 40 coal last 533 s at full load; a dry Generator kills the grid until hand-fed
ok 85 - Generator: 300 kW, 4 MJ a coal — the start's 40 coal last 533 s at full load; a dry Generator kills the grid until hand-fed
  ---
  duration_ms: 123.389676
  type: 'test'
  ...
# Subtest: D-B3-4 proportional brownout: short of supply every machine runs at supply ÷ demand — the Excavator mines that much slower, the Lamp stays lit, the substation stays on, nothing switches off — and full speed returns the second the supply covers demand
ok 86 - D-B3-4 proportional brownout: short of supply every machine runs at supply ÷ demand — the Excavator mines that much slower, the Lamp stays lit, the substation stays on, nothing switches off — and full speed returns the second the supply covers demand
  ---
  duration_ms: 81.024188
  type: 'test'
  ...
# Subtest: lamps and streetlights: radius 4, lit while the substation powers; three in eight streetlights are broken; a Lamp fills a dark spot
ok 87 - lamps and streetlights: radius 4, lit while the substation powers; three in eight streetlights are broken; a Lamp fills a dark spot
  ---
  duration_ms: 32.184417
  type: 'test'
  ...
# Subtest: poles: reach 8 from a claimed substation; RI-03: a connected run that reaches a Dark neighbour's substation claims nothing — the block waits for its materials and an explicit Activate; a map claim still strings its own poles (legacy)
ok 88 - poles: reach 8 from a claimed substation; RI-03: a connected run that reaches a Dark neighbour's substation claims nothing — the block waits for its materials and an explicit Activate; a map claim still strings its own poles (legacy)
  ---
  duration_ms: 52.089712
  type: 'test'
  ...
# Subtest: a flow layer saved before M3 loads with the M3 fields; placement refuses the substation footprint
ok 89 - a flow layer saved before M3 loads with the M3 fields; placement refuses the substation footprint
  ---
  duration_ms: 37.479598
  type: 'test'
  ...
# Subtest: the bot's hands: every turret at or under half and every Generator at or under half is hand-fed from the Depot
ok 90 - the bot's hands: every turret at or under half and every Generator at or under half is hand-fed from the Depot
  ---
  duration_ms: 18.819096
  type: 'test'
  ...
# Subtest: city HQ (D-B1-4): the start turrets are derived from the HQ's segments — one per 16 tiles, at least one a segment, a corner sliver served by the turrets that reach it — so every live segment is a covered turret edge on seeds 3, 4 and 5, and the HQ holds three minutes with no hopper empty
ok 91 - city HQ (D-B1-4): the start turrets are derived from the HQ's segments — one per 16 tiles, at least one a segment, a corner sliver served by the turrets that reach it — so every live segment is a covered turret edge on seeds 3, 4 and 5, and the HQ holds three minutes with no hopper empty
  ---
  duration_ms: 1704.950148
  type: 'test'
  ...
# Subtest: unlocks: the Electricians' Floodlight, Big pole and Substation are locked until their block turns Held, the held event names them, and losing the block later keeps them
ok 92 - unlocks: the Electricians' Floodlight, Big pole and Substation are locked until their block turns Held, the held event names them, and losing the block later keeps them
  ---
  duration_ms: 157.650112
  type: 'test'
  ...
# Subtest: Floodlight: 2×2, 40 kW, lights a 12-tile 60° cone along its facing while the face is powered, and nothing behind or beside it
ok 93 - Floodlight: 2×2, 40 kW, lights a 12-tile 60° cone along its facing while the face is powered, and nothing behind or beside it
  ---
  duration_ms: 58.144948
  type: 'test'
  ...
# Subtest: Big pole: 2×2, reach 12 — it hangs from a substation a pole at the same distance cannot reach, and claims through poleClaims like a pole
ok 94 - Big pole: 2×2, reach 12 — it hangs from a substation a pole at the same distance cannot reach, and claims through poleClaims like a pole
  ---
  duration_ms: 52.927484
  type: 'test'
  ...
# Subtest: craftable Substation: an outskirts face has none (§7) — no slab, no streetlights, no pole anchor — until the Electricians' 3×3 is built on it; one a face; picked up, the face is bare again
ok 95 - craftable Substation: an outskirts face has none (§7) — no slab, no streetlights, no pole anchor — until the Electricians' 3×3 is built on it; one a face; picked up, the face is bare again
  ---
  duration_ms: 60.396883
  type: 'test'
  ...
# Subtest: defence observation preserves ordinary commands, clock, live raid and replay
ok 96 - defence observation preserves ordinary commands, clock, live raid and replay
  ---
  duration_ms: 4093.550611
  type: 'test'
  ...
# Subtest: time away from home uses elapsed ticks rather than count of fractional samples
ok 97 - time away from home uses elapsed ticks rather than count of fractional samples
  ---
  duration_ms: 337.307722
  type: 'test'
  ...
# Subtest: seed 8 survey avoids forbidden street tiles and supports a paid three-stop line from ordinary stock
ok 98 - seed 8 survey avoids forbidden street tiles and supports a paid three-stop line from ordinary stock
  ---
  duration_ms: 2188.235586
  type: 'test'
  ...
# Subtest: every street segment has an emergence point per direction: a walkable kerb tile of the emerging block (a street tile facing it), ids 1..N in (block, other) order, identical on a rebuilt state, one for every ring edge
ok 99 - every street segment has an emergence point per direction: a walkable kerb tile of the emerging block (a street tile facing it), ids 1..N in (block, other) order, identical on a rebuilt state, one for every ring edge
  ---
  duration_ms: 1036.539664
  type: 'test'
  ...
# Subtest: active points are the Dark blocks' points facing a Held or contested block: at the start the HQ's dark neighbours, never a Held block's own; a block turning Held goes quiet
ok 100 - active points are the Dark blocks' points facing a Held or contested block: at the start the HQ's dark neighbours, never a Held block's own; a block turning Held goes quiet
  ---
  duration_ms: 68.99162
  type: 'test'
  ...
# Subtest: births: every crawler is born at its emergence point's birth tile on the Dark block's kerb — never on a tile the Held block owns or faces — with its origin id; once moving it has a heading and an inspectable target on the block it walks into; a shade leaves a trace
ok 101 - births: every crawler is born at its emergence point's birth tile on the Dark block's kerb — never on a tile the Held block owns or faces — with its origin id; once moving it has a heading and an inspectable target on the block it walks into; a shade leaves a trace
  ---
  duration_ms: 393.51013
  type: 'test'
  ...
# Subtest: a shade's trace: the tiles it crossed within TRACE_S, aged, at most TRACE_N; shadeNear finds it for the lamp flicker; the light layer is untouched by a trace
ok 102 - a shade's trace: the tiles it crossed within TRACE_S, aged, at most TRACE_N; shadeNear finds it for the lamp flicker; the light layer is untouched by a trace
  ---
  duration_ms: 85.147628
  type: 'test'
  ...
# Subtest: second area is reachable across seeds; restoration costs, local power, radio and once-only kit survive saves
ok 103 - second area is reachable across seeds; restoration costs, local power, radio and once-only kit survive saves
  ---
  duration_ms: 5333.076644
  type: 'test'
  ...
# Subtest: fresh paid expedition lays its generated kit and moves reserved freight between independently powered bases
ok 104 - fresh paid expedition lays its generated kit and moves reserved freight between independently powered bases
  ---
  duration_ms: 1652.287424
  type: 'test'
  ...
# Subtest: old home preview upgrades deterministically without granting a kit; malformed expansion metadata is rejected
ok 105 - old home preview upgrades deterministically without granting a kit; malformed expansion metadata is rejected
  ---
  duration_ms: 780.914944
  type: 'test'
  ...
# Subtest: physical pole links power a remote installation and picking them up disconnects it
ok 106 - physical pole links power a remote installation and picking them up disconnects it
  ---
  duration_ms: 352.698686
  type: 'test'
  ...
# Subtest: upgrading a home-only save preserves the save but labels its old log as incomplete for the new campaign factory
ok 107 - upgrading a home-only save preserves the save but labels its old log as incomplete for the new campaign factory
  ---
  duration_ms: 417.402678
  type: 'test'
  ...
# Subtest: factory blueprint validates structure, rectangular occupancy, settings, paired endpoints and bounded input before issuing commands
ok 108 - factory blueprint validates structure, rectangular occupancy, settings, paired endpoints and bounded input before issuing commands
  ---
  duration_ms: 742.965182
  type: 'test'
  ...
# Subtest: a blueprint walks and pays from ordinary stock, keeps the engineer clear, and replays all construction/settings from a fresh campaign
ok 109 - a blueprint walks and pays from ordinary stock, keeps the engineer clear, and replays all construction/settings from a fresh campaign
  ---
  duration_ms: 1271.465879
  type: 'test'
  ...
# Subtest: failed blueprint retains only paid completed work and reports the failing entity; invalid replay intervals are rejected
ok 110 - failed blueprint retains only paid completed work and reports the failing entity; invalid replay intervals are rejected
  ---
  duration_ms: 664.325365
  type: 'test'
  ...
# Subtest: the seeded copper margin is mined and stored by ordinary commands before a paid extraction layout is built
ok 111 - the seeded copper margin is mined and stored by ordinary commands before a paid extraction layout is built
  ---
  duration_ms: 14899.053946
  type: 'test'
  ...
# Subtest: the HQ lot: §11 patches, a clear Depot footprint, the Depot placed by ensureFlow, the Mk1 stand-in retired
ok 112 - the HQ lot: §11 patches, a clear Depot footprint, the Depot placed by ensureFlow, the Mk1 stand-in retired
  ---
  duration_ms: 146.564207
  type: 'test'
  ...
# Subtest: Excavator: 0.5 units/s onto the belt it faces, one tile at a time; the steel patch and the tile go with it
ok 113 - Excavator: 0.5 units/s onto the belt it faces, one tile at a time; the steel patch and the tile go with it
  ---
  duration_ms: 154.923485
  type: 'test'
  ...
# Subtest: belt: 7.5 items/s through a 12-tile run with a corner; items keep their spacing; a head-on belt does not feed
ok 114 - belt: 7.5 items/s through a 12-tile run with a corner; items keep their spacing; a head-on belt does not feed
  ---
  duration_ms: 62.707807
  type: 'test'
  ...
# Subtest: inserter: 1 item/s from a belt into the Depot; it waits with the item when the target is full
ok 115 - inserter: 1 item/s from a belt into the Depot; it waits with the item when the target is full
  ---
  duration_ms: 37.398947
  type: 'test'
  ...
# Subtest: Shot assembler: 3 s a magazine (20/min) from 2 steel + 1 Cu, out through an inserter into the Depot
ok 116 - Shot assembler: 3 s a magazine (20/min) from 2 steel + 1 Cu, out through an inserter into the Depot
  ---
  duration_ms: 43.309622
  type: 'test'
  ...
# Subtest: a whole line: two Excavators → belt → assembler ← copper; magazines to the Depot at the doc rate
ok 117 - a whole line: two Excavators → belt → assembler ← copper; magazines to the Depot at the doc rate
  ---
  duration_ms: 109.98445
  type: 'test'
  ...
# Subtest: time: 20 tile ticks a block tick; 1 h at 4× is 72,000 tile ticks; determinism across frame sizes; JSON round trip
ok 118 - time: 20 tile ticks a block tick; 1 h at 4× is 72,000 tile ticks; determinism across frame sizes; JSON round trip
  ---
  duration_ms: 487.35704
  type: 'test'
  ...
# Subtest: placement: Held cells only, streets for belts and inserters, no rubble under anything but an Excavator, costs and refunds
ok 119 - placement: Held cells only, streets for belts and inserters, no rubble under anything but an Excavator, costs and refunds
  ---
  duration_ms: 31.296586
  type: 'test'
  ...
# Subtest: the block map stays the judge: a machine on a block that stops being Held stands still
ok 120 - the block map stays the judge: a machine on a block that stops being Held stands still
  ---
  duration_ms: 21.188094
  type: 'test'
  ...
# Subtest: hands: mining a unit a second into the pockets within reach, and only then; the chest takes them within reach of the Depot; crafting a magazine in the recipe's time (Mk1, 6 s) from the pockets into the pockets
ok 121 - hands: mining a unit a second into the pockets within reach, and only then; the chest takes them within reach of the Depot; crafting a magazine in the recipe's time (Mk1, 6 s) from the pockets into the pockets
  ---
  duration_ms: 13.860068
  type: 'test'
  ...
# Subtest: three stations reserve only their own deliveries; stock and in-flight reservations prevent double ordering across trams; exports return upstream
ok 122 - three stations reserve only their own deliveries; stock and in-flight reservations prevent double ordering across trams; exports return upstream
  ---
  duration_ms: 428.688069
  type: 'test'
  ...
# Subtest: capacity is reserved across all items and trams; partial refusal returns the remainder without losing it
ok 123 - capacity is reserved across all items and trams; partial refusal returns the remainder without losing it
  ---
  duration_ms: 78.047573
  type: 'test'
  ...
# Subtest: unpowered stops retain cargo with bounded service; a refused destination returns home, and removal of either endpoint remains recoverable
ok 124 - unpowered stops retain cargo with bounded service; a refused destination returns home, and removal of either endpoint remains recoverable
  ---
  duration_ms: 53.032601
  type: 'test'
  ...
# Subtest: a mid-shipment save resumes to the same hash; old saves stay version one and invalid manifests are rejected
ok 125 - a mid-shipment save resumes to the same hash; old saves stay version one and invalid manifests are rejected
  ---
  duration_ms: 124.865817
  type: 'test'
  ...
# Subtest: names: every block has a stable, unique, state-free name; the HQ is "HQ"; the rail yard is named; the §11 directions are three distinct HQ neighbours
ok 126 - names: every block has a stable, unique, state-free name; the HQ is "HQ"; the rail yard is named; the §11 directions are three distinct HQ neighbours
  ---
  duration_ms: 5601.349295
  type: 'test'
  ...
# Subtest: goal: a fresh city asks for hand-mined steel; a block-only state asks for the front; every id shown in 20 minutes is a §11 row in schedule order and never wrong against the state
ok 127 - goal: a fresh city asks for hand-mined steel; a block-only state asks for the front; every id shown in 20 minutes is a §11 row in schedule order and never wrong against the state
  ---
  duration_ms: 1333.978137
  type: 'test'
  ...
# Subtest: machineStatus: one of five words with a reason; the line at minute 10 has running Excavators, and an unpowered block reads off
ok 128 - machineStatus: one of five words with a reason; the line at minute 10 has running Excavators, and an unpowered block reads off
  ---
  duration_ms: 576.419438
  type: 'test'
  ...
# Subtest: save: the hash ignores only the transients, a load validates and deep-copies, and a save at 1:30 replays to the unbroken run's hash at 3:00
ok 129 - save: the hash ignores only the transients, a load validates and deep-copies, and a save at 1:30 replays to the unbroken run's hash at 3:00
  ---
  duration_ms: 394.182045
  type: 'test'
  ...
# Subtest: RI-06: enableHeart puts the Heart on the rail yard with two feeder cabinets on the lot toward two Dark approaches, once
ok 130 - RI-06: enableHeart puts the Heart on the rail yard with two feeder cabinets on the lot toward two Dark approaches, once
  ---
  duration_ms: 1554.672539
  type: 'test'
  ...
# Subtest: RI-06: the cabinets take deliveries from the pockets and the installation refuses the Activate until both are supplied and powered
ok 131 - RI-06: the cabinets take deliveries from the pockets and the installation refuses the Activate until both are supplied and powered
  ---
  duration_ms: 77.484398
  type: 'test'
  ...
# Subtest: RI-06 (plan §9.4): the hour bot, rifle off, prepares the yard, starts the Heart and destroys it once; the reward is granted once
ok 132 - RI-06 (plan §9.4): the hour bot, rifle off, prepares the yard, starts the Heart and destroys it once; the reward is granted once
  ---
  duration_ms: 2644.326277
  type: 'test'
  ...
# Subtest: RI-06 (§9.2 defaults 9–11): a knocked-out feeder stalls the commissioning, 60 s stalls it to interrupted; deliveries and the charge stay, the retry charges nothing twice and keys its packets anew
ok 133 - RI-06 (§9.2 defaults 9–11): a knocked-out feeder stalls the commissioning, 60 s stalls it to interrupted; deliveries and the charge stay, the retry charges nothing twice and keys its packets anew
  ---
  duration_ms: 1932.259051
  type: 'test'
  ...
# Subtest: RI-06: a save mid-attempt reloads to the same hash and runs on to the same hash; the explicit abort works only while commissioning
ok 134 - RI-06: a save mid-attempt reloads to the same hash and runs on to the same hash; the explicit abort works only while commissioning
  ---
  duration_ms: 1886.130559
  type: 'test'
  ...
# Subtest: RI-06: a pole run reaching a cabinet is what "connected" means — removing it pauses the commissioning (no knock-out)
ok 135 - RI-06: a pole run reaching a cabinet is what "connected" means — removing it pauses the commissioning (no knock-out)
  ---
  duration_ms: 1806.571214
  type: 'test'
  ...
# Subtest: hour bot, minutes 0–8: walks to the steel patch, hand-mines, crafts at the workbench, walks magazines to the turrets on the ~6-minute red pip (D-P4-8)
ok 136 - hour bot, minutes 0–8: walks to the steel patch, hand-mines, crafts at the workbench, walks magazines to the turrets on the ~6-minute red pip (D-P4-8)
  ---
  duration_ms: 1116.100026
  type: 'test'
  ...
# Subtest: hour bot, minute 10: the three Excavators, the Shot line and Generator 2 stand on the HQ lot; every refusal is in the log with a reason
ok 137 - hour bot, minute 10: the three Excavators, the Shot line and Generator 2 stand on the HQ lot; every refusal is in the log with a reason
  ---
  duration_ms: 790.406698
  type: 'test'
  ...
# Subtest: hour bot, minute 45: east and west claimed at constants.HOUR's minutes (15:00, 25:00 — D-HOUR-1), walked over and kitted, north (65:00, D-P4-10 (a)) inside the 75-minute hour (D-HOUR-3) but not yet claimed at 45:00; the bot never teleports
ok 138 - hour bot, minute 45: east and west claimed at constants.HOUR's minutes (15:00, 25:00 — D-HOUR-1), walked over and kitted, north (65:00, D-P4-10 (a)) inside the 75-minute hour (D-HOUR-3) but not yet claimed at 45:00; the bot never teleports
  ---
  duration_ms: 3620.812633
  type: 'test'
  ...
# Subtest: hour report: the findings name every §11 moment that never happened, and the walking row is there
ok 139 - hour report: the findings name every §11 moment that never happened, and the walking row is there
  ---
  duration_ms: 97.098833
  type: 'test'
  ...
# Subtest: feed / repair / rotate commands: E and R by command, within reach only
ok 140 - feed / repair / rotate commands: E and R by command, within reach only
  ---
  duration_ms: 42.980003
  type: 'test'
  ...
# Subtest: replay: a logged hour-bot run replays to the same state, and the rifle-off replay yields a verdict per hand-fired fight
ok 141 - replay: a logged hour-bot run replays to the same state, and the rifle-off replay yields a verdict per hand-fired fight
  ---
  duration_ms: 1883.648876
  type: 'test'
  ...
# Subtest: hour bot: place and handFeed by hand agree with the bot's feed task on the same turret
ok 142 - hour bot: place and handFeed by hand agree with the bot's feed task on the same turret
  ---
  duration_ms: 43.726956
  type: 'test'
  ...
# Subtest: inspection: paid assembler exposes nominal recipe rates, completed production and conserved saved continuation
ok 143 - inspection: paid assembler exposes nominal recipe rates, completed production and conserved saved continuation
  ---
  duration_ms: 1072.582864
  type: 'test'
  ...
# Subtest: inspection: recipe changes retain per-item observations; packing/rebuild resets only machine history
ok 144 - inspection: recipe changes retain per-item observations; packing/rebuild resets only machine history
  ---
  duration_ms: 365.453492
  type: 'test'
  ...
# Subtest: inspection: local circuits isolate remote supply, reflect brownout, fuel exhaustion and pole connection
ok 145 - inspection: local circuits isolate remote supply, reflect brownout, fuel exhaustion and pole connection
  ---
  duration_ms: 373.771024
  type: 'test'
  ...
# Subtest: inspection: belt blockage and inserter destination loss report the actual held state
ok 146 - inspection: belt blockage and inserter destination loss report the actual held state
  ---
  duration_ms: 301.824124
  type: 'test'
  ...
# Subtest: inspection: saved sample window is bounded, excludes pause time and rejects malformed observations
ok 147 - inspection: saved sample window is bounded, excludes pause time and rejects malformed observations
  ---
  duration_ms: 657.440105
  type: 'test'
  ...
# Subtest: inspection: fresh campaign replay includes identical observations and readonly queries add no commands
ok 148 - inspection: fresh campaign replay includes identical observations and readonly queries add no commands
  ---
  duration_ms: 488.666052
  type: 'test'
  ...
# Subtest: conservation: the hour bot's first twenty minutes reconcile on seed 3 — and an injected item is reported
ok 149 - conservation: the hour bot's first twenty minutes reconcile on seed 3 — and an injected item is reported
  ---
  duration_ms: 2369.496924
  type: 'test'
  ...
# Subtest: conservation: a hand-played sequence — chest, craft, place, feed, pick-up, recipe change, hand mining — reconciles
ok 150 - conservation: a hand-played sequence — chest, craft, place, feed, pick-up, recipe change, hand mining — reconciles
  ---
  duration_ms: 118.63693
  type: 'test'
  ...
# Subtest: conservation: rounds a full line buffer cannot take back are counted lost, not dropped (stats.roundsLost)
ok 151 - conservation: rounds a full line buffer cannot take back are counted lost, not dropped (stats.roundsLost)
  ---
  duration_ms: 78.305634
  type: 'test'
  ...
# Subtest: light map: the HQ face's street is lit by its kerb streetlights, its lot is unlit beyond them, and the mask agrees with litAt everywhere
ok 152 - light map: the HQ face's street is lit by its kerb streetlights, its lot is unlit beyond them, and the mask agrees with litAt everywhere
  ---
  duration_ms: 733.765505
  type: 'test'
  ...
# Subtest: a Lamp lights its radius on the lot; a Floodlight its cone
ok 153 - a Lamp lights its radius on the lot; a Floodlight its cone
  ---
  duration_ms: 97.608624
  type: 'test'
  ...
# Subtest: burn-off: the claimed block's streetlights come on from the substation out at three a second; progress runs 0 → 1 over 20 + 60·d s and then the block is Held
ok 154 - burn-off: the claimed block's streetlights come on from the substation out at three a second; progress runs 0 → 1 over 20 + 60·d s and then the block is Held
  ---
  duration_ms: 91.803431
  type: 'test'
  ...
# Subtest: repair: E on a broken streetlight costs one copper and lights it; an eaten Lamp leaves the broken list; no copper refuses
ok 155 - repair: E on a broken streetlight costs one copper and lights it; an eaten Lamp leaves the broken list; no copper refuses
  ---
  duration_ms: 72.008769
  type: 'test'
  ...
# Subtest: seed 3 power doc-substations: 5-hour compact run matches the Python fixture
ok 156 - seed 3 power doc-substations: 5-hour compact run matches the Python fixture
  ---
  duration_ms: 238.559645
  type: 'test'
  ...
# Subtest: seed 3 power doc-machines-first: 5-hour compact run matches the Python fixture
ok 157 - seed 3 power doc-machines-first: 5-hour compact run matches the Python fixture
  ---
  duration_ms: 148.394609
  type: 'test'
  ...
# Subtest: seed 3 power half-substations: 5-hour compact run matches the Python fixture
ok 158 - seed 3 power half-substations: 5-hour compact run matches the Python fixture
  ---
  duration_ms: 122.560581
  type: 'test'
  ...
# Subtest: seed 3 power half-machines-first-grace300: 5-hour compact run matches the Python fixture
ok 159 - seed 3 power half-machines-first-grace300: 5-hour compact run matches the Python fixture
  ---
  duration_ms: 129.662833
  type: 'test'
  ...
# Subtest: seed 3 power schedule-doc: 5-hour compact run matches the Python fixture
ok 160 - seed 3 power schedule-doc: 5-hour compact run matches the Python fixture
  ---
  duration_ms: 127.005613
  type: 'test'
  ...
# Subtest: seed 4 power doc-substations: 5-hour compact run matches the Python fixture
ok 161 - seed 4 power doc-substations: 5-hour compact run matches the Python fixture
  ---
  duration_ms: 102.777141
  type: 'test'
  ...
# Subtest: seed 4 power doc-machines-first: 5-hour compact run matches the Python fixture
ok 162 - seed 4 power doc-machines-first: 5-hour compact run matches the Python fixture
  ---
  duration_ms: 100.473758
  type: 'test'
  ...
# Subtest: seed 4 power half-substations: 5-hour compact run matches the Python fixture
ok 163 - seed 4 power half-substations: 5-hour compact run matches the Python fixture
  ---
  duration_ms: 110.451268
  type: 'test'
  ...
# Subtest: seed 4 power half-machines-first-grace300: 5-hour compact run matches the Python fixture
ok 164 - seed 4 power half-machines-first-grace300: 5-hour compact run matches the Python fixture
  ---
  duration_ms: 107.870905
  type: 'test'
  ...
# Subtest: seed 4 power schedule-doc: 5-hour compact run matches the Python fixture
ok 165 - seed 4 power schedule-doc: 5-hour compact run matches the Python fixture
  ---
  duration_ms: 113.185269
  type: 'test'
  ...
# Subtest: seed 5 power doc-substations: 5-hour compact run matches the Python fixture
ok 166 - seed 5 power doc-substations: 5-hour compact run matches the Python fixture
  ---
  duration_ms: 117.965267
  type: 'test'
  ...
# Subtest: seed 5 power doc-machines-first: 5-hour compact run matches the Python fixture
ok 167 - seed 5 power doc-machines-first: 5-hour compact run matches the Python fixture
  ---
  duration_ms: 109.295697
  type: 'test'
  ...
# Subtest: seed 5 power half-substations: 5-hour compact run matches the Python fixture
ok 168 - seed 5 power half-substations: 5-hour compact run matches the Python fixture
  ---
  duration_ms: 106.951207
  type: 'test'
  ...
# Subtest: seed 5 power half-machines-first-grace300: 5-hour compact run matches the Python fixture
ok 169 - seed 5 power half-machines-first-grace300: 5-hour compact run matches the Python fixture
  ---
  duration_ms: 109.712044
  type: 'test'
  ...
# Subtest: seed 5 power schedule-doc: 5-hour compact run matches the Python fixture
ok 170 - seed 5 power schedule-doc: 5-hour compact run matches the Python fixture
  ---
  duration_ms: 96.392314
  type: 'test'
  ...
# Subtest: EX-06A: placed three-stop railway uses reach-checked commands, resumes in transit and parks intact across a broken track
ok 171 - EX-06A: placed three-stop railway uses reach-checked commands, resumes in transit and parks intact across a broken track
  ---
  duration_ms: 2336.720246
  type: 'test'
  ...
# Subtest: the rail-yard project: discovered → preparing (the pole run) → ready (materials by hand and off a belt) → commissioning (Activate, its id) → restored (Held) once; the reward unlocks the rail kit, which was locked before; a later loss keeps stage and reward and makes it non-operational; the retake re-grants nothing
ok 172 - the rail-yard project: discovered → preparing (the pole run) → ready (materials by hand and off a belt) → commissioning (Activate, its id) → restored (Held) once; the reward unlocks the rail kit, which was locked before; a later loss keeps stage and reward and makes it non-operational; the retake re-grants nothing
  ---
  duration_ms: 1293.276013
  type: 'test'
  ...
# Subtest: the local supply depot: a supply chest on the restored (Held) site, stocked by hand with ordinary items, commissioned within reach — the record alone changes: no claim, no charge, the stock stays; the restored depot hands out kits; a pre-RI-05 save discovers its projects on load
ok 173 - the local supply depot: a supply chest on the restored (Held) site, stocked by hand with ordinary items, commissioned within reach — the record alone changes: no claim, no charge, the stock stays; the restored depot hands out kits; a pre-RI-05 save discovers its projects on load
  ---
  duration_ms: 1124.248813
  type: 'test'
  ...
# Subtest: a supply chest on the front feeds an inserter and takes from one; the tram shuttle: track on the street only, a stop at each end, one tram — items put on the platform ride to the far stop's arrivals (hand and inserter take them there), the ledger balances, and a save mid-run advances to the same hash
ok 174 - a supply chest on the front feeds an inserter and takes from one; the tram shuttle: track on the street only, a stop at each end, one tram — items put on the platform ride to the far stop's arrivals (hand and inserter take them there), the ledger balances, and a save mid-run advances to the same hash
  ---
  duration_ms: 1006.006127
  type: 'test'
  ...
# Subtest: hash01 matches frontsim.hash01
ok 175 - hash01 matches frontsim.hash01
  ---
  duration_ms: 1.445551
  type: 'test'
  ...
# Subtest: pyRound is half-to-even
ok 176 - pyRound is half-to-even
  ---
  duration_ms: 0.324987
  type: 'test'
  ...
# Subtest: districtBase() and wellInfluence() match the fixture cells bit for bit (24×22 fixture geometry)
ok 177 - districtBase() and wellInfluence() match the fixture cells bit for bit (24×22 fixture geometry)
  ---
  duration_ms: 7.575404
  type: 'test'
  ...
# Subtest: seed 3 open compact: 5-hour run matches the Python fixture
ok 178 - seed 3 open compact: 5-hour run matches the Python fixture
  ---
  duration_ms: 331.031751
  type: 'test'
  ...
# Subtest: seed 3 open spike: 5-hour run matches the Python fixture
ok 179 - seed 3 open spike: 5-hour run matches the Python fixture
  ---
  duration_ms: 179.248814
  type: 'test'
  ...
# Subtest: seed 3 open cheapest: 5-hour run matches the Python fixture
ok 180 - seed 3 open cheapest: 5-hour run matches the Python fixture
  ---
  duration_ms: 203.067241
  type: 'test'
  ...
# Subtest: seed 3 open turtle: 5-hour run matches the Python fixture
ok 181 - seed 3 open turtle: 5-hour run matches the Python fixture
  ---
  duration_ms: 117.445689
  type: 'test'
  ...
# Subtest: seed 3 scattered compact: 5-hour run matches the Python fixture
ok 182 - seed 3 scattered compact: 5-hour run matches the Python fixture
  ---
  duration_ms: 148.341253
  type: 'test'
  ...
# Subtest: seed 3 scattered spike: 5-hour run matches the Python fixture
ok 183 - seed 3 scattered spike: 5-hour run matches the Python fixture
  ---
  duration_ms: 128.529414
  type: 'test'
  ...
# Subtest: seed 3 scattered cheapest: 5-hour run matches the Python fixture
ok 184 - seed 3 scattered cheapest: 5-hour run matches the Python fixture
  ---
  duration_ms: 132.240806
  type: 'test'
  ...
# Subtest: seed 3 scattered turtle: 5-hour run matches the Python fixture
ok 185 - seed 3 scattered turtle: 5-hour run matches the Python fixture
  ---
  duration_ms: 103.789558
  type: 'test'
  ...
# Subtest: seed 4 open compact: 5-hour run matches the Python fixture
ok 186 - seed 4 open compact: 5-hour run matches the Python fixture
  ---
  duration_ms: 130.558103
  type: 'test'
  ...
# Subtest: seed 4 open spike: 5-hour run matches the Python fixture
ok 187 - seed 4 open spike: 5-hour run matches the Python fixture
  ---
  duration_ms: 126.51015
  type: 'test'
  ...
# Subtest: seed 4 open cheapest: 5-hour run matches the Python fixture
ok 188 - seed 4 open cheapest: 5-hour run matches the Python fixture
  ---
  duration_ms: 127.195644
  type: 'test'
  ...
# Subtest: seed 4 open turtle: 5-hour run matches the Python fixture
ok 189 - seed 4 open turtle: 5-hour run matches the Python fixture
  ---
  duration_ms: 115.717333
  type: 'test'
  ...
# Subtest: seed 4 scattered compact: 5-hour run matches the Python fixture
ok 190 - seed 4 scattered compact: 5-hour run matches the Python fixture
  ---
  duration_ms: 112.320444
  type: 'test'
  ...
# Subtest: seed 4 scattered spike: 5-hour run matches the Python fixture
ok 191 - seed 4 scattered spike: 5-hour run matches the Python fixture
  ---
  duration_ms: 141.47534
  type: 'test'
  ...
# Subtest: seed 4 scattered cheapest: 5-hour run matches the Python fixture
ok 192 - seed 4 scattered cheapest: 5-hour run matches the Python fixture
  ---
  duration_ms: 115.640698
  type: 'test'
  ...
# Subtest: seed 4 scattered turtle: 5-hour run matches the Python fixture
ok 193 - seed 4 scattered turtle: 5-hour run matches the Python fixture
  ---
  duration_ms: 97.743594
  type: 'test'
  ...
# Subtest: seed 5 open compact: 5-hour run matches the Python fixture
ok 194 - seed 5 open compact: 5-hour run matches the Python fixture
  ---
  duration_ms: 128.857094
  type: 'test'
  ...
# Subtest: seed 5 open spike: 5-hour run matches the Python fixture
ok 195 - seed 5 open spike: 5-hour run matches the Python fixture
  ---
  duration_ms: 119.514779
  type: 'test'
  ...
# Subtest: seed 5 open cheapest: 5-hour run matches the Python fixture
ok 196 - seed 5 open cheapest: 5-hour run matches the Python fixture
  ---
  duration_ms: 117.7783
  type: 'test'
  ...
# Subtest: seed 5 open turtle: 5-hour run matches the Python fixture
ok 197 - seed 5 open turtle: 5-hour run matches the Python fixture
  ---
  duration_ms: 99.641497
  type: 'test'
  ...
# Subtest: seed 5 scattered compact: 5-hour run matches the Python fixture
ok 198 - seed 5 scattered compact: 5-hour run matches the Python fixture
  ---
  duration_ms: 115.108627
  type: 'test'
  ...
# Subtest: seed 5 scattered spike: 5-hour run matches the Python fixture
ok 199 - seed 5 scattered spike: 5-hour run matches the Python fixture
  ---
  duration_ms: 100.334307
  type: 'test'
  ...
# Subtest: seed 5 scattered cheapest: 5-hour run matches the Python fixture
ok 200 - seed 5 scattered cheapest: 5-hour run matches the Python fixture
  ---
  duration_ms: 119.614776
  type: 'test'
  ...
# Subtest: seed 5 scattered turtle: 5-hour run matches the Python fixture
ok 201 - seed 5 scattered turtle: 5-hour run matches the Python fixture
  ---
  duration_ms: 101.469458
  type: 'test'
  ...
# Subtest: state round-trips through JSON and continues identically
ok 202 - state round-trips through JSON and continues identically
  ---
  duration_ms: 173.960805
  type: 'test'
  ...
# Subtest: routing: underground span boundaries, paired construction and atomic interference/material/reach refusals
ok 203 - routing: underground span boundaries, paired construction and atomic interference/material/reach refusals
  ---
  duration_ms: 1332.168685
  type: 'test'
  ...
# Subtest: routing: buried stock survives interruption, refused rotation, load, reconnection and pickup without duplication
ok 204 - routing: buried stock survives interruption, refused rotation, load, reconnection and pickup without duplication
  ---
  duration_ms: 1156.800564
  type: 'test'
  ...
# Subtest: routing: splitter footprint, both occupied tiles, collision-safe rotation and history/settings survive load
ok 205 - routing: splitter footprint, both occupied tiles, collision-safe rotation and history/settings survive load
  ---
  duration_ms: 534.771447
  type: 'test'
  ...
# Subtest: routing: left/right priority, balanced alternation, fallback, backpressure and FIFO retain every item
ok 206 - routing: left/right priority, balanced alternation, fallback, backpressure and FIFO retain every item
  ---
  duration_ms: 642.176041
  type: 'test'
  ...
# Subtest: routing: inserter filtering selects from mixed chests and belts and preserves a held item on filter change
ok 207 - routing: inserter filtering selects from mixed chests and belts and preserves a held item on filter change
  ---
  duration_ms: 426.069119
  type: 'test'
  ...
# Subtest: routing: paired commands and settings replay at a paused boundary and survive saved history
ok 208 - routing: paired commands and settings replay at a paused boundary and survive saved history
  ---
  duration_ms: 737.580598
  type: 'test'
  ...
# Subtest: routing: crossing tunnels pair independently and an intervening endpoint refuses a new pair atomically
ok 209 - routing: crossing tunnels pair independently and an intervening endpoint refuses a new pair atomically
  ---
  duration_ms: 491.533169
  type: 'test'
  ...
# Subtest: routing: filter applies to mixed belt and station-arrival source fixtures
ok 210 - routing: filter applies to mixed belt and station-arrival source fixtures
  ---
  duration_ms: 460.805043
  type: 'test'
  ...
# Subtest: routing: rectangular occupancy follows all four rotations, including the ordinary command path
ok 211 - routing: rectangular occupancy follows all four rotations, including the ordinary command path
  ---
  duration_ms: 1066.668969
  type: 'test'
  ...
# Subtest: routing: saturated splitter and underground throughput stay bounded and conserve their circulating fixture stock
ok 212 - routing: saturated splitter and underground throughput stay bounded and conserve their circulating fixture stock
  ---
  duration_ms: 423.654887
  type: 'test'
  ...
# Subtest: routing: all four recipes run through a paid chest/inserter/belt/underground/splitter line reached on foot
ok 213 - routing: all four recipes run through a paid chest/inserter/belt/underground/splitter line reached on foot
  ---
  duration_ms: 3231.388866
  type: 'test'
  ...
# Subtest: the candidate is one data configuration holding §7.1's values, outside SimConfig: the benchmark has no Stalker layer, no Stalkers, no stalker events
ok 214 - the candidate is one data configuration holding §7.1's values, outside SimConfig: the benchmark has no Stalker layer, no Stalkers, no stalker events
  ---
  duration_ms: 495.639752
  type: 'test'
  ...
# Subtest: switched on, one Stalker guards each Dark well block (seed 3: five) at a passable home tile inside its site; none is fielded within perception of the engineer, but that site fills once they leave; the layer survives a save round trip
ok 215 - switched on, one Stalker guards each Dark well block (seed 3: five) at a passable home tile inside its site; none is fielded within perception of the engineer, but that site fills once they leave; the layer survives a save round trip
  ---
  duration_ms: 176.042073
  type: 'test'
  ...
# Subtest: guard → investigate → pursue → attack: the engineer's movement inside perception draws it; the first hit lands one wind-up (0.8 s) after contact, then one hit a second for the retaliation value; it is inspectable throughout
ok 216 - guard → investigate → pursue → attack: the engineer's movement inside perception draws it; the first hit lands one wind-up (0.8 s) after contact, then one hit a second for the retaliation value; it is inspectable throughout
  ---
  duration_ms: 88.011938
  type: 'test'
  ...
# Subtest: a valid dodge: the swing that comes during the dash misses (no HP lost, a "dodged" event); the attack resumes after it
ok 217 - a valid dodge: the swing that comes during the dash misses (no HP lost, a "dodged" event); the attack resumes after it
  ---
  duration_ms: 69.535473
  type: 'test'
  ...
# Subtest: nothing after death: a Stalker killed mid-attack swings no more and its site remembers the time; the engineer down, it stops hitting and returns home
ok 218 - nothing after death: a Stalker killed mid-attack swings no more and its site remembers the time; the engineer down, it stops hitting and returns home
  ---
  duration_ms: 143.10209
  type: 'test'
  ...
# Subtest: the leash: pursuit never carries it past 16 tiles from home; it returns, reaches the home tile and guards again, warmed down
ok 219 - the leash: pursuit never carries it past 16 tiles from home; it returns, reaches the home tile and guards again, warmed down
  ---
  duration_ms: 98.133467
  type: 'test'
  ...
# Subtest: a restored site: the Stalker returns and retires at home; no respawn there ever after; elsewhere a dead Stalker returns respawnS later, and only with the engineer beyond perception of the home
ok 220 - a restored site: the Stalker returns and retires at home; no respawn there ever after; elsewhere a dead Stalker returns respawnS later, and only with the engineer beyond perception of the home
  ---
  duration_ms: 252.5581
  type: 'test'
  ...
# Subtest: turrets and the rifle hit it (4 HP a round, 24 HP); its kills count on the Stalker layer, not as turret or rifle kills
ok 221 - turrets and the rifle hit it (4 HP a round, 24 HP); its kills count on the Stalker layer, not as turret or rifle kills
  ---
  duration_ms: 135.849397
  type: 'test'
  ...
# Subtest: rot arrives as bodies on the segment ridge and walks the chain: lit lamps go out one by one, then the turret, then the substation; 40 unshot arrivals stop the substation and the block falls the block model's way; nothing ever leaves the two blocks; no hulks
ok 222 - rot arrives as bodies on the segment ridge and walks the chain: lit lamps go out one by one, then the turret, then the substation; 40 unshot arrivals stop the substation and the block falls the block model's way; nothing ever leaves the two blocks; no hulks
  ---
  duration_ms: 802.863518
  type: 'test'
  ...
# Subtest: fed turrets shoot the bodies at 3 rounds a crawler out of their own hoppers, the edge's hopper drains to the same hopper-empty pip, and no arrival reaches the substation
ok 223 - fed turrets shoot the bodies at 3 rounds a crawler out of their own hoppers, the edge's hopper drains to the same hopper-empty pip, and no arrival reaches the substation
  ---
  duration_ms: 223.842396
  type: 'test'
  ...
# Subtest: retaliation only (D5): a crawler ignores the engineer beside its path; shot, it turns and lands 5 HP/s at arm's reach; standing in its path turns it too; at zero HP the engineer is down and stands up at the workbench 10 s later with the pockets intact
ok 224 - retaliation only (D5): a crawler ignores the engineer beside its path; shot, it turns and lands 5 HP/s at arm's reach; standing in its path turns it too; at zero HP the engineer is down and stands up at the workbench 10 s later with the pockets intact
  ---
  duration_ms: 124.473808
  type: 'test'
  ...
# Subtest: the rifle: 1.5 rounds a second, three rounds a crawler (12 HP at 4 a round), no reach past 9 tiles; a shade off a lit tile cannot be hit by rifle or turret, on a lit one it can
ok 225 - the rifle: 1.5 rounds a second, three rounds a crawler (12 HP at 4 a round), no reach past 9 tiles; a shade off a lit tile cannot be hit by rifle or turret, on a lit one it can
  ---
  duration_ms: 79.479036
  type: 'test'
  ...
# Subtest: hand-fired engagements record whether the edge held; the fight the engineer left alone resolves when the block falls
ok 226 - hand-fired engagements record whether the edge held; the fight the engineer left alone resolves when the block falls
  ---
  duration_ms: 248.725437
  type: 'test'
  ...
# Subtest: the lattice keeps the block model: with the flow layer on a lattice map no tile threat is created and the engagement arithmetic is unchanged
ok 227 - the lattice keeps the block model: with the flow layer on a lattice map no tile threat is created and the engagement arithmetic is unchanged
  ---
  duration_ms: 119.461404
  type: 'test'
  ...
# Subtest: an M3 snapshot without the M4 fields loads: threat, chest trips and reach refusals appear on first use
ok 228 - an M3 snapshot without the M4 fields loads: threat, chest trips and reach refusals appear on first use
  ---
  duration_ms: 160.450861
  type: 'test'
  ...
# Subtest: geometry: a lot is a rasterised face, streets are the ridges between faces, the river is water; 800×800
ok 229 - geometry: a lot is a rasterised face, streets are the ridges between faces, the river is water; 800×800
  ---
  duration_ms: 447.730753
  type: 'test'
  ...
# Subtest: the river is river tiles and no block; plazas and parks are inert faces with no rubble, no substation, no lights; outskirts faces (§7) have neither a substation nor streetlights
ok 230 - the river is river tiles and no block; plazas and parks are inert faces with no rubble, no substation, no lights; outskirts faces (§7) have neither a substation nor streetlights
  ---
  duration_ms: 102.114589
  type: 'test'
  ...
# Subtest: rubble: 250–350 tiles scaled by area, typed by district, in clusters, five variants; outskirts carry deposits or nothing
ok 231 - rubble: 250–350 tiles scaled by area, typed by district, in clusters, five variants; outskirts carry deposits or nothing
  ---
  duration_ms: 100.244016
  type: 'test'
  ...
# Subtest: the density gradient: deeper faces (hops from the HQ) show heavier rubble on average
ok 232 - the density gradient: deeper faces (hops from the HQ) show heavier rubble on average
  ---
  duration_ms: 55.687004
  type: 'test'
  ...
# Subtest: block state is authoritative: the pool drains and rubble becomes ground in the layout order; a claim digs; the keys track it
ok 233 - block state is authoritative: the pool drains and rubble becomes ground in the layout order; a claim digs; the keys track it
  ---
  duration_ms: 84.343001
  type: 'test'
  ...
# Subtest: deterministic per seed; a different seed lays the rubble differently; a whole city derives under 100 ms cold
ok 234 - deterministic per seed; a different seed lays the rubble differently; a whole city derives under 100 ms cold
  ---
  duration_ms: 926.958099
  type: 'test'
  ...
# Subtest: truck unlocks once at the paid restored station, keeps the kit corridor clear and replays its entire driving/cargo trip
ok 235 - truck unlocks once at the paid restored station, keeps the kit corridor clear and replays its entire driving/cargo trip
  ---
  duration_ms: 3373.112324
  type: 'test'
  ...
# Subtest: truck boarding and cargo are local; a parked footprint blocks walking, paths and construction
ok 236 - truck boarding and cargo are local; a parked footprint blocks walking, paths and construction
  ---
  duration_ms: 668.099861
  type: 'test'
  ...
# Subtest: cargo capacity is separate, partial stacks fit, and invalid or distant transfers preserve both inventories
ok 237 - cargo capacity is separate, partial stacks fit, and invalid or distant transfers preserve both inventories
  ---
  duration_ms: 405.766798
  type: 'test'
  ...
# Subtest: driving checks every footprint tile at speed, refuses blocked rotations, and cannot use dodge or auto-walk
ok 238 - driving checks every footprint tile at speed, refuses blocked rotations, and cannot use dodge or auto-walk
  ---
  duration_ms: 333.636512
  type: 'test'
  ...
# Subtest: blocked exit is refused; knockdown parks cargo, respawn does not teleport the truck, and occupied saves resume
ok 239 - blocked exit is refused; knockdown parks cargo, respawn does not teleport the truck, and occupied saves resume
  ---
  duration_ms: 766.455921
  type: 'test'
  ...
# Subtest: old restored previews spawn deterministically on their next tick; malformed truck saves are rejected
ok 240 - old restored previews spawn deterministically on their next tick; malformed truck saves are rejected
  ---
  duration_ms: 1324.691449
  type: 'test'
  ...
# Subtest: selected-stop query matches physical service, reacts to outages and cuts, and never mutates state
ok 241 - selected-stop query matches physical service, reacts to outages and cuts, and never mutates state
  ---
  duration_ms: 437.273509
  type: 'test'
  ...
# Subtest: selected routes expose full arrivals, returning cargo and branches; removing the selected stop clears its query
ok 242 - selected routes expose full arrivals, returning cargo and branches; removing the selected stop clears its query
  ---
  duration_ms: 352.406809
  type: 'test'
  ...
# Subtest: RI-02A: saved urban geometry preserves resources, routes and solid placement restrictions
ok 243 - RI-02A: saved urban geometry preserves resources, routes and solid placement restrictions
  ---
  duration_ms: 4082.028078
  type: 'test'
  ...
# Subtest: RI-02A: retry cache respects budgets and playable specs reject invalid generation
ok 244 - RI-02A: retry cache respects budgets and playable specs reject invalid generation
  ---
  duration_ms: 256.826861
  type: 'test'
  ...
# Subtest: the engineer starts at the HQ workbench with empty pockets; the chest holds §11's start stock
ok 245 - the engineer starts at the HQ workbench with empty pockets; the chest holds §11's start stock
  ---
  duration_ms: 500.174982
  type: 'test'
  ...
# Subtest: walks 6 tiles/s to a clicked tile along a path that avoids water and machines, 8-connected without cutting corners
ok 246 - walks 6 tiles/s to a clicked tile along a path that avoids water and machines, 8-connected without cutting corners
  ---
  duration_ms: 99.502855
  type: 'test'
  ...
# Subtest: walking to a block ends on its pole; the engineer's block follows the tile under them; a Dark block is walkable and harmless
ok 247 - walking to a block ends on its pole; the engineer's block follows the tile under them; a Dark block is walkable and harmless
  ---
  duration_ms: 79.474632
  type: 'test'
  ...
# Subtest: the HQ to the Tram depot and back: a path exists both ways, and the walk takes the distance at 6 tiles/s
ok 248 - the HQ to the Tram depot and back: a path exists both ways, and the walk takes the distance at 6 tiles/s
  ---
  duration_ms: 76.427074
  type: 'test'
  ...
# Subtest: reach: 8 tiles to the nearest edge of the target; hands and chest refuse beyond it
ok 249 - reach: 8 tiles to the nearest edge of the target; hands and chest refuse beyond it
  ---
  duration_ms: 65.248744
  type: 'test'
  ...
# Subtest: the harness bot keeps its block-level walk: the block sim without a flow layer moves the engineer between blocks as before
ok 250 - the harness bot keeps its block-level walk: the block sim without a flow layer moves the engineer between blocks as before
  ---
  duration_ms: 128.071456
  type: 'test'
  ...
1..250
# tests 250
# suites 0
# pass 250
# fail 0
# cancelled 0
# skipped 0
# todo 0
# duration_ms 314227.384576
