{
  "home": 359,
  "station": {
    "block": 360,
    "x": 236,
    "y": 687,
    "size": 3,
    "delivered": {
      "steel": 0,
      "copper": 0
    },
    "restoredAt": -1
  },
  "stops": [
    [
      304,
      680
    ],
    [
      249,
      669
    ]
  ],
  "tail": [
    [
      264,
      668
    ],
    [
      263,
      668
    ],
    [
      262,
      668
    ],
    [
      261,
      668
    ],
    [
      260,
      668
    ],
    [
      259,
      668
    ],
    [
      258,
      668
    ],
    [
      257,
      668
    ],
    [
      256,
      668
    ],
    [
      255,
      668
    ],
    [
      254,
      668
    ],
    [
      253,
      668
    ],
    [
      252,
      668
    ],
    [
      252,
      669
    ],
    [
      251,
      669
    ]
  ],
  "neighbours": [
    {
      "x": 251,
      "y": 668,
      "owner": -1,
      "near": 360,
      "solid": 0,
      "adjacentOld": [
        534652,
        535451
      ],
      "stop": false
    },
    {
      "x": 252,
      "y": 669,
      "owner": -1,
      "near": 360,
      "solid": 0,
      "adjacentOld": [
        534652,
        535451
      ],
      "stop": false
    },
    {
      "x": 251,
      "y": 670,
      "owner": 360,
      "near": 360,
      "solid": 0,
      "adjacentOld": [
        535451
      ],
      "stop": false
    },
    {
      "x": 250,
      "y": 669,
      "owner": -1,
      "near": 360,
      "solid": 0,
      "adjacentOld": [
        535451
      ],
      "stop": true
    }
  ]
}
