TAP version 13
# Subtest: UI-03 preferences default safely for absent, invalid, future and malformed records
ok 1 - UI-03 preferences default safely for absent, invalid, future and malformed records
  ---
  duration_ms: 6.906417
  type: 'test'
  ...
# Subtest: UI-03 assignment swaps or clears without moving other slots; digit dispatch follows the assigned slot
ok 2 - UI-03 assignment swaps or clears without moving other slots; digit dispatch follows the assigned slot
  ---
  duration_ms: 0.604182
  type: 'test'
  ...
# Subtest: UI-03 unknown equipment is omitted; discovery exposes a locked plan, recruitment unlocks it
ok 3 - UI-03 unknown equipment is omitted; discovery exposes a locked plan, recruitment unlocks it
  ---
  duration_ms: 1622.545917
  type: 'test'
  ...
# Subtest: UI-03 reserved assignments survive a less explored save without exposing or reordering their content
ok 4 - UI-03 reserved assignments survive a less explored save without exposing or reordering their content
  ---
  duration_ms: 1576.069156
  type: 'test'
  ...
# Subtest: UI-03 stock facts distinguish zero, partial materials and packed-first payment
ok 5 - UI-03 stock facts distinguish zero, partial materials and packed-first payment
  ---
  duration_ms: 0.558108
  type: 'test'
  ...
# Subtest: UI-03 catalogue, knowledge, affordability and shortcut edits never mutate gameplay stock or save hashes
ok 6 - UI-03 catalogue, knowledge, affordability and shortcut edits never mutate gameplay stock or save hashes
  ---
  duration_ms: 1001.535671
  type: 'test'
  ...
# Subtest: UI-02 fresh and paused load point to real Home stock; partial pockets name only the remainder
ok 7 - UI-02 fresh and paused load point to real Home stock; partial pockets name only the remainder
  ---
  duration_ms: 2786.231299
  type: 'test'
  ...
# Subtest: UI-02 packed machines skip collection, exhausted Home suggests a real known patch, not impossible supplies
ok 8 - UI-02 packed machines skip collection, exhausted Home suggests a real known patch, not impossible supplies
  ---
  duration_ms: 874.177634
  type: 'test'
  ...
# Subtest: UI-02 existing machinery is inspected, with saved facts surviving load and removal
ok 9 - UI-02 existing machinery is inspected, with saved facts surviving load and removal
  ---
  duration_ms: 1384.837083
  type: 'test'
  ...
# Subtest: UI-02 restored milestones remain restored while missing machinery needs rebuilding; down takes priority over tracking
ok 10 - UI-02 restored milestones remain restored while missing machinery needs rebuilding; down takes priority over tracking
  ---
  duration_ms: 459.039459
  type: 'test'
  ...
# Subtest: UI-02 tracking and minimap use known stable identities; invalid IDs fall back without revealing unknown sites
ok 11 - UI-02 tracking and minimap use known stable identities; invalid IDs fall back without revealing unknown sites
  ---
  duration_ms: 529.151379
  type: 'test'
  ...
# Subtest: UI-02 Home, workbench, machine and out-of-reach prompts resolve their actual E action without mutation
ok 12 - UI-02 Home, workbench, machine and out-of-reach prompts resolve their actual E action without mutation
  ---
  duration_ms: 476.633242
  type: 'test'
  ...
# Subtest: UI-02 site partial delivery remains available before power; repair wins over opening the same damaged Home
ok 13 - UI-02 site partial delivery remains available before power; repair wins over opening the same damaged Home
  ---
  duration_ms: 601.677719
  type: 'test'
  ...
# Subtest: UI-02 machine reach is measured from the whole footprint, independent of which corner is pointed at
ok 14 - UI-02 machine reach is measured from the whole footprint, independent of which corner is pointed at
  ---
  duration_ms: 492.761946
  type: 'test'
  ...
# Subtest: UI-06 optional preferences preserve old quickbars and recover malformed individual fields
ok 15 - UI-06 optional preferences preserve old quickbars and recover malformed individual fields
  ---
  duration_ms: 5.177357
  type: 'test'
  ...
# Subtest: UI-06 binding validation preserves modifier/blueprint contexts and prevents world collisions
ok 16 - UI-06 binding validation preserves modifier/blueprint contexts and prevents world collisions
  ---
  duration_ms: 1.061048
  type: 'test'
  ...
# Subtest: UI-06 settings and quickbar saves compose; denied storage retains the session value without changing gameplay
ok 17 - UI-06 settings and quickbar saves compose; denied storage retains the session value without changing gameplay
  ---
  duration_ms: 2177.012094
  type: 'test'
  ...
1..17
# tests 17
# suites 0
# pass 17
# fail 0
# cancelled 0
# skipped 0
# todo 0
# duration_ms 13446.669663
