{
  rect: {
    x: 263,
    y: 254,
    width: 840,
    height: 490,
    top: 254,
    right: 1103,
    bottom: 744,
    left: 263
  },
  scroll: 1556,
  height: 485,
  font: '25.5px'
}
Projects
Close
Track one objective
Automatic next action
Untrack
First tram station
Known projects

Explore for nearby clues. Only known places appear here; recruiting and restoring require a local visit.

First tram station
First tram station
Discovered · awaiting restoration

Deliver carried materials and provide local power. Station restoration registers a base; build and power actual track, platforms and trams for transport.

Restoration service circuit
○ Material · steel: 0/30
○ Material · copper: 0/15
○ Local power · offline
steel: 0 delivered; 30 remaining. Carried 0 · Home supplies 200. Will deliver 0.
copper: 0 delivered; 15 remaining. Carried 0 · Home supplies 100. Will deliver 0.

Local power is still required to restore.

Track projectShow project location
Restore

Walk closer on foot to interact.

Alerts and received messages · 1 active
1
belt
0 carried
2
inserter
0 carried
3
Excav.
0 carried
4
Assem.
0 carried
5
Gun turret
0 carried
6
Lamp
0 carried
7
pole
0 carried
8
Gen.
0 carried
9
Rifle
0 rds
0
—
Reserved
Edit shortcuts
More
Build (B)
Inventory (I)
Map (M)
Projects (F2)
Pause menu
Home Court
Start your workshop

Collect your starting supplies from Home

Day 1 · Daylight · 0:00 · Paused
Pause
1×
4×
16×
◷ Scheduled assault · Night 3
Engineer · 100/100 HP
Empty hand
Pockets 0/40 stacks
Inventory (I)
Snapshot loaded at 0:00:00 (state e13e92a4) — paused. Press P or a speed to begin.
