Projects
Close
Track one objective
Automatic next action
Untrack
First tram station
Radio tower
Electricians
Concrete crew
Foreman
Workshop records
Known projects

Explore for nearby clues. Only known places appear here; recruiting and restoring require a local visit.

First tram station
Radio tower
Electricians
Concrete crew
Foreman
Workshop records
First tram station
Restored · materials consumed

Station restored. Transport unlocked. Kit remaining: 1 tram, 2 stops, 48 track. E collects what fits.

Restoration service circuit
✓ Consumed · steel: 30/30
✓ Consumed · copper: 15/15
✓ Local power · online

Restored · powered

Tram kit · collect what fits

tram: 1 remaining · will collect 1

tramstop: 2 remaining · will collect 2

track: 48 remaining · will collect 33

Track projectShow project location
Collect tram kit

Walk closer on foot to interact.

Alerts and received messages · 1 active
1
belt
2 carried
2
inserter
0 carried
3
Excav.
0 carried
4
Assem.
0 carried
5
Gun turret
0 carried
6
Lamp
0 carried
7
pole
0 carried
8
Gen.
0 carried
9
Rifle
0 rds
0
Flood
0 carried
Empty hand
Edit shortcuts
More
Management
Construction
Help
Navigation
Build (B)
Inventory (I)
Map (M)
Projects (F2)
Pause menu
Slate Exchange 341
Keep your workshop producing

Place an Excavator on a resource patch

Why this next?
Day 1 · Daylight · 1:36 · Paused
Pause
1×
4×
16×
◷ Scheduled assault · Night 3
Engineer · 100/100 HP
Empty hand
Pockets 4/40 stacks
Inventory (I)
locator.click: Timeout 30000ms exceeded.
Call log:
  - waiting for getByRole('navigation', { name: 'Game controls' }).getByRole('button', { name: 'Management', exact: true })
    - locator resolved to <button type="button" aria-expanded="false" data-drawer="management">Management</button>
  - attempting click action
    2 × waiting for element to be visible, enabled and stable
      - element is visible, enabled and stable
      - scrolling into view if needed
      - done scrolling
      - <strong class="project-status">Restored · materials consumed</strong> from <aside id="panel" aria-label="Game panels">…</aside> subtree intercepts pointer events
    - retrying click action
    - waiting 20ms
    2 × waiting for element to be visible, enabled and stable
      - element is visible, enabled and stable
      - scrolling into view if needed
      - done scrolling
      - <strong class="project-status">Restored · materials consumed</strong> from <aside id="panel" aria-label="Game panels">…</aside> subtree intercepts pointer events
    - retrying click action
      - waiting 100ms
    50 × waiting for element to be visible, enabled and stable
       - element is visible, enabled and stable
       - scrolling into view if needed
       - done scrolling
       - <strong class="project-status">Restored · materials consumed</strong> from <aside id="panel" aria-label="Game panels">…</aside> subtree intercepts pointer events
     - retrying click action
       - waiting 500ms

    at E:\Factorio2\docs\evidence\ui-redesign\ui-06\regression.cjs:27:179 {
  log: [
    "  - waiting for getByRole('navigation', { name: 'Game controls' }).getByRole('button', { name: 'Management', exact: true })",
    '    - locator resolved to <button type="button" aria-expanded="false" data-drawer="management">Management</button>',
    '  - attempting click action',
    '    2 × waiting for element to be visible, enabled and stable',
    '      - element is visible, enabled and stable',
    '      - scrolling into view if needed',
    '      - done scrolling',
    '      - <strong class="project-status">Restored · materials consumed</strong> from <aside id="panel" aria-label="Game panels">…</aside> subtree intercepts pointer events',
    '    - retrying click action',
    '    - waiting 20ms',
    '    2 × waiting for element to be visible, enabled and stable',
    '      - element is visible, enabled and stable',
    '      - scrolling into view if needed',
    '      - done scrolling',
    '      - <strong class="project-status">Restored · materials consumed</strong> from <aside id="panel" aria-label="Game panels">…</aside> subtree intercepts pointer events',
    '    - retrying click action',
    '      - waiting 100ms',
    '    50 × waiting for element to be visible, enabled and stable',
    '       - element is visible, enabled and stable',
    '       - scrolling into view if needed',
    '       - done scrolling',
    '       - <strong class="project-status">Restored · materials consumed</strong> from <aside id="panel" aria-label="Game panels">…</aside> subtree intercepts pointer events',
    '     - retrying click action',
    '       - waiting 500ms'
  ],
  name: 'TimeoutError'
}
