TAP version 13
# Subtest: district sites and specialised sources are reachable, distinct and persistent across seeds and saves
ok 1 - district sites and specialised sources are reachable, distinct and persistent across seeds and saves
  ---
  duration_ms: 2777.698508
  type: 'test'
  ...
# Subtest: powered extraction produces into real local storage without depletion or hand mining; outages stop it
ok 2 - powered extraction produces into real local storage without depletion or hand mining; outages stop it
  ---
  duration_ms: 605.370939
  type: 'test'
  ...
# Subtest: workshop consumes local supplies at its powered rate, pauses during attacks/outages, and preserves repairs through saves
ok 3 - workshop consumes local supplies at its powered rate, pauses during attacks/outages, and preserves repairs through saves
  ---
  duration_ms: 462.871752
  type: 'test'
  ...
# Subtest: fresh campaign pays for both stations and the workshop through logged commands that replay identically
not ok 4 - fresh campaign pays for both stations and the workshop through logged commands that replay identically
  ---
  duration_ms: 569.566026
  type: 'test'
  location: '/mnt/e/Factorio2/packages/sim/test/campaignDistricts.test.ts:143:1'
  failureType: 'testCodeFailure'
  error: |-
    Expected values to be strictly equal:
    + actual - expected
    
    + '95456c1c'
    - 'd8c55a02'
    
  code: 'ERR_ASSERTION'
  name: 'AssertionError'
  expected: 'd8c55a02'
  actual: '95456c1c'
  operator: 'strictEqual'
  stack: |-
    TestContext.<anonymous> (/mnt/e/Factorio2/packages/sim/test/campaignDistricts.test.ts:151:113)
    Test.runInAsyncScope (node:async_hooks:214:14)
    Test.run (node:internal/test_runner/test:1047:25)
    Test.processPendingSubtests (node:internal/test_runner/test:744:18)
    Test.postRun (node:internal/test_runner/test:1173:19)
    Test.run (node:internal/test_runner/test:1101:12)
    async Test.processPendingSubtests (node:internal/test_runner/test:744:7)
  ...
# Subtest: paid three-base tram route reserves onward supply, returns district goods and requires repeated actual home deliveries for shorter rest
ok 5 - paid three-base tram route reserves onward supply, returns district goods and requires repeated actual home deliveries for shorter rest
  ---
  duration_ms: 1275.928309
  type: 'test'
  ...
# Subtest: old district-free previews upgrade once without moving the promised assault or duplicating sources
ok 6 - old district-free previews upgrade once without moving the promised assault or duplicating sources
  ---
  duration_ms: 460.024952
  type: 'test'
  ...
1..6
# tests 6
# suites 0
# pass 5
# fail 1
# cancelled 0
# skipped 0
# todo 0
# duration_ms 8587.609152
