TAP version 13
# Subtest: district sites and specialised sources are reachable, distinct and persistent across seeds and saves
ok 1 - district sites and specialised sources are reachable, distinct and persistent across seeds and saves
  ---
  duration_ms: 2943.164482
  type: 'test'
  ...
# Subtest: powered extraction produces into real local storage without depletion or hand mining; outages stop it
ok 2 - powered extraction produces into real local storage without depletion or hand mining; outages stop it
  ---
  duration_ms: 911.564891
  type: 'test'
  ...
# Subtest: workshop consumes local supplies at its powered rate, pauses during attacks/outages, and preserves repairs through saves
ok 3 - workshop consumes local supplies at its powered rate, pauses during attacks/outages, and preserves repairs through saves
  ---
  duration_ms: 1237.718075
  type: 'test'
  ...
# Subtest: fresh campaign pays for both stations and the workshop through logged commands that replay identically
ok 4 - fresh campaign pays for both stations and the workshop through logged commands that replay identically
  ---
  duration_ms: 723.739731
  type: 'test'
  ...
# Subtest: paid three-base tram route reserves onward supply, returns district goods and requires repeated actual home deliveries for shorter rest
ok 5 - paid three-base tram route reserves onward supply, returns district goods and requires repeated actual home deliveries for shorter rest
  ---
  duration_ms: 1833.681274
  type: 'test'
  ...
# Subtest: old district-free previews upgrade once without moving the promised assault or duplicating sources
ok 6 - old district-free previews upgrade once without moving the promised assault or duplicating sources
  ---
  duration_ms: 554.68198
  type: 'test'
  ...
# Subtest: post-lock paid structures or player presence reroute staging on the same approach across three bases and holdout seeds
ok 7 - post-lock paid structures or player presence reroute staging on the same approach across three bases and holdout seeds
  ---
  duration_ms: 9807.948546
  type: 'test'
  ...
# Subtest: no staging ground explicitly defers without losing roster, resumes after paid obstruction removal, and reloads deterministically
ok 8 - no staging ground explicitly defers without losing roster, resumes after paid obstruction removal, and reloads deterministically
  ---
  duration_ms: 1408.1902
  type: 'test'
  ...
# Subtest: withdrawing bodies breach a newly blocked birth tile and prevent recovery or rest completion until they physically exit
ok 9 - withdrawing bodies breach a newly blocked birth tile and prevent recovery or rest completion until they physically exit
  ---
  duration_ms: 883.705481
  type: 'test'
  ...
# Subtest: minor withdrawal at dusk is physical, saved and exclusive with the major roster
ok 10 - minor withdrawal at dusk is physical, saved and exclusive with the major roster
  ---
  duration_ms: 806.905405
  type: 'test'
  ...
# Subtest: restoration ties, disabled targets, recommissioning and post-lock nominations retain one promised schedule through saves
ok 11 - restoration ties, disabled targets, recommissioning and post-lock nominations retain one promised schedule through saves
  ---
  duration_ms: 1128.571145
  type: 'test'
  ...
# Subtest: old defence saves retain attacks and paid jobs while incompatible old command histories stop claiming full replay
ok 12 - old defence saves retain attacks and paid jobs while incompatible old command histories stop claiming full replay
  ---
  duration_ms: 321.338643
  type: 'test'
  ...
# Subtest: pursuit discards an attack waypoint before walking away and remains valid across saved continuation
ok 13 - pursuit discards an attack waypoint before walking away and remains valid across saved continuation
  ---
  duration_ms: 478.680918
  type: 'test'
  ...
# Subtest: paid obstruction, ordinary walking and the resulting assault replay from a declared pre-dusk checkpoint
ok 14 - paid obstruction, ordinary walking and the resulting assault replay from a declared pre-dusk checkpoint
  ---
  duration_ms: 1223.572431
  type: 'test'
  ...
# Subtest: save validation refuses mismatched body targets, duplicate identities, lost roster entries and invalid delay/withdrawal metadata
ok 15 - save validation refuses mismatched body targets, duplicate identities, lost roster entries and invalid delay/withdrawal metadata
  ---
  duration_ms: 178.655692
  type: 'test'
  ...
# Subtest: fresh origins and same-approach fallback exist across all base positions on seeds 1–32
ok 16 - fresh origins and same-approach fallback exist across all base positions on seeds 1–32
  ---
  duration_ms: 12470.282053
  type: 'test'
  ...
1..16
# tests 16
# suites 0
# pass 16
# fail 0
# cancelled 0
# skipped 0
# todo 0
# duration_ms 44104.892458
