TAP version 13
# Subtest: paid walls block walking, retain their footprint on defeat, and repair consumes materials once through save/load
ok 1 - paid walls block walking, retain their footprint on defeat, and repair consumes materials once through save/load
  ---
  duration_ms: 921.622527
  type: 'test'
  ...
# Subtest: one dawn lock coalesces restorations; later nominations wait and a late ending preserves two full quiet cycles
ok 2 - one dawn lock coalesces restorations; later nominations wait and a late ending preserves two full quiet cycles
  ---
  duration_ms: 1411.993181
  type: 'test'
  ...
# Subtest: a powered radio receives the real lock; outages retain it and never reroll the target
ok 3 - a powered radio receives the real lock; outages retain it and never reroll the target
  ---
  duration_ms: 292.280901
  type: 'test'
  ...
# Subtest: minor opportunities are shared, finite and suppressed during major combat and recovery without catch-up
ok 4 - minor opportunities are shared, finite and suppressed during major combat and recovery without catch-up
  ---
  duration_ms: 236.68537
  type: 'test'
  ...
# Subtest: unopposed major crawlers follow the home mouth, defeat its core and physically withdraw before paid recovery
ok 5 - unopposed major crawlers follow the home mouth, defeat its core and physically withdraw before paid recovery
  ---
  duration_ms: 569.84544
  type: 'test'
  ...
# Subtest: a sealed court is breached through a player wall instead of losing pathfinding; turret defeat preserves its ammo
ok 6 - a sealed court is breached through a player wall instead of losing pathfinding; turret defeat preserves its ammo
  ---
  duration_ms: 531.822173
  type: 'test'
  ...
# Subtest: ruin guards stay at their own sites and never join the base assault
ok 7 - ruin guards stay at their own sites and never join the base assault
  ---
  duration_ms: 350.354424
  type: 'test'
  ...
# Subtest: ordinary paid and hand-supplied turrets hold the complete finite major roster without the rifle
ok 8 - ordinary paid and hand-supplied turrets hold the complete finite major roster without the rifle
  ---
  duration_ms: 528.495515
  type: 'test'
  ...
# Subtest: old previews gain a preparation interval; malformed schedules, health and orphaned bodies are refused
ok 9 - old previews gain a preparation interval; malformed schedules, health and orphaned bodies are refused
  ---
  duration_ms: 446.379188
  type: 'test'
  ...
# Subtest: ordinary paid defence commands replay from the same fresh campaign factory
ok 10 - ordinary paid defence commands replay from the same fresh campaign factory
  ---
  duration_ms: 446.374079
  type: 'test'
  ...
# {"seed":3,"ticks":388,"commands":75,"recoveredAt":17,"hash":"b14d936b"}
# Subtest: the marked workshop side yard is seeded, reachable, optional, and clear of essential routes across seeds
ok 11 - the marked workshop side yard is seeded, reachable, optional, and clear of essential routes across seeds
  ---
  duration_ms: 3624.027239
  type: 'test'
  ...
# Subtest: guardian telegraphs every strike, accepts a dodge, leaves a downed engineer, and saves mid-windup
ok 12 - guardian telegraphs every strike, accepts a dodge, leaves a downed engineer, and saves mid-windup
  ---
  duration_ms: 406.405938
  type: 'test'
  ...
# Subtest: the guardian returns at its bounded leash and workshop restoration does not retire it
ok 13 - the guardian returns at its bounded leash and workshop restoration does not retire it
  ---
  duration_ms: 269.831368
  type: 'test'
  ...
# Subtest: a supplied paid turret defeats the guardian without reflex combat; the site reward is once-only, not a drop
ok 14 - a supplied paid turret defeats the guardian without reflex combat; the site reward is once-only, not a drop
  ---
  duration_ms: 611.158745
  type: 'test'
  ...
# Subtest: field repair retains material costs, paid pauses and existing job duration, including core recovery
ok 15 - field repair retains material costs, paid pauses and existing job duration, including core recovery
  ---
  duration_ms: 193.701199
  type: 'test'
  ...
# Subtest: old previews add one deferred guardian; malformed or missing current reward state is rejected
ok 16 - old previews add one deferred guardian; malformed or missing current reward state is rejected
  ---
  duration_ms: 475.309646
  type: 'test'
  ...
# Subtest: fresh campaign reaches and recovers the discovery through ordinary commands, then replays and reloads identically
ok 17 - fresh campaign reaches and recovers the discovery through ordinary commands, then replays and reloads identically
  ---
  duration_ms: 1240.852744
  type: 'test'
  ...
# Subtest: the records can be recovered by drawing the living guardian away, with no kill requirement
ok 18 - the records can be recovered by drawing the living guardian away, with no kill requirement
  ---
  duration_ms: 194.232372
  type: 'test'
  ...
# Subtest: a paid missed rifle round attracts the workshop guardian even when the engineer stands still
ok 19 - a paid missed rifle round attracts the workshop guardian even when the engineer stands still
  ---
  duration_ms: 149.087983
  type: 'test'
  ...
# Subtest: district sites and specialised sources are reachable, distinct and persistent across seeds and saves
ok 20 - district sites and specialised sources are reachable, distinct and persistent across seeds and saves
  ---
  duration_ms: 2874.873112
  type: 'test'
  ...
# Subtest: powered extraction produces into real local storage without depletion or hand mining; outages stop it
ok 21 - powered extraction produces into real local storage without depletion or hand mining; outages stop it
  ---
  duration_ms: 709.55246
  type: 'test'
  ...
# Subtest: workshop consumes local supplies at its powered rate, pauses during attacks/outages, and preserves repairs through saves
ok 22 - workshop consumes local supplies at its powered rate, pauses during attacks/outages, and preserves repairs through saves
  ---
  duration_ms: 1153.938832
  type: 'test'
  ...
# Subtest: fresh campaign pays for both stations and the workshop through logged commands that replay identically
ok 23 - fresh campaign pays for both stations and the workshop through logged commands that replay identically
  ---
  duration_ms: 662.054963
  type: 'test'
  ...
# Subtest: paid three-base tram route reserves onward supply, returns district goods and requires repeated actual home deliveries for shorter rest
ok 24 - paid three-base tram route reserves onward supply, returns district goods and requires repeated actual home deliveries for shorter rest
  ---
  duration_ms: 1578.967206
  type: 'test'
  ...
# Subtest: old district-free previews upgrade once without moving the promised assault or duplicating sources
ok 25 - old district-free previews upgrade once without moving the promised assault or duplicating sources
  ---
  duration_ms: 464.616496
  type: 'test'
  ...
# Subtest: post-lock paid walls and protected belts reroute staging on the same approach across three bases and holdout seeds
not ok 26 - post-lock paid walls and protected belts reroute staging on the same approach across three bases and holdout seeds
  ---
  duration_ms: 4016.779473
  type: 'test'
  location: '/mnt/e/Factorio2/packages/sim/test/campaignReliability.test.ts:36:1'
  failureType: 'testCodeFailure'
  error: |-
    Expected values to be strictly equal:
    + actual - expected
    
    + undefined
    - 'wall'
    
  code: 'ERR_ASSERTION'
  name: 'AssertionError'
  expected: 'wall'
  operator: 'strictEqual'
  stack: |-
    placeAt (/mnt/e/Factorio2/packages/sim/test/campaignReliability.test.ts:28:59)
    TestContext.<anonymous> (/mnt/e/Factorio2/packages/sim/test/campaignReliability.test.ts:40:5)
    Test.runInAsyncScope (node:async_hooks:214:14)
    Test.run (node:internal/test_runner/test:1047:25)
    Test.start (node:internal/test_runner/test:944:17)
    startSubtestAfterBootstrap (node:internal/test_runner/harness:296:17)
  ...
# Subtest: no staging ground explicitly defers without losing roster, resumes after paid obstruction removal, and reloads deterministically
ok 27 - no staging ground explicitly defers without losing roster, resumes after paid obstruction removal, and reloads deterministically
  ---
  duration_ms: 2352.683727
  type: 'test'
  ...
# Subtest: withdrawing bodies breach a newly blocked birth tile and prevent recovery or rest completion until they physically exit
ok 28 - withdrawing bodies breach a newly blocked birth tile and prevent recovery or rest completion until they physically exit
  ---
  duration_ms: 839.105396
  type: 'test'
  ...
# Subtest: minor withdrawal at dusk is physical, saved and exclusive with the major roster
ok 29 - minor withdrawal at dusk is physical, saved and exclusive with the major roster
  ---
  duration_ms: 758.518792
  type: 'test'
  ...
# Subtest: restoration ties, disabled targets, recommissioning and post-lock nominations retain one promised schedule through saves
ok 30 - restoration ties, disabled targets, recommissioning and post-lock nominations retain one promised schedule through saves
  ---
  duration_ms: 1123.465566
  type: 'test'
  ...
# Subtest: old defence saves retain attacks and paid jobs while incompatible old command histories stop claiming full replay
ok 31 - old defence saves retain attacks and paid jobs while incompatible old command histories stop claiming full replay
  ---
  duration_ms: 324.127841
  type: 'test'
  ...
# Subtest: save validation refuses mismatched body targets, duplicate identities, lost roster entries and invalid delay/withdrawal metadata
ok 32 - save validation refuses mismatched body targets, duplicate identities, lost roster entries and invalid delay/withdrawal metadata
  ---
  duration_ms: 179.157805
  type: 'test'
  ...
# Subtest: fresh origins and same-approach fallback exist across all base positions on seeds 1–32
ok 33 - fresh origins and same-approach fallback exist across all base positions on seeds 1–32
  ---
  duration_ms: 14159.809506
  type: 'test'
  ...
1..33
# tests 33
# suites 0
# pass 32
# fail 1
# cancelled 0
# skipped 0
# todo 0
# duration_ms 57245.607611
