TAP version 13
# Subtest: post-lock paid walls and protected belts reroute staging on the same approach across three bases and holdout seeds
not ok 1 - post-lock paid walls and protected belts reroute staging on the same approach across three bases and holdout seeds
  ---
  duration_ms: 7132.519377
  type: 'test'
  location: '/mnt/e/Factorio2/packages/sim/test/campaignReliability.test.ts:37:1'
  failureType: 'testCodeFailure'
  error: 'seed 8: wall at 413,628: not buildable ground'
  code: 'ERR_ASSERTION'
  name: 'AssertionError'
  expected: true
  actual: false
  operator: '=='
  stack: |-
    placeAt (/mnt/e/Factorio2/packages/sim/test/campaignReliability.test.ts:28:44)
    TestContext.<anonymous> (/mnt/e/Factorio2/packages/sim/test/campaignReliability.test.ts:44:5)
    Test.runInAsyncScope (node:async_hooks:214:14)
    Test.run (node:internal/test_runner/test:1047:25)
    Test.start (node:internal/test_runner/test:944:17)
    startSubtestAfterBootstrap (node:internal/test_runner/harness:296:17)
  ...
# Subtest: no staging ground explicitly defers without losing roster, resumes after paid obstruction removal, and reloads deterministically
ok 2 - no staging ground explicitly defers without losing roster, resumes after paid obstruction removal, and reloads deterministically
  ---
  duration_ms: 2287.454737
  type: 'test'
  ...
# Subtest: withdrawing bodies breach a newly blocked birth tile and prevent recovery or rest completion until they physically exit
ok 3 - withdrawing bodies breach a newly blocked birth tile and prevent recovery or rest completion until they physically exit
  ---
  duration_ms: 1096.731832
  type: 'test'
  ...
# Subtest: minor withdrawal at dusk is physical, saved and exclusive with the major roster
ok 4 - minor withdrawal at dusk is physical, saved and exclusive with the major roster
  ---
  duration_ms: 923.411704
  type: 'test'
  ...
# Subtest: restoration ties, disabled targets, recommissioning and post-lock nominations retain one promised schedule through saves
ok 5 - restoration ties, disabled targets, recommissioning and post-lock nominations retain one promised schedule through saves
  ---
  duration_ms: 1416.280052
  type: 'test'
  ...
# Subtest: old defence saves retain attacks and paid jobs while incompatible old command histories stop claiming full replay
ok 6 - old defence saves retain attacks and paid jobs while incompatible old command histories stop claiming full replay
  ---
  duration_ms: 407.206384
  type: 'test'
  ...
# Subtest: pursuit discards an attack waypoint before walking away and remains valid across saved continuation
ok 7 - pursuit discards an attack waypoint before walking away and remains valid across saved continuation
  ---
  duration_ms: 562.765484
  type: 'test'
  ...
# Subtest: save validation refuses mismatched body targets, duplicate identities, lost roster entries and invalid delay/withdrawal metadata
ok 8 - save validation refuses mismatched body targets, duplicate identities, lost roster entries and invalid delay/withdrawal metadata
  ---
  duration_ms: 327.091563
  type: 'test'
  ...
# Subtest: fresh origins and same-approach fallback exist across all base positions on seeds 1–32
ok 9 - fresh origins and same-approach fallback exist across all base positions on seeds 1–32
  ---
  duration_ms: 15528.934641
  type: 'test'
  ...
1..9
# tests 9
# suites 0
# pass 8
# fail 1
# cancelled 0
# skipped 0
# todo 0
# duration_ms 33863.571638
