TAP version 13
# Subtest: knowledge starts with the opening clue, records exploration and survives leaving and reloading
ok 1 - knowledge starts with the opening clue, records exploration and survives leaving and reloading
  ---
  duration_ms: 2642.695991
  type: 'test'
  ...
# Subtest: item guide contains only implemented recipes and true current consumers, unlock provenance and no secret locations
ok 2 - item guide contains only implemented recipes and true current consumers, unlock provenance and no secret locations
  ---
  duration_ms: 449.71708
  type: 'test'
  ...
# Subtest: discovery service state follows actual power, switch, partial materials and empty or earned rewards
ok 3 - discovery service state follows actual power, switch, partial materials and empty or earned rewards
  ---
  duration_ms: 1068.480602
  type: 'test'
  ...
# Subtest: ordinary exploration and journal actions replay; read-only browsing does not change simulation state
ok 4 - ordinary exploration and journal actions replay; read-only browsing does not change simulation state
  ---
  duration_ms: 760.730255
  type: 'test'
  ...
# Subtest: current-code replay of the ordinary P7-03 workload supplies a complete P7-04 checkpoint
ok 5 - current-code replay of the ordinary P7-03 workload supplies a complete P7-04 checkpoint
  ---
  duration_ms: 2667.714593
  type: 'test'
  ...
1..5
# tests 5
# suites 0
# pass 5
# fail 0
# cancelled 0
# skipped 0
# todo 0
# duration_ms 12446.51639
