TAP version 13
# Subtest: cul-de-sac across seeds has exactly one four-tile entrance, shared collision, reachable supplies/resources and buildable factory space
ok 1 - cul-de-sac across seeds has exactly one four-tile entrance, shared collision, reachable supplies/resources and buildable factory space
  ---
  duration_ms: 4054.580077
  type: 'test'
  ...
# Subtest: district sites and specialised sources are reachable, distinct and persistent across seeds and saves
ok 2 - district sites and specialised sources are reachable, distinct and persistent across seeds and saves
  ---
  duration_ms: 3398.110373
  type: 'test'
  ...
# Subtest: 32 seeded shelters are accessible without a guardian fight and are permanent walkable reservations
ok 3 - 32 seeded shelters are accessible without a guardian fight and are permanent walkable reservations
  ---
  duration_ms: 18740.138595
  type: 'test'
  ...
# Subtest: fresh origins and same-approach fallback exist across all base positions on seeds 1–32
ok 4 - fresh origins and same-approach fallback exist across all base positions on seeds 1–32
  ---
  duration_ms: 14592.218355
  type: 'test'
  ...
# Subtest: second area is reachable across seeds; restoration costs, local power, radio and once-only kit survive saves
ok 5 - second area is reachable across seeds; restoration costs, local power, radio and once-only kit survive saves
  ---
  duration_ms: 4416.817489
  type: 'test'
  ...
# Subtest: fresh paid expedition lays its generated kit and moves reserved freight between independently powered bases
ok 6 - fresh paid expedition lays its generated kit and moves reserved freight between independently powered bases
  ---
  duration_ms: 1476.283947
  type: 'test'
  ...
1..6
# tests 6
# suites 0
# pass 6
# fail 0
# cancelled 0
# skipped 0
# todo 0
# duration_ms 64518.829389
