TAP version 13
# Subtest: RI-02A: saved urban geometry preserves resources, routes and solid placement restrictions
ok 1 - RI-02A: saved urban geometry preserves resources, routes and solid placement restrictions
  ---
  duration_ms: 3003.204404
  type: 'test'
  ...
# Subtest: RI-02A: retry cache respects budgets and playable specs reject invalid generation
ok 2 - RI-02A: retry cache respects budgets and playable specs reject invalid generation
  ---
  duration_ms: 267.659492
  type: 'test'
  ...
1..2
# tests 2
# suites 0
# pass 2
# fail 0
# cancelled 0
# skipped 0
# todo 0
# duration_ms 6661.900531
