TAP version 13
# Subtest: area removal: read-only whole-footprint preview, atomic paid packing, settings undo and saved redo
ok 1 - area removal: read-only whole-footprint preview, atomic paid packing, settings undo and saved redo
  ---
  duration_ms: 1862.906615
  type: 'test'
  ...
# Subtest: area removal: changed identities/settings, new neighbours and changed reach refuse without partial effects
ok 2 - area removal: changed identities/settings, new neighbours and changed reach refuse without partial effects
  ---
  duration_ms: 879.49256
  type: 'test'
  ...
# Subtest: area removal: cumulative pocket capacity refuses the whole group then recovers
ok 3 - area removal: cumulative pocket capacity refuses the whole group then recovers
  ---
  duration_ms: 591.997469
  type: 'test'
  ...
# Subtest: area removal: loaded belts and hidden tunnel items return once; undo does not refill machines
ok 4 - area removal: loaded belts and hidden tunnel items return once; undo does not refill machines
  ---
  duration_ms: 894.430736
  type: 'test'
  ...
# Subtest: area removal: loose turret rounds require buffer space and never disappear
ok 5 - area removal: loose turret rounds require buffer space and never disappear
  ---
  duration_ms: 417.028989
  type: 'test'
  ...
# Subtest: area removal: busy machines, fractional contents, damaged defences and installed facilities stay
ok 6 - area removal: busy machines, fractional contents, damaged defences and installed facilities stay
  ---
  duration_ms: 2121.264551
  type: 'test'
  ...
# Subtest: area removal: cargo, held items and freight/filter/priority settings survive conserved packing history
ok 7 - area removal: cargo, held items and freight/filter/priority settings survive conserved packing history
  ---
  duration_ms: 2526.499351
  type: 'test'
  ...
# Subtest: area removal: ordinary paid command comparison records equal layouts/materials without a human tedium claim
ok 8 - area removal: ordinary paid command comparison records equal layouts/materials without a human tedium claim
  ---
  duration_ms: 863.542566
  type: 'test'
  ...
# Subtest: clipboard rejects locked, empty, malformed, partial, remote and down selections without replacing stock or previous clipboard
ok 9 - clipboard rejects locked, empty, malformed, partial, remote and down selections without replacing stock or previous clipboard
  ---
  duration_ms: 2127.034885
  type: 'test'
  ...
# Subtest: rotations and reflections preserve rectangular footprints, tunnel roles and settings with correct left/right priority
ok 10 - rotations and reflections preserve rectangular footprints, tunnel roles and settings with correct left/right priority
  ---
  duration_ms: 5.873391
  type: 'test'
  ...
# Subtest: clipboard stamp applies recipe and routing configuration atomically, saves and undoes without copying buffers
ok 11 - clipboard stamp applies recipe and routing configuration atomically, saves and undoes without copying buffers
  ---
  duration_ms: 1854.803678
  type: 'test'
  ...
# Subtest: occupied, unaffordable and remote stamps are atomic and consume carried machines before materials
ok 12 - occupied, unaffordable and remote stamps are atomic and consume carried machines before materials
  ---
  duration_ms: 456.19706
  type: 'test'
  ...
# Subtest: copied underground pairs reject an intervening destination endpoint and orphan selections
ok 13 - copied underground pairs reject an intervening destination endpoint and orphan selections
  ---
  duration_ms: 442.013072
  type: 'test'
  ...
# Subtest: old post-P7 saves retain every existing site/layout/earned reward and gain only an unrecruited Foreman
ok 14 - old post-P7 saves retain every existing site/layout/earned reward and gain only an unrecruited Foreman
  ---
  duration_ms: 3917.449111
  type: 'test'
  ...
# Subtest: Foreman shelters are reachable, separated from earlier sites and unchanged across save/load on 16 seeds
ok 15 - Foreman shelters are reachable, separated from earlier sites and unchanged across save/load on 16 seeds
  ---
  duration_ms: 9467.450724
  type: 'test'
  ...
# Subtest: ordinary stock, walking, Foreman recruitment, copy, transform, paid stamp and undo/redo replay from the opening
ok 16 - ordinary stock, walking, Foreman recruitment, copy, transform, paid stamp and undo/redo replay from the opening
  ---
  duration_ms: 861.452507
  type: 'test'
  ...
# Subtest: a copied station retains freight request/export rules through paid placement and undo/redo without copying cargo
ok 17 - a copied station retains freight request/export rules through paid placement and undo/redo without copying cargo
  ---
  duration_ms: 352.754431
  type: 'test'
  ...
# Subtest: old checkpoint logs remain incomplete after upgrading; current campaign saves remain complete
ok 18 - old checkpoint logs remain incomplete after upgrading; current campaign saves remain complete
  ---
  duration_ms: 1072.557468
  type: 'test'
  ...
# Subtest: library import/export is bounded, atomic, Foreman-gated and independent of clipboard and orders
ok 19 - library import/export is bounded, atomic, Foreman-gated and independent of clipboard and orders
  ---
  duration_ms: 2095.454737
  type: 'test'
  ...
# Subtest: library limits and metadata rejection preserve allocator and current selection
ok 20 - library limits and metadata rejection preserve allocator and current selection
  ---
  duration_ms: 668.938842
  type: 'test'
  ...
# Subtest: ghost plans consume no stock or occupancy, reject overlap and bounds, and report exact missing stock
ok 21 - ghost plans consume no stock or occupancy, reject overlap and bounds, and report exact missing stock
  ---
  duration_ms: 636.024708
  type: 'test'
  ...
# Subtest: partial manual construction survives save/load; remaining build pays once and completed orders never requeue on undo
ok 22 - partial manual construction survives save/load; remaining build pays once and completed orders never requeue on undo
  ---
  duration_ms: 944.888571
  type: 'test'
  ...
# Subtest: ordinary matching construction completes waiting orders, occupied mismatches and remote builds remain blocked
ok 23 - ordinary matching construction completes waiting orders, occupied mismatches and remote builds remain blocked
  ---
  duration_ms: 550.155963
  type: 'test'
  ...
# Subtest: order limits include history, cancel is terminal and deleting records never recycles IDs
ok 24 - order limits include history, cancel is terminal and deleting records never recycles IDs
  ---
  duration_ms: 470.021497
  type: 'test'
  ...
# Subtest: hostile saved libraries and order lifecycle data are rejected; old optional state remains absent
ok 25 - hostile saved libraries and order lifecycle data are rejected; old optional state remains absent
  ---
  duration_ms: 2890.623021
  type: 'test'
  ...
# Subtest: imported locked machines remain plans and cannot bypass ordinary unlocks
ok 26 - imported locked machines remain plans and cannot bypass ordinary unlocks
  ---
  duration_ms: 431.21921
  type: 'test'
  ...
# Subtest: ordinary opening recruitment, library actions, ghost construction and cancellation replay deterministically
ok 27 - ordinary opening recruitment, library actions, ghost construction and cancellation replay deterministically
  ---
  duration_ms: 1258.222671
  type: 'test'
  ...
# Subtest: partly built underground plans reject interception atomically and preserve the intended pair
ok 28 - partly built underground plans reject interception atomically and preserve the intended pair
  ---
  duration_ms: 471.631373
  type: 'test'
  ...
# Subtest: largest freight-rich portable library entry round-trips within the bounded text size
ok 29 - largest freight-rich portable library entry round-trips within the bounded text size
  ---
  duration_ms: 338.813271
  type: 'test'
  ...
# Subtest: construction: continuous corner path is one paid group; undo and redo conserve and keep simulation time
ok 30 - construction: continuous corner path is one paid group; undo and redo conserve and keep simulation time
  ---
  duration_ms: 1460.024347
  type: 'test'
  ...
# Subtest: construction: invalid, partially obstructed, unaffordable and out-of-reach groups have no partial effects
ok 31 - construction: invalid, partially obstructed, unaffordable and out-of-reach groups have no partial effects
  ---
  duration_ms: 1442.080543
  type: 'test'
  ...
# Subtest: construction: removal history restores settings but leaves recovered contents in pockets; earlier undo still works
ok 32 - construction: removal history restores settings but leaves recovered contents in pockets; earlier undo still works
  ---
  duration_ms: 1030.314362
  type: 'test'
  ...
# Subtest: construction: current contents, damage, full pockets, occupied undo sites and down state are respected
ok 33 - construction: current contents, damage, full pockets, occupied undo sites and down state are respected
  ---
  duration_ms: 918.611296
  type: 'test'
  ...
# Subtest: construction: rotation, bounded history, new-branch redo clearing, save validation and continuation
ok 34 - construction: rotation, bounded history, new-branch redo clearing, save validation and continuation
  ---
  duration_ms: 2743.494312
  type: 'test'
  ...
# Subtest: construction: paused UI dispatch flushes pending inputs once and a saved command stream replays exactly
ok 35 - construction: paused UI dispatch flushes pending inputs once and a saved command stream replays exactly
  ---
  duration_ms: 2204.651898
  type: 'test'
  ...
# Subtest: construction: packing refuses an unfinished recipe, fractional stock or loose-round overflow atomically
ok 36 - construction: packing refuses an unfinished recipe, fractional stock or loose-round overflow atomically
  ---
  duration_ms: 620.760054
  type: 'test'
  ...
# Subtest: construction controls: build catalogue and hotkeys share references; modified history keys do not collide with tools
ok 37 - construction controls: build catalogue and hotkeys share references; modified history keys do not collide with tools
  ---
  duration_ms: 0.468001
  type: 'test'
  ...
# Subtest: UI-03 preferences default safely for absent, invalid, future and malformed records
ok 38 - UI-03 preferences default safely for absent, invalid, future and malformed records
  ---
  duration_ms: 2.420609
  type: 'test'
  ...
# Subtest: UI-03 assignment swaps or clears without moving other slots; digit dispatch follows the assigned slot
ok 39 - UI-03 assignment swaps or clears without moving other slots; digit dispatch follows the assigned slot
  ---
  duration_ms: 0.501745
  type: 'test'
  ...
# Subtest: UI-03 unknown equipment is omitted; discovery exposes a locked plan, recruitment unlocks it
ok 40 - UI-03 unknown equipment is omitted; discovery exposes a locked plan, recruitment unlocks it
  ---
  duration_ms: 1197.722684
  type: 'test'
  ...
# Subtest: UI-03 reserved assignments survive a less explored save without exposing or reordering their content
ok 41 - UI-03 reserved assignments survive a less explored save without exposing or reordering their content
  ---
  duration_ms: 1373.666044
  type: 'test'
  ...
# Subtest: UI-03 stock facts distinguish zero, partial materials and packed-first payment
ok 42 - UI-03 stock facts distinguish zero, partial materials and packed-first payment
  ---
  duration_ms: 0.67447
  type: 'test'
  ...
# Subtest: UI-03 catalogue, knowledge, affordability and shortcut edits never mutate gameplay stock or save hashes
ok 43 - UI-03 catalogue, knowledge, affordability and shortcut edits never mutate gameplay stock or save hashes
  ---
  duration_ms: 523.550187
  type: 'test'
  ...
1..43
# tests 43
# suites 0
# pass 43
# fail 0
# cancelled 0
# skipped 0
# todo 0
# duration_ms 23678.696846
