1280 1
belt
0 carried
2
inserter
0 carried
3
Excav.
0 carried
4
Assem.
0 carried
5
Gun turret
0 carried
6
Lamp
0 carried
7
pole
0 carried
8
Gen.
0 carried
9
Rifle
0 rds
0
—
Reserved
Empty hand
Edit shortcuts
Build (B)
Inventory (I)
Map (M)
Projects (F2)
Management
Construction
Help
Pause menu
Navigation
Home Court
Start your workshop

Collect your starting supplies from Home

Why this next?
Show location
Day 1 · Daylight · 0:00 · Paused
Pause
1×
4×
16×
Next major assault: Night 3. Two minor raid opportunities per day; ruins remain dangerous.
Engineer · 100/100 HP
Empty hand
Pockets 0/40 stacks
Inventory (I)
MinimapMap (M)
● You □ Known ◆ Pin
E · Open supplies
900 1
belt
0 carried
2
inserter
0 carried
3
Excav.
0 carried
4
Assem.
0 carried
5
Gun turret
0 carried
6
Lamp
0 carried
7
pole
0 carried
8
Gen.
0 carried
9
Rifle
0 rds
0
—
Reserved
Empty hand
Edit shortcuts
Build (B)
Inventory (I)
Map (M)
Projects (F2)
Management
Construction
Help
Pause menu
Navigation
Home Court
Start your workshop

Collect your starting supplies from Home

Why this next?
Show location
Day 1 · Daylight · 0:00 · Paused
Pause
1×
4×
16×
Next major assault: Night 3. Two minor raid opportunities per day; ruins remain dangerous.
Engineer · 100/100 HP
Empty hand
Pockets 0/40 stacks
Inventory (I)
MinimapMap (M)
E · Open supplies
ERRORS []
