
> relight-prototype@0.1.0 typecheck
> npm run build -w packages/sim && npm run build -w packages/harness && npm run build -w packages/tools && npm run build -w packages/game


> @relight/sim@0.1.0 build
> tsc -p tsconfig.json --noEmit


> @relight/harness@0.1.0 build
> tsc -p tsconfig.json --noEmit


> @relight/tools@0.1.0 build
> tsc -p tsconfig.json --noEmit


> @relight/game@0.1.0 build
> tsc -p tsconfig.json --noEmit && vite build

vite v6.4.3 building for production...
transforming...
✓ 96 modules transformed.
rendering chunks...
computing gzip size...
dist/index.html                     0.67 kB │ gzip:   0.37 kB
dist/assets/index-BhZse4XV.css     19.81 kB │ gzip:   4.80 kB
dist/assets/index-0f_PUHvj.js   2,065.82 kB │ gzip: 547.65 kB

(!) Some chunks are larger than 500 kB after minification. Consider:
- Using dynamic import() to code-split the application
- Use build.rollupOptions.output.manualChunks to improve chunking: https://rollupjs.org/configuration-options/#output-manualchunks
- Adjust chunk size limit for this warning via build.chunkSizeWarningLimit.
✓ built in 12.88s
