TAP version 13
# Subtest: composed city query is repeatable, read-only and stable after load; includes every current site
ok 1 - composed city query is repeatable, read-only and stable after load; includes every current site
  ---
  duration_ms: 2414.419089
  type: 'test'
  ...
# Subtest: physical survey uses ordinary placement geometry without granting the tram unlock or pocket stock
ok 2 - physical survey uses ordinary placement geometry without granting the tram unlock or pocket stock
  ---
  duration_ms: 518.387079
  type: 'test'
  ...
# Subtest: bad reservation rectangles, overlapping sites, source identity and rail topology are independently reported
ok 3 - bad reservation rectangles, overlapping sites, source identity and rail topology are independently reported
  ---
  duration_ms: 687.579371
  type: 'test'
  ...
# Subtest: blocked interactions are found from the final shared collision mask, not just the site centre
ok 4 - blocked interactions are found from the final shared collision mask, not just the site centre
  ---
  duration_ms: 428.766921
  type: 'test'
  ...
# Subtest: runner retains failed generation and seed identity; invalid or duplicate seed requests refuse
ok 5 - runner retains failed generation and seed identity; invalid or duplicate seed requests refuse
  ---
  duration_ms: 1.199796
  type: 'test'
  ...
# Subtest: existing paid truck checkpoint reports physical queries without commissioning a fresh truck
ok 6 - existing paid truck checkpoint reports physical queries without commissioning a fresh truck
  ---
  duration_ms: 806.864639
  type: 'test'
  ...
# Subtest: malformed maps and missing metadata return bounded failures; physical route blockers remain findings
ok 7 - malformed maps and missing metadata return bounded failures; physical route blockers remain findings
  ---
  duration_ms: 1230.407437
  type: 'test'
  ...
1..7
# tests 7
# suites 0
# pass 7
# fail 0
# cancelled 0
# skipped 0
# todo 0
# duration_ms 10238.321459
