TAP version 13
# Subtest: composed city query is repeatable, read-only and stable after load; includes every current site
ok 1 - composed city query is repeatable, read-only and stable after load; includes every current site
  ---
  duration_ms: 3365.138429
  type: 'test'
  ...
# Subtest: physical survey uses ordinary placement geometry without granting the tram unlock or pocket stock
ok 2 - physical survey uses ordinary placement geometry without granting the tram unlock or pocket stock
  ---
  duration_ms: 658.322473
  type: 'test'
  ...
# Subtest: bad reservation rectangles, overlapping sites, source identity and rail topology are independently reported
ok 3 - bad reservation rectangles, overlapping sites, source identity and rail topology are independently reported
  ---
  duration_ms: 928.700922
  type: 'test'
  ...
# Subtest: blocked interactions are found from the final shared collision mask, not just the site centre
ok 4 - blocked interactions are found from the final shared collision mask, not just the site centre
  ---
  duration_ms: 794.022195
  type: 'test'
  ...
# Subtest: runner retains failed generation and seed identity; invalid or duplicate seed requests refuse
ok 5 - runner retains failed generation and seed identity; invalid or duplicate seed requests refuse
  ---
  duration_ms: 2.900903
  type: 'test'
  ...
1..5
# tests 5
# suites 0
# pass 5
# fail 0
# cancelled 0
# skipped 0
# todo 0
# duration_ms 10984.863401
