TAP version 13
# Subtest: known threat navigation never exposes an offline network target or reuses a different assault warning
ok 1 - known threat navigation never exposes an offline network target or reuses a different assault warning
  ---
  duration_ms: 1004.208136
  type: 'test'
  ...
# Subtest: home guarantee and current minor raid remain actionable during a future major warning
ok 2 - home guarantee and current minor raid remain actionable during a future major warning
  ---
  duration_ms: 298.47813
  type: 'test'
  ...
# Subtest: immediate wall breach uses the damage tick decision, including blocked withdrawal and saved continuation
ok 3 - immediate wall breach uses the damage tick decision, including blocked withdrawal and saved continuation
  ---
  duration_ms: 529.405946
  type: 'test'
  ...
# Subtest: nearby turret attack and engineer contact supersede the strategic core and match real damage
ok 4 - nearby turret attack and engineer contact supersede the strategic core and match real damage
  ---
  duration_ms: 232.175572
  type: 'test'
  ...
# Subtest: post-lock paid structures or player presence reroute staging on the same approach across three bases and holdout seeds
ok 5 - post-lock paid structures or player presence reroute staging on the same approach across three bases and holdout seeds
  ---
  duration_ms: 9046.633672
  type: 'test'
  ...
# Subtest: no staging ground explicitly defers without losing roster, resumes after paid obstruction removal, and reloads deterministically
ok 6 - no staging ground explicitly defers without losing roster, resumes after paid obstruction removal, and reloads deterministically
  ---
  duration_ms: 1269.843597
  type: 'test'
  ...
# Subtest: staging fallback preserves received radio precision and a locked remote target through an outage and load
ok 7 - staging fallback preserves received radio precision and a locked remote target through an outage and load
  ---
  duration_ms: 328.119192
  type: 'test'
  ...
# Subtest: withdrawing bodies breach a newly blocked birth tile and prevent recovery or rest completion until they physically exit
ok 8 - withdrawing bodies breach a newly blocked birth tile and prevent recovery or rest completion until they physically exit
  ---
  duration_ms: 913.800318
  type: 'test'
  ...
# Subtest: minor withdrawal at dusk is physical, saved and exclusive with the major roster
ok 9 - minor withdrawal at dusk is physical, saved and exclusive with the major roster
  ---
  duration_ms: 902.879041
  type: 'test'
  ...
# Subtest: restoration ties, disabled targets, recommissioning and post-lock nominations retain one promised schedule through saves
ok 10 - restoration ties, disabled targets, recommissioning and post-lock nominations retain one promised schedule through saves
  ---
  duration_ms: 1365.015762
  type: 'test'
  ...
# Subtest: old defence saves retain attacks and paid jobs while incompatible old command histories stop claiming full replay
ok 11 - old defence saves retain attacks and paid jobs while incompatible old command histories stop claiming full replay
  ---
  duration_ms: 388.626723
  type: 'test'
  ...
# Subtest: pursuit discards an attack waypoint before walking away and remains valid across saved continuation
ok 12 - pursuit discards an attack waypoint before walking away and remains valid across saved continuation
  ---
  duration_ms: 500.239164
  type: 'test'
  ...
# Subtest: paid obstruction, ordinary walking and the resulting assault replay from a declared pre-dusk checkpoint
ok 13 - paid obstruction, ordinary walking and the resulting assault replay from a declared pre-dusk checkpoint
  ---
  duration_ms: 1280.023109
  type: 'test'
  ...
# Subtest: save validation refuses mismatched body targets, duplicate identities, lost roster entries and invalid delay/withdrawal metadata
ok 14 - save validation refuses mismatched body targets, duplicate identities, lost roster entries and invalid delay/withdrawal metadata
  ---
  duration_ms: 168.270517
  type: 'test'
  ...
# Subtest: fresh origins and same-approach fallback exist across all base positions on seeds 1–32
ok 15 - fresh origins and same-approach fallback exist across all base positions on seeds 1–32
  ---
  duration_ms: 12175.354048
  type: 'test'
  ...
# Subtest: construction: continuous corner path is one paid group; undo and redo conserve and keep simulation time
ok 16 - construction: continuous corner path is one paid group; undo and redo conserve and keep simulation time
  ---
  duration_ms: 612.248483
  type: 'test'
  ...
# Subtest: construction: invalid, partially obstructed, unaffordable and out-of-reach groups have no partial effects
ok 17 - construction: invalid, partially obstructed, unaffordable and out-of-reach groups have no partial effects
  ---
  duration_ms: 581.775485
  type: 'test'
  ...
# Subtest: construction: removal history restores settings but leaves recovered contents in pockets; earlier undo still works
ok 18 - construction: removal history restores settings but leaves recovered contents in pockets; earlier undo still works
  ---
  duration_ms: 480.271711
  type: 'test'
  ...
# Subtest: construction: current contents, damage, full pockets, occupied undo sites and down state are respected
ok 19 - construction: current contents, damage, full pockets, occupied undo sites and down state are respected
  ---
  duration_ms: 358.140747
  type: 'test'
  ...
# Subtest: construction: rotation, bounded history, new-branch redo clearing, save validation and continuation
ok 20 - construction: rotation, bounded history, new-branch redo clearing, save validation and continuation
  ---
  duration_ms: 1207.743504
  type: 'test'
  ...
# Subtest: construction: paused UI dispatch flushes pending inputs once and a saved command stream replays exactly
ok 21 - construction: paused UI dispatch flushes pending inputs once and a saved command stream replays exactly
  ---
  duration_ms: 849.155366
  type: 'test'
  ...
# Subtest: construction: packing refuses an unfinished recipe, fractional stock or loose-round overflow atomically
ok 22 - construction: packing refuses an unfinished recipe, fractional stock or loose-round overflow atomically
  ---
  duration_ms: 344.528929
  type: 'test'
  ...
# Subtest: construction controls: build catalogue and hotkeys share references; modified history keys do not collide with tools
ok 23 - construction controls: build catalogue and hotkeys share references; modified history keys do not collide with tools
  ---
  duration_ms: 0.339129
  type: 'test'
  ...
# Subtest: defence observation preserves ordinary commands, clock, live raid and replay
ok 24 - defence observation preserves ordinary commands, clock, live raid and replay
  ---
  duration_ms: 2884.45872
  type: 'test'
  ...
# Subtest: time away from home uses elapsed ticks rather than count of fractional samples
ok 25 - time away from home uses elapsed ticks rather than count of fractional samples
  ---
  duration_ms: 239.481693
  type: 'test'
  ...
# Subtest: seed 8 survey avoids forbidden street tiles and supports a paid three-stop line from ordinary stock
ok 26 - seed 8 survey avoids forbidden street tiles and supports a paid three-stop line from ordinary stock
  ---
  duration_ms: 1402.186119
  type: 'test'
  ...
# Subtest: inspection: paid assembler exposes nominal recipe rates, completed production and conserved saved continuation
ok 27 - inspection: paid assembler exposes nominal recipe rates, completed production and conserved saved continuation
  ---
  duration_ms: 882.612729
  type: 'test'
  ...
# Subtest: inspection: recipe changes retain per-item observations; packing/rebuild resets only machine history
ok 28 - inspection: recipe changes retain per-item observations; packing/rebuild resets only machine history
  ---
  duration_ms: 285.078878
  type: 'test'
  ...
# Subtest: inspection: local circuits isolate remote supply, reflect brownout, fuel exhaustion and pole connection
ok 29 - inspection: local circuits isolate remote supply, reflect brownout, fuel exhaustion and pole connection
  ---
  duration_ms: 304.331714
  type: 'test'
  ...
# Subtest: inspection: belt blockage and inserter destination loss report the actual held state
ok 30 - inspection: belt blockage and inserter destination loss report the actual held state
  ---
  duration_ms: 224.521474
  type: 'test'
  ...
# Subtest: inspection: saved sample window is bounded, excludes pause time and rejects malformed observations
ok 31 - inspection: saved sample window is bounded, excludes pause time and rejects malformed observations
  ---
  duration_ms: 912.826251
  type: 'test'
  ...
# Subtest: inspection: fresh campaign replay includes identical observations and readonly queries add no commands
ok 32 - inspection: fresh campaign replay includes identical observations and readonly queries add no commands
  ---
  duration_ms: 436.694205
  type: 'test'
  ...
# Subtest: routing: underground span boundaries, paired construction and atomic interference/material/reach refusals
ok 33 - routing: underground span boundaries, paired construction and atomic interference/material/reach refusals
  ---
  duration_ms: 978.510283
  type: 'test'
  ...
# Subtest: routing: buried stock survives interruption, refused rotation, load, reconnection and pickup without duplication
ok 34 - routing: buried stock survives interruption, refused rotation, load, reconnection and pickup without duplication
  ---
  duration_ms: 812.501936
  type: 'test'
  ...
# Subtest: routing: splitter footprint, both occupied tiles, collision-safe rotation and history/settings survive load
ok 35 - routing: splitter footprint, both occupied tiles, collision-safe rotation and history/settings survive load
  ---
  duration_ms: 454.419833
  type: 'test'
  ...
# Subtest: routing: left/right priority, balanced alternation, fallback, backpressure and FIFO retain every item
ok 36 - routing: left/right priority, balanced alternation, fallback, backpressure and FIFO retain every item
  ---
  duration_ms: 504.369742
  type: 'test'
  ...
# Subtest: routing: inserter filtering selects from mixed chests and belts and preserves a held item on filter change
ok 37 - routing: inserter filtering selects from mixed chests and belts and preserves a held item on filter change
  ---
  duration_ms: 318.927207
  type: 'test'
  ...
# Subtest: routing: paired commands and settings replay at a paused boundary and survive saved history
ok 38 - routing: paired commands and settings replay at a paused boundary and survive saved history
  ---
  duration_ms: 481.090346
  type: 'test'
  ...
# Subtest: routing: crossing tunnels pair independently and an intervening endpoint refuses a new pair atomically
ok 39 - routing: crossing tunnels pair independently and an intervening endpoint refuses a new pair atomically
  ---
  duration_ms: 321.490843
  type: 'test'
  ...
# Subtest: routing: filter applies to mixed belt and station-arrival source fixtures
ok 40 - routing: filter applies to mixed belt and station-arrival source fixtures
  ---
  duration_ms: 302.072974
  type: 'test'
  ...
# Subtest: routing: rectangular occupancy follows all four rotations, including the ordinary command path
ok 41 - routing: rectangular occupancy follows all four rotations, including the ordinary command path
  ---
  duration_ms: 673.704751
  type: 'test'
  ...
# Subtest: routing: saturated splitter and underground throughput stay bounded and conserve their circulating fixture stock
ok 42 - routing: saturated splitter and underground throughput stay bounded and conserve their circulating fixture stock
  ---
  duration_ms: 314.873963
  type: 'test'
  ...
# Subtest: routing: all four recipes run through a paid chest/inserter/belt/underground/splitter line reached on foot
ok 43 - routing: all four recipes run through a paid chest/inserter/belt/underground/splitter line reached on foot
  ---
  duration_ms: 2070.795933
  type: 'test'
  ...
# Subtest: truck unlocks once at the paid restored station, keeps the kit corridor clear and replays its entire driving/cargo trip
ok 44 - truck unlocks once at the paid restored station, keeps the kit corridor clear and replays its entire driving/cargo trip
  ---
  duration_ms: 2605.304243
  type: 'test'
  ...
# Subtest: truck boarding and cargo are local; a parked footprint blocks walking, paths and construction
ok 45 - truck boarding and cargo are local; a parked footprint blocks walking, paths and construction
  ---
  duration_ms: 524.934283
  type: 'test'
  ...
# Subtest: cargo capacity is separate, partial stacks fit, and invalid or distant transfers preserve both inventories
ok 46 - cargo capacity is separate, partial stacks fit, and invalid or distant transfers preserve both inventories
  ---
  duration_ms: 265.063609
  type: 'test'
  ...
# Subtest: driving checks every footprint tile at speed, refuses blocked rotations, and cannot use dodge or auto-walk
ok 47 - driving checks every footprint tile at speed, refuses blocked rotations, and cannot use dodge or auto-walk
  ---
  duration_ms: 275.411469
  type: 'test'
  ...
# Subtest: blocked exit is refused; knockdown parks cargo, respawn does not teleport the truck, and occupied saves resume
ok 48 - blocked exit is refused; knockdown parks cargo, respawn does not teleport the truck, and occupied saves resume
  ---
  duration_ms: 603.517399
  type: 'test'
  ...
# Subtest: old restored previews spawn deterministically on their next tick; malformed truck saves are rejected
ok 49 - old restored previews spawn deterministically on their next tick; malformed truck saves are rejected
  ---
  duration_ms: 945.05782
  type: 'test'
  ...
# Subtest: selected-stop query matches physical service, reacts to outages and cuts, and never mutates state
ok 50 - selected-stop query matches physical service, reacts to outages and cuts, and never mutates state
  ---
  duration_ms: 310.589947
  type: 'test'
  ...
# Subtest: selected routes expose full arrivals, returning cargo and branches; removing the selected stop clears its query
ok 51 - selected routes expose full arrivals, returning cargo and branches; removing the selected stop clears its query
  ---
  duration_ms: 254.820581
  type: 'test'
  ...
1..51
# tests 51
# suites 0
# pass 51
# fail 0
# cancelled 0
# skipped 0
# todo 0
# duration_ms 77671.771759
