[
  {
    "name": "fresh",
    "t": 0,
    "hash": "ab6af3ec",
    "browser": "6e541bc4",
    "logEntries": 0,
    "bases": [
      {
        "block": 356,
        "hp": 300
      }
    ]
  },
  {
    "name": "network",
    "t": 2390,
    "hash": "aa2be5bc",
    "browser": "aa2be5bc",
    "logEntries": 353,
    "bases": [
      {
        "block": 356,
        "hp": 252.80000000000246
      },
      {
        "block": 353,
        "hp": 300
      },
      {
        "block": 332,
        "hp": 300
      }
    ]
  }
]
PASS: fresh start and ordinary-command network prefix verified, conserved, load paused and continue deterministically.
