TAP version 13
# Subtest: paid walls block walking, retain their footprint on defeat, and repair consumes materials once through save/load
ok 1 - paid walls block walking, retain their footprint on defeat, and repair consumes materials once through save/load
  ---
  duration_ms: 1040.131053
  type: 'test'
  ...
# Subtest: one dawn lock coalesces restorations; later nominations wait and a late ending preserves two full quiet cycles
ok 2 - one dawn lock coalesces restorations; later nominations wait and a late ending preserves two full quiet cycles
  ---
  duration_ms: 1118.118227
  type: 'test'
  ...
# Subtest: a powered radio receives the real lock; outages retain it and never reroll the target
ok 3 - a powered radio receives the real lock; outages retain it and never reroll the target
  ---
  duration_ms: 295.022789
  type: 'test'
  ...
# Subtest: minor opportunities are shared, finite and suppressed during major combat and recovery without catch-up
ok 4 - minor opportunities are shared, finite and suppressed during major combat and recovery without catch-up
  ---
  duration_ms: 218.121554
  type: 'test'
  ...
# Subtest: unopposed major crawlers follow the home mouth, defeat its core and physically withdraw before paid recovery
ok 5 - unopposed major crawlers follow the home mouth, defeat its core and physically withdraw before paid recovery
  ---
  duration_ms: 434.565467
  type: 'test'
  ...
# Subtest: a sealed court is breached through a player wall instead of losing pathfinding; turret defeat preserves its ammo
ok 6 - a sealed court is breached through a player wall instead of losing pathfinding; turret defeat preserves its ammo
  ---
  duration_ms: 475.63447
  type: 'test'
  ...
# Subtest: ruin guards stay at their own sites and never join the base assault
ok 7 - ruin guards stay at their own sites and never join the base assault
  ---
  duration_ms: 354.361479
  type: 'test'
  ...
# Subtest: ordinary paid and hand-supplied turrets hold the complete finite major roster without the rifle
ok 8 - ordinary paid and hand-supplied turrets hold the complete finite major roster without the rifle
  ---
  duration_ms: 620.03819
  type: 'test'
  ...
# Subtest: old previews gain a preparation interval; malformed schedules, health and orphaned bodies are refused
ok 9 - old previews gain a preparation interval; malformed schedules, health and orphaned bodies are refused
  ---
  duration_ms: 519.689325
  type: 'test'
  ...
# Subtest: ordinary paid defence commands replay from the same fresh campaign factory
ok 10 - ordinary paid defence commands replay from the same fresh campaign factory
  ---
  duration_ms: 463.501063
  type: 'test'
  ...
# Subtest: known threat navigation never exposes an offline network target or reuses a different assault warning
ok 11 - known threat navigation never exposes an offline network target or reuses a different assault warning
  ---
  duration_ms: 953.472572
  type: 'test'
  ...
# Subtest: home guarantee and current minor raid remain actionable during a future major warning
ok 12 - home guarantee and current minor raid remain actionable during a future major warning
  ---
  duration_ms: 269.218261
  type: 'test'
  ...
# Subtest: immediate wall breach uses the damage tick decision, including blocked withdrawal and saved continuation
not ok 13 - immediate wall breach uses the damage tick decision, including blocked withdrawal and saved continuation
  ---
  duration_ms: 296.694117
  type: 'test'
  location: '/mnt/e/Factorio2/packages/sim/test/campaignInformation.test.ts:43:1'
  failureType: 'testCodeFailure'
  error: |-
    The input did not match the regular expression /now breaching wall.*destination: base core/. Input:
    
    'Crawler · 12/12 HP · major assault at Home Court'
    
  code: 'ERR_ASSERTION'
  name: 'AssertionError'
  expected:
  actual: 'Crawler · 12/12 HP · major assault at Home Court'
  operator: 'match'
  stack: |-
    TestContext.<anonymous> (/mnt/e/Factorio2/packages/sim/test/campaignInformation.test.ts:52:57)
    Test.runInAsyncScope (node:async_hooks:214:14)
    Test.run (node:internal/test_runner/test:1047:25)
    Test.processPendingSubtests (node:internal/test_runner/test:744:18)
    Test.postRun (node:internal/test_runner/test:1173:19)
    Test.run (node:internal/test_runner/test:1101:12)
    async Test.processPendingSubtests (node:internal/test_runner/test:744:7)
  ...
# Subtest: nearby turret attack and engineer contact supersede the strategic core and match real damage
ok 14 - nearby turret attack and engineer contact supersede the strategic core and match real damage
  ---
  duration_ms: 266.691748
  type: 'test'
  ...
# Subtest: post-lock paid structures or player presence reroute staging on the same approach across three bases and holdout seeds
ok 15 - post-lock paid structures or player presence reroute staging on the same approach across three bases and holdout seeds
  ---
  duration_ms: 9684.521683
  type: 'test'
  ...
# Subtest: no staging ground explicitly defers without losing roster, resumes after paid obstruction removal, and reloads deterministically
ok 16 - no staging ground explicitly defers without losing roster, resumes after paid obstruction removal, and reloads deterministically
  ---
  duration_ms: 1395.29237
  type: 'test'
  ...
# Subtest: staging fallback preserves received radio precision and a locked remote target through an outage and load
ok 17 - staging fallback preserves received radio precision and a locked remote target through an outage and load
  ---
  duration_ms: 340.438836
  type: 'test'
  ...
# Subtest: withdrawing bodies breach a newly blocked birth tile and prevent recovery or rest completion until they physically exit
ok 18 - withdrawing bodies breach a newly blocked birth tile and prevent recovery or rest completion until they physically exit
  ---
  duration_ms: 877.497451
  type: 'test'
  ...
# Subtest: minor withdrawal at dusk is physical, saved and exclusive with the major roster
ok 19 - minor withdrawal at dusk is physical, saved and exclusive with the major roster
  ---
  duration_ms: 693.759543
  type: 'test'
  ...
# Subtest: restoration ties, disabled targets, recommissioning and post-lock nominations retain one promised schedule through saves
ok 20 - restoration ties, disabled targets, recommissioning and post-lock nominations retain one promised schedule through saves
  ---
  duration_ms: 1055.146469
  type: 'test'
  ...
# Subtest: old defence saves retain attacks and paid jobs while incompatible old command histories stop claiming full replay
ok 21 - old defence saves retain attacks and paid jobs while incompatible old command histories stop claiming full replay
  ---
  duration_ms: 305.110387
  type: 'test'
  ...
# Subtest: pursuit discards an attack waypoint before walking away and remains valid across saved continuation
ok 22 - pursuit discards an attack waypoint before walking away and remains valid across saved continuation
  ---
  duration_ms: 416.36961
  type: 'test'
  ...
# Subtest: paid obstruction, ordinary walking and the resulting assault replay from a declared pre-dusk checkpoint
ok 23 - paid obstruction, ordinary walking and the resulting assault replay from a declared pre-dusk checkpoint
  ---
  duration_ms: 1114.795494
  type: 'test'
  ...
# Subtest: save validation refuses mismatched body targets, duplicate identities, lost roster entries and invalid delay/withdrawal metadata
ok 24 - save validation refuses mismatched body targets, duplicate identities, lost roster entries and invalid delay/withdrawal metadata
  ---
  duration_ms: 181.114149
  type: 'test'
  ...
# Subtest: fresh origins and same-approach fallback exist across all base positions on seeds 1–32
ok 25 - fresh origins and same-approach fallback exist across all base positions on seeds 1–32
  ---
  duration_ms: 12015.67144
  type: 'test'
  ...
1..25
# tests 25
# suites 0
# pass 24
# fail 1
# cancelled 0
# skipped 0
# todo 0
# duration_ms 30478.36167
