TAP version 13
# Subtest: known threat navigation never exposes an offline network target or reuses a different assault warning
ok 1 - known threat navigation never exposes an offline network target or reuses a different assault warning
  ---
  duration_ms: 877.998522
  type: 'test'
  ...
# Subtest: home guarantee and current minor raid remain actionable during a future major warning
ok 2 - home guarantee and current minor raid remain actionable during a future major warning
  ---
  duration_ms: 263.805827
  type: 'test'
  ...
# Subtest: immediate wall breach uses the damage tick decision, including blocked withdrawal and saved continuation
ok 3 - immediate wall breach uses the damage tick decision, including blocked withdrawal and saved continuation
  ---
  duration_ms: 452.218445
  type: 'test'
  ...
# Subtest: nearby turret attack and engineer contact supersede the strategic core and match real damage
ok 4 - nearby turret attack and engineer contact supersede the strategic core and match real damage
  ---
  duration_ms: 231.73352
  type: 'test'
  ...
1..4
# tests 4
# suites 0
# pass 4
# fail 0
# cancelled 0
# skipped 0
# todo 0
# duration_ms 4956.259981
