TAP version 13
# Subtest: 32 seeded shelters are accessible without a guardian fight and are permanent walkable reservations
ok 1 - 32 seeded shelters are accessible without a guardian fight and are permanent walkable reservations
  ---
  duration_ms: 35392.726628
  type: 'test'
  ...
# Subtest: ordinary walk and recruitment grant real electrical plans once, preserve stock and replay
ok 2 - ordinary walk and recruitment grant real electrical plans once, preserve stock and replay
  ---
  duration_ms: 1841.902042
  type: 'test'
  ...
# Subtest: recruitment requires an able engineer on foot and persists through disabled cores and block changes
ok 3 - recruitment requires an able engineer on foot and persists through disabled cores and block changes
  ---
  duration_ms: 291.999328
  type: 'test'
  ...
# Subtest: version 5 migration keeps earned plans, existing workshop history and layouts; unearned plans stay locked
ok 4 - version 5 migration keeps earned plans, existing workshop history and layouts; unearned plans stay locked
  ---
  duration_ms: 4336.635371
  type: 'test'
  ...
# Subtest: current saves reject missing, duplicated or malformed recruits and old logs are marked incomplete
ok 5 - current saves reject missing, duplicated or malformed recruits and old logs are marked incomplete
  ---
  duration_ms: 1272.175803
  type: 'test'
  ...
# Subtest: Concrete crew sites are separate and reachable across 32 seeds; version 6 migration preserves the original recruit
ok 6 - Concrete crew sites are separate and reachable across 32 seeds; version 6 migration preserves the original recruit
  ---
  duration_ms: 43866.446352
  type: 'test'
  ...
# Subtest: ordinary recruitment and paid stone → belt → Mixer → concrete chest chain save and replay
ok 7 - ordinary recruitment and paid stone → belt → Mixer → concrete chest chain save and replay
  ---
  duration_ms: 2512.6071
  type: 'test'
  ...
# Subtest: Mixer pauses without power, retains a paid partial craft, refuses busy packing and stops at full output
ok 8 - Mixer pauses without power, retains a paid partial craft, refuses busy packing and stops at full output
  ---
  duration_ms: 1306.661336
  type: 'test'
  ...
# Subtest: paid Barricades conserve concrete through history, damage, saved repair and packing
ok 9 - paid Barricades conserve concrete through history, damage, saved repair and packing
  ---
  duration_ms: 1052.212415
  type: 'test'
  ...
# Subtest: concrete saves reject corrupt production and counters; construction requires concrete
ok 10 - concrete saves reject corrupt production and counters; construction requires concrete
  ---
  duration_ms: 1730.442566
  type: 'test'
  ...
# Subtest: crawlers physically breach a sealed Barricade court
ok 11 - crawlers physically breach a sealed Barricade court
  ---
  duration_ms: 853.134125
  type: 'test'
  ...
# Subtest: construction: continuous corner path is one paid group; undo and redo conserve and keep simulation time
ok 12 - construction: continuous corner path is one paid group; undo and redo conserve and keep simulation time
  ---
  duration_ms: 1312.98645
  type: 'test'
  ...
# Subtest: construction: invalid, partially obstructed, unaffordable and out-of-reach groups have no partial effects
ok 13 - construction: invalid, partially obstructed, unaffordable and out-of-reach groups have no partial effects
  ---
  duration_ms: 1243.16221
  type: 'test'
  ...
# Subtest: construction: removal history restores settings but leaves recovered contents in pockets; earlier undo still works
ok 14 - construction: removal history restores settings but leaves recovered contents in pockets; earlier undo still works
  ---
  duration_ms: 793.925346
  type: 'test'
  ...
# Subtest: construction: current contents, damage, full pockets, occupied undo sites and down state are respected
ok 15 - construction: current contents, damage, full pockets, occupied undo sites and down state are respected
  ---
  duration_ms: 573.010018
  type: 'test'
  ...
# Subtest: construction: rotation, bounded history, new-branch redo clearing, save validation and continuation
ok 16 - construction: rotation, bounded history, new-branch redo clearing, save validation and continuation
  ---
  duration_ms: 2742.823662
  type: 'test'
  ...
# Subtest: construction: paused UI dispatch flushes pending inputs once and a saved command stream replays exactly
ok 17 - construction: paused UI dispatch flushes pending inputs once and a saved command stream replays exactly
  ---
  duration_ms: 1702.078779
  type: 'test'
  ...
# Subtest: construction: packing refuses an unfinished recipe, fractional stock or loose-round overflow atomically
ok 18 - construction: packing refuses an unfinished recipe, fractional stock or loose-round overflow atomically
  ---
  duration_ms: 560.646864
  type: 'test'
  ...
# Subtest: construction controls: build catalogue and hotkeys share references; modified history keys do not collide with tools
ok 19 - construction controls: build catalogue and hotkeys share references; modified history keys do not collide with tools
  ---
  duration_ms: 0.761736
  type: 'test'
  ...
1..19
# tests 19
# suites 0
# pass 19
# fail 0
# cancelled 0
# skipped 0
# todo 0
# duration_ms 54735.666035
