
> relight-prototype@0.1.0 typecheck
> npm run build -w packages/sim && npm run build -w packages/harness && npm run build -w packages/tools && npm run build -w packages/game


> @relight/sim@0.1.0 build
> tsc -p tsconfig.json --noEmit


> @relight/harness@0.1.0 build
> tsc -p tsconfig.json --noEmit


> @relight/tools@0.1.0 build
> tsc -p tsconfig.json --noEmit


> @relight/game@0.1.0 build
> tsc -p tsconfig.json --noEmit && vite build

vite v6.4.3 building for production...
transforming...
✓ 76 modules transformed.
rendering chunks...
computing gzip size...
dist/index.html                     0.61 kB │ gzip:   0.32 kB
dist/assets/index-D1fqMoDc.css      6.68 kB │ gzip:   2.08 kB
dist/assets/index-Dqruh0iW.js   1,959.06 kB │ gzip: 510.27 kB

(!) Some chunks are larger than 500 kB after minification. Consider:
- Using dynamic import() to code-split the application
- Use build.rollupOptions.output.manualChunks to improve chunking: https://rollupjs.org/configuration-options/#output-manualchunks
- Adjust chunk size limit for this warning via build.chunkSizeWarningLimit.
✓ built in 12.70s
