TAP version 13
# /mnt/e/Factorio2/packages/sim/src/ground.ts:609
# blockAtHook.current = (st, x, y) => {
# ^
# ReferenceError: Cannot access 'blockAtHook' before initialization
#     at <anonymous> (/mnt/e/Factorio2/packages/sim/src/ground.ts:609:1)
#     at ModuleJob.run (node:internal/modules/esm/module_job:343:25)
#     at async onImport.tracePromise.__proto__ (node:internal/modules/esm/loader:647:26)
#     at async asyncRunEntryPointWithESMLoader (node:internal/modules/run_main:117:5)
# Node.js v22.18.0
# Subtest: packages/sim/test/expansion.test.ts
not ok 1 - packages/sim/test/expansion.test.ts
  ---
  duration_ms: 6070.569343
  type: 'test'
  location: '/mnt/e/Factorio2/packages/sim/test/expansion.test.ts:1:1'
  failureType: 'testCodeFailure'
  exitCode: 1
  signal: ~
  error: 'test failed'
  code: 'ERR_TEST_FAILURE'
  ...
# /mnt/e/Factorio2/packages/sim/src/ground.ts:609
# blockAtHook.current = (st, x, y) => {
# ^
# ReferenceError: Cannot access 'blockAtHook' before initialization
#     at <anonymous> (/mnt/e/Factorio2/packages/sim/src/ground.ts:609:1)
#     at ModuleJob.run (node:internal/modules/esm/module_job:343:25)
#     at async onImport.tracePromise.__proto__ (node:internal/modules/esm/loader:647:26)
#     at async asyncRunEntryPointWithESMLoader (node:internal/modules/run_main:117:5)
# Node.js v22.18.0
# Subtest: packages/sim/test/transport.test.ts
not ok 2 - packages/sim/test/transport.test.ts
  ---
  duration_ms: 5793.065525
  type: 'test'
  location: '/mnt/e/Factorio2/packages/sim/test/transport.test.ts:1:1'
  failureType: 'testCodeFailure'
  exitCode: 1
  signal: ~
  error: 'test failed'
  code: 'ERR_TEST_FAILURE'
  ...
1..2
# tests 2
# suites 0
# pass 0
# fail 2
# cancelled 0
# skipped 0
# todo 0
# duration_ms 11891.278269
