TAP version 13
# Subtest: second area is reachable across seeds; restoration costs, local power, radio and once-only kit survive saves
ok 1 - second area is reachable across seeds; restoration costs, local power, radio and once-only kit survive saves
  ---
  duration_ms: 4354.688363
  type: 'test'
  ...
# Subtest: fresh paid expedition lays its generated kit and moves reserved freight between independently powered bases
ok 2 - fresh paid expedition lays its generated kit and moves reserved freight between independently powered bases
  ---
  duration_ms: 1253.700325
  type: 'test'
  ...
# Subtest: old home preview upgrades deterministically without granting a kit; malformed expansion metadata is rejected
ok 3 - old home preview upgrades deterministically without granting a kit; malformed expansion metadata is rejected
  ---
  duration_ms: 592.627359
  type: 'test'
  ...
# Subtest: physical pole links power a remote installation and picking them up disconnects it
ok 4 - physical pole links power a remote installation and picking them up disconnects it
  ---
  duration_ms: 249.004096
  type: 'test'
  ...
# Subtest: upgrading a home-only save preserves the save but labels its old log as incomplete for the new campaign factory
ok 5 - upgrading a home-only save preserves the save but labels its old log as incomplete for the new campaign factory
  ---
  duration_ms: 296.395479
  type: 'test'
  ...
# Subtest: truck unlocks once at the paid restored station, keeps the kit corridor clear and replays its entire driving/cargo trip
ok 6 - truck unlocks once at the paid restored station, keeps the kit corridor clear and replays its entire driving/cargo trip
  ---
  duration_ms: 2369.269753
  type: 'test'
  ...
# Subtest: truck boarding and cargo are local; a parked footprint blocks walking, paths and construction
ok 7 - truck boarding and cargo are local; a parked footprint blocks walking, paths and construction
  ---
  duration_ms: 506.376246
  type: 'test'
  ...
# Subtest: cargo capacity is separate, partial stacks fit, and invalid or distant transfers preserve both inventories
not ok 8 - cargo capacity is separate, partial stacks fit, and invalid or distant transfers preserve both inventories
  ---
  duration_ms: 252.707921
  type: 'test'
  location: '/mnt/e/Factorio2/packages/sim/test/transport.test.ts:47:1'
  failureType: 'testCodeFailure'
  error: |-
    Expected values to be strictly equal:
    + actual - expected
    
    + 'Walk beside the truck to board'
    - ''
    
  code: 'ERR_ASSERTION'
  name: 'AssertionError'
  expected: ''
  actual: 'Walk beside the truck to board'
  operator: 'strictEqual'
  stack: |-
    beside (/mnt/e/Factorio2/packages/sim/test/transport.test.ts:16:10)
    board (/mnt/e/Factorio2/packages/sim/test/transport.test.ts:23:35)
    TestContext.<anonymous> (/mnt/e/Factorio2/packages/sim/test/transport.test.ts:48:20)
    Test.runInAsyncScope (node:async_hooks:214:14)
    Test.run (node:internal/test_runner/test:1047:25)
    Test.processPendingSubtests (node:internal/test_runner/test:744:18)
    Test.postRun (node:internal/test_runner/test:1173:19)
    Test.run (node:internal/test_runner/test:1101:12)
    async Test.processPendingSubtests (node:internal/test_runner/test:744:7)
  ...
# Subtest: driving checks every footprint tile at speed, refuses blocked rotations, and cannot use dodge or auto-walk
not ok 9 - driving checks every footprint tile at speed, refuses blocked rotations, and cannot use dodge or auto-walk
  ---
  duration_ms: 250.756336
  type: 'test'
  location: '/mnt/e/Factorio2/packages/sim/test/transport.test.ts:59:1'
  failureType: 'testCodeFailure'
  error: |-
    Expected values to be strictly equal:
    + actual - expected
    
    + 'Walk beside the truck to board'
    - ''
    
  code: 'ERR_ASSERTION'
  name: 'AssertionError'
  expected: ''
  actual: 'Walk beside the truck to board'
  operator: 'strictEqual'
  stack: |-
    beside (/mnt/e/Factorio2/packages/sim/test/transport.test.ts:16:10)
    board (/mnt/e/Factorio2/packages/sim/test/transport.test.ts:23:35)
    TestContext.<anonymous> (/mnt/e/Factorio2/packages/sim/test/transport.test.ts:60:20)
    Test.runInAsyncScope (node:async_hooks:214:14)
    Test.run (node:internal/test_runner/test:1047:25)
    Test.processPendingSubtests (node:internal/test_runner/test:744:18)
    Test.postRun (node:internal/test_runner/test:1173:19)
    Test.run (node:internal/test_runner/test:1101:12)
    async Test.processPendingSubtests (node:internal/test_runner/test:744:7)
  ...
# Subtest: blocked exit is refused; knockdown parks cargo, respawn does not teleport the truck, and occupied saves resume
not ok 10 - blocked exit is refused; knockdown parks cargo, respawn does not teleport the truck, and occupied saves resume
  ---
  duration_ms: 259.276069
  type: 'test'
  location: '/mnt/e/Factorio2/packages/sim/test/transport.test.ts:75:1'
  failureType: 'testCodeFailure'
  error: |-
    Expected values to be strictly equal:
    + actual - expected
    
    + 'Walk beside the truck to board'
    - ''
    
  code: 'ERR_ASSERTION'
  name: 'AssertionError'
  expected: ''
  actual: 'Walk beside the truck to board'
  operator: 'strictEqual'
  stack: |-
    beside (/mnt/e/Factorio2/packages/sim/test/transport.test.ts:16:10)
    board (/mnt/e/Factorio2/packages/sim/test/transport.test.ts:23:35)
    TestContext.<anonymous> (/mnt/e/Factorio2/packages/sim/test/transport.test.ts:76:20)
    Test.runInAsyncScope (node:async_hooks:214:14)
    Test.run (node:internal/test_runner/test:1047:25)
    Test.processPendingSubtests (node:internal/test_runner/test:744:18)
    Test.postRun (node:internal/test_runner/test:1173:19)
    Test.run (node:internal/test_runner/test:1101:12)
    async Test.processPendingSubtests (node:internal/test_runner/test:744:7)
  ...
# Subtest: old restored previews spawn deterministically on their next tick; malformed truck saves are rejected
ok 11 - old restored previews spawn deterministically on their next tick; malformed truck saves are rejected
  ---
  duration_ms: 943.729626
  type: 'test'
  ...
# Subtest: selected-stop query matches physical service, reacts to outages and cuts, and never mutates state
ok 12 - selected-stop query matches physical service, reacts to outages and cuts, and never mutates state
  ---
  duration_ms: 300.270622
  type: 'test'
  ...
1..12
# tests 12
# suites 0
# pass 9
# fail 3
# cancelled 0
# skipped 0
# todo 0
# duration_ms 17884.762126
