
> relight-prototype@0.1.0 test
> npm test -w packages/sim


> @relight/sim@0.1.0 test
> tsx --test --test-concurrency=1 test/*.test.ts

TAP version 13
# Subtest: sprint runs at 1.6× walk, drains the bar to one dodge's worth and never below; releasing Shift refills it
ok 1 - sprint runs at 1.6× walk, drains the bar to one dodge's worth and never below; releasing Shift refills it
  ---
  duration_ms: 458.872813
  type: 'test'
  ...
# Subtest: the dodge is 3 tiles in 0.25 s in the movement direction (or the facing), on a 1 s cooldown, costing a quarter of the bar
ok 2 - the dodge is 3 tiles in 0.25 s in the movement direction (or the facing), on a 1 s cooldown, costing a quarter of the bar
  ---
  duration_ms: 81.299844
  type: 'test'
  ...
# Subtest: a walk-here target survives a key release and is cancelled by any WASD input; a dodge cancels it too
ok 3 - a walk-here target survives a key release and is cancelled by any WASD input; a dodge cancels it too
  ---
  duration_ms: 46.672257
  type: 'test'
  ...
# Subtest: the rifle aimed at empty street spends a round a shot and hits nothing; aimed at an engaged edge it kills what the turrets missed, draws retaliation and counts as danger
ok 4 - the rifle aimed at empty street spends a round a shot and hits nothing; aimed at an engaged edge it kills what the turrets missed, draws retaliation and counts as danger
  ---
  duration_ms: 89.482639
  type: 'test'
  ...
# Subtest: legacy defaults retain their identity; campaign schema rejects mixed rules, metadata, candidates and evidence
ok 5 - legacy defaults retain their identity; campaign schema rejects mixed rules, metadata, candidates and evidence
  ---
  duration_ms: 603.916251
  type: 'test'
  ...
# Subtest: campaign has no legacy ammo ring, wake blooms, automatic attacks, claims or passive territory loss; clock and load continuation agree
ok 6 - campaign has no legacy ammo ring, wake blooms, automatic attacks, claims or passive territory loss; clock and load continuation agree
  ---
  duration_ms: 1406.027066
  type: 'test'
  ...
# Subtest: cul-de-sac across seeds has exactly one four-tile entrance, shared collision, reachable supplies/resources and buildable factory space
ok 7 - cul-de-sac across seeds has exactly one four-tile entrance, shared collision, reachable supplies/resources and buildable factory space
  ---
  duration_ms: 2899.434827
  type: 'test'
  ...
# Subtest: campaign session, share/load identity, replay and browser save slots remain isolated from legacy sessions
ok 8 - campaign session, share/load identity, replay and browser save slots remain isolated from legacy sessions
  ---
  duration_ms: 701.84996
  type: 'test'
  ...
# Subtest: paid walls block walking, retain their footprint on defeat, and repair consumes materials once through save/load
ok 9 - paid walls block walking, retain their footprint on defeat, and repair consumes materials once through save/load
  ---
  duration_ms: 868.372911
  type: 'test'
  ...
# Subtest: one dawn lock coalesces restorations; later nominations wait and a late ending preserves two full quiet cycles
ok 10 - one dawn lock coalesces restorations; later nominations wait and a late ending preserves two full quiet cycles
  ---
  duration_ms: 1424.645251
  type: 'test'
  ...
# Subtest: a powered radio receives the real lock; outages retain it and never reroll the target
ok 11 - a powered radio receives the real lock; outages retain it and never reroll the target
  ---
  duration_ms: 254.752641
  type: 'test'
  ...
# Subtest: minor opportunities are shared, finite and suppressed during major combat and recovery without catch-up
ok 12 - minor opportunities are shared, finite and suppressed during major combat and recovery without catch-up
  ---
  duration_ms: 225.060098
  type: 'test'
  ...
# Subtest: unopposed major crawlers follow the home mouth, defeat its core and physically withdraw before paid recovery
ok 13 - unopposed major crawlers follow the home mouth, defeat its core and physically withdraw before paid recovery
  ---
  duration_ms: 461.671907
  type: 'test'
  ...
# Subtest: a sealed court is breached through a player wall instead of losing pathfinding; turret defeat preserves its ammo
ok 14 - a sealed court is breached through a player wall instead of losing pathfinding; turret defeat preserves its ammo
  ---
  duration_ms: 427.363609
  type: 'test'
  ...
# Subtest: ruin guards stay at their own sites and never join the base assault
ok 15 - ruin guards stay at their own sites and never join the base assault
  ---
  duration_ms: 325.787483
  type: 'test'
  ...
# Subtest: ordinary paid and hand-supplied turrets hold the complete finite major roster without the rifle
ok 16 - ordinary paid and hand-supplied turrets hold the complete finite major roster without the rifle
  ---
  duration_ms: 586.200354
  type: 'test'
  ...
# Subtest: old previews gain a preparation interval; malformed schedules, health and orphaned bodies are refused
ok 17 - old previews gain a preparation interval; malformed schedules, health and orphaned bodies are refused
  ---
  duration_ms: 501.21412
  type: 'test'
  ...
# Subtest: ordinary paid defence commands replay from the same fresh campaign factory
ok 18 - ordinary paid defence commands replay from the same fresh campaign factory
  ---
  duration_ms: 407.189161
  type: 'test'
  ...
# {"seed":3,"ticks":388,"commands":75,"recoveredAt":17,"hash":"68b8a86a"}
# Subtest: the marked workshop side yard is seeded, reachable, optional, and clear of essential routes across seeds
ok 19 - the marked workshop side yard is seeded, reachable, optional, and clear of essential routes across seeds
  ---
  duration_ms: 3944.566044
  type: 'test'
  ...
# Subtest: guardian telegraphs every strike, accepts a dodge, leaves a downed engineer, and saves mid-windup
ok 20 - guardian telegraphs every strike, accepts a dodge, leaves a downed engineer, and saves mid-windup
  ---
  duration_ms: 407.620768
  type: 'test'
  ...
# Subtest: the guardian returns at its bounded leash and workshop restoration does not retire it
ok 21 - the guardian returns at its bounded leash and workshop restoration does not retire it
  ---
  duration_ms: 278.944214
  type: 'test'
  ...
# Subtest: a supplied paid turret defeats the guardian without reflex combat; the site reward is once-only, not a drop
ok 22 - a supplied paid turret defeats the guardian without reflex combat; the site reward is once-only, not a drop
  ---
  duration_ms: 656.340132
  type: 'test'
  ...
# Subtest: field repair retains material costs, paid pauses and existing job duration, including core recovery
ok 23 - field repair retains material costs, paid pauses and existing job duration, including core recovery
  ---
  duration_ms: 191.035417
  type: 'test'
  ...
# Subtest: old previews add one deferred guardian; malformed or missing current reward state is rejected
ok 24 - old previews add one deferred guardian; malformed or missing current reward state is rejected
  ---
  duration_ms: 454.636635
  type: 'test'
  ...
# Subtest: fresh campaign reaches and recovers the discovery through ordinary commands, then replays and reloads identically
ok 25 - fresh campaign reaches and recovers the discovery through ordinary commands, then replays and reloads identically
  ---
  duration_ms: 1347.197637
  type: 'test'
  ...
# Subtest: the records can be recovered by drawing the living guardian away, with no kill requirement
ok 26 - the records can be recovered by drawing the living guardian away, with no kill requirement
  ---
  duration_ms: 183.439676
  type: 'test'
  ...
# Subtest: a paid missed rifle round attracts the workshop guardian even when the engineer stands still
ok 27 - a paid missed rifle round attracts the workshop guardian even when the engineer stands still
  ---
  duration_ms: 160.371028
  type: 'test'
  ...
# Subtest: district sites and specialised sources are reachable, distinct and persistent across seeds and saves
ok 28 - district sites and specialised sources are reachable, distinct and persistent across seeds and saves
  ---
  duration_ms: 2778.734158
  type: 'test'
  ...
# Subtest: powered extraction produces into real local storage without depletion or hand mining; outages stop it
ok 29 - powered extraction produces into real local storage without depletion or hand mining; outages stop it
  ---
  duration_ms: 575.091421
  type: 'test'
  ...
# Subtest: workshop consumes local supplies at its powered rate, pauses during attacks/outages, and preserves repairs through saves
ok 30 - workshop consumes local supplies at its powered rate, pauses during attacks/outages, and preserves repairs through saves
  ---
  duration_ms: 1398.071019
  type: 'test'
  ...
# Subtest: fresh campaign pays for both stations and the workshop through logged commands that replay identically
ok 31 - fresh campaign pays for both stations and the workshop through logged commands that replay identically
  ---
  duration_ms: 531.94599
  type: 'test'
  ...
# Subtest: paid three-base tram route reserves onward supply, returns district goods and requires repeated actual home deliveries for shorter rest
not ok 32 - paid three-base tram route reserves onward supply, returns district goods and requires repeated actual home deliveries for shorter rest
  ---
  duration_ms: 242.991432
  type: 'test'
  location: '/mnt/e/Factorio2/packages/sim/test/campaignDistricts.test.ts:158:1'
  failureType: 'testCodeFailure'
  error: |-
    Expected values to be strictly deep-equal:
    + actual - expected
    
      [
    +   492405,
    +   493205,
    +   494005,
    +   494805,
    +   495605,
    +   495606,
    +   495607,
    +   495608,
    +   495609,
    +   495610,
    +   495611,
    +   495612,
    +   495613,
    +   495614,
    +   495615,
    +   495616,
    +   495617,
    +   495618,
    +   495619,
    +   495620,
    +   495621,
    +   495622,
    +   495623,
    +   495624,
    +   495625,
    +   495626,
    +   495627,
    +   495628,
    +   495629,
    +   495630,
    +   495631,
    +   495632,
    +   495633,
    +   495634,
    +   495635,
    +   495636,
    +   496436,
    +   497236,
    +   498036,
    +   498836,
    +   499636,
    +   500436,
    +   501236,
    +   502036,
    +   502836,
    +   503636,
    +   504436,
    +   505236,
    +   506036,
    +   506836,
    +   507636,
        508436,
    -   507636,
    -   506836,
    -   506036,
    -   505236,
    -   504436,
    -   503636,
    -   502836,
    -   502036,
    -   501236,
    -   500436,
    -   499636,
    -   498836,
    -   498036,
    -   497236,
    -   496436,
    -   495636,
    -   495635,
    -   495634,
    -   495633,
    -   495632,
    -   495631,
    -   495630,
    -   495629,
    -   495628,
    -   495627,
    -   495626,
    -   495625,
    -   495624,
    -   495623,
    -   495622,
    -   495621,
    -   495620,
    -   495619,
    -   495618,
    -   495617,
    -   495616,
    -   495615,
    -   495614,
    -   495613,
    -   495612,
    -   495611,
    -   495610,
    -   495609,
    -   495608,
    -   495607,
    -   495606,
    -   495605,
    -   494805,
    -   494005,
    -   493205,
    -   492405
      ]
    
  code: 'ERR_ASSERTION'
  name: 'AssertionError'
  expected:
    0: 508436
    1: 507636
    2: 506836
    3: 506036
    4: 505236
    5: 504436
    6: 503636
    7: 502836
    8: 502036
    9: 501236
    10: 500436
    11: 499636
    12: 498836
    13: 498036
    14: 497236
    15: 496436
    16: 495636
    17: 495635
    18: 495634
    19: 495633
    20: 495632
    21: 495631
    22: 495630
    23: 495629
    24: 495628
    25: 495627
    26: 495626
    27: 495625
    28: 495624
    29: 495623
    30: 495622
    31: 495621
    32: 495620
    33: 495619
    34: 495618
    35: 495617
    36: 495616
    37: 495615
    38: 495614
    39: 495613
    40: 495612
    41: 495611
    42: 495610
    43: 495609
    44: 495608
    45: 495607
    46: 495606
    47: 495605
    48: 494805
    49: 494005
    50: 493205
    51: 492405
  actual:
    0: 492405
    1: 493205
    2: 494005
    3: 494805
    4: 495605
    5: 495606
    6: 495607
    7: 495608
    8: 495609
    9: 495610
    10: 495611
    11: 495612
    12: 495613
    13: 495614
    14: 495615
    15: 495616
    16: 495617
    17: 495618
    18: 495619
    19: 495620
    20: 495621
    21: 495622
    22: 495623
    23: 495624
    24: 495625
    25: 495626
    26: 495627
    27: 495628
    28: 495629
    29: 495630
    30: 495631
    31: 495632
    32: 495633
    33: 495634
    34: 495635
    35: 495636
    36: 496436
    37: 497236
    38: 498036
    39: 498836
    40: 499636
    41: 500436
    42: 501236
    43: 502036
    44: 502836
    45: 503636
    46: 504436
    47: 505236
    48: 506036
    49: 506836
    50: 507636
    51: 508436
  operator: 'deepStrictEqual'
  stack: |-
    TestContext.<anonymous> (/mnt/e/Factorio2/packages/sim/test/campaignDistricts.test.ts:166:91)
    Test.runInAsyncScope (node:async_hooks:214:14)
    Test.run (node:internal/test_runner/test:1047:25)
    Test.processPendingSubtests (node:internal/test_runner/test:744:18)
    Test.postRun (node:internal/test_runner/test:1173:19)
    Test.run (node:internal/test_runner/test:1101:12)
    async Test.processPendingSubtests (node:internal/test_runner/test:744:7)
  ...
# Subtest: old district-free previews upgrade once without moving the promised assault or duplicating sources
ok 33 - old district-free previews upgrade once without moving the promised assault or duplicating sources
  ---
  duration_ms: 451.479278
  type: 'test'
  ...
# Subtest: every preset validates on seeds 3–5 within the attempt budget
ok 34 - every preset validates on seeds 3–5 within the attempt budget
  ---
  duration_ms: 3204.972818
  type: 'test'
  ...
# Subtest: geometry invariants: lots are land, fronts face a street, neighbours are symmetric, segments match adjacency
ok 35 - geometry invariants: lots are land, fronts face a street, neighbours are symmetric, segments match adjacency
  ---
  duration_ms: 25.422754
  type: 'test'
  ...
# Subtest: city seed 3: generator summary matches the fixture
ok 36 - city seed 3: generator summary matches the fixture
  ---
  duration_ms: 1.229532
  type: 'test'
  ...
# Subtest: city seed 3 compact: 5-hour run matches the fixture
ok 37 - city seed 3 compact: 5-hour run matches the fixture
  ---
  duration_ms: 230.520174
  type: 'test'
  ...
# Subtest: city seed 3 balanced: 5-hour run matches the fixture
ok 38 - city seed 3 balanced: 5-hour run matches the fixture
  ---
  duration_ms: 165.56047
  type: 'test'
  ...
# Subtest: city seed 3 spike: 5-hour run matches the fixture
ok 39 - city seed 3 spike: 5-hour run matches the fixture
  ---
  duration_ms: 118.858142
  type: 'test'
  ...
# Subtest: city seed 3 cheapest: 5-hour run matches the fixture
ok 40 - city seed 3 cheapest: 5-hour run matches the fixture
  ---
  duration_ms: 80.996367
  type: 'test'
  ...
# Subtest: city seed 3 compact-walk: 5-hour run matches the fixture
ok 41 - city seed 3 compact-walk: 5-hour run matches the fixture
  ---
  duration_ms: 189.449732
  type: 'test'
  ...
# Subtest: city seed 4: generator summary matches the fixture
ok 42 - city seed 4: generator summary matches the fixture
  ---
  duration_ms: 0.602563
  type: 'test'
  ...
# Subtest: city seed 4 compact: 5-hour run matches the fixture
ok 43 - city seed 4 compact: 5-hour run matches the fixture
  ---
  duration_ms: 77.851245
  type: 'test'
  ...
# Subtest: city seed 4 balanced: 5-hour run matches the fixture
ok 44 - city seed 4 balanced: 5-hour run matches the fixture
  ---
  duration_ms: 89.271683
  type: 'test'
  ...
# Subtest: city seed 4 spike: 5-hour run matches the fixture
ok 45 - city seed 4 spike: 5-hour run matches the fixture
  ---
  duration_ms: 86.358415
  type: 'test'
  ...
# Subtest: city seed 4 cheapest: 5-hour run matches the fixture
ok 46 - city seed 4 cheapest: 5-hour run matches the fixture
  ---
  duration_ms: 85.571067
  type: 'test'
  ...
# Subtest: city seed 4 compact-walk: 5-hour run matches the fixture
ok 47 - city seed 4 compact-walk: 5-hour run matches the fixture
  ---
  duration_ms: 108.799538
  type: 'test'
  ...
# Subtest: city seed 5: generator summary matches the fixture
ok 48 - city seed 5: generator summary matches the fixture
  ---
  duration_ms: 0.268055
  type: 'test'
  ...
# Subtest: city seed 5 compact: 5-hour run matches the fixture
ok 49 - city seed 5 compact: 5-hour run matches the fixture
  ---
  duration_ms: 80.893965
  type: 'test'
  ...
# Subtest: city seed 5 balanced: 5-hour run matches the fixture
ok 50 - city seed 5 balanced: 5-hour run matches the fixture
  ---
  duration_ms: 86.808971
  type: 'test'
  ...
# Subtest: city seed 5 spike: 5-hour run matches the fixture
ok 51 - city seed 5 spike: 5-hour run matches the fixture
  ---
  duration_ms: 78.803932
  type: 'test'
  ...
# Subtest: city seed 5 cheapest: 5-hour run matches the fixture
ok 52 - city seed 5 cheapest: 5-hour run matches the fixture
  ---
  duration_ms: 82.002669
  type: 'test'
  ...
# Subtest: city seed 5 compact-walk: 5-hour run matches the fixture
ok 53 - city seed 5 compact-walk: 5-hour run matches the fixture
  ---
  duration_ms: 104.716813
  type: 'test'
  ...
# Subtest: one path: the map previews and charges nothing; a pole run claims nothing; the materials are delivered once and consumed once at Activate; one claim event and one wake bloom carry the attempt's id; a second Activate is refused; the ledger balances
ok 54 - one path: the map previews and charges nothing; a pole run claims nothing; the materials are delivered once and consumed once at Activate; one claim event and one wake bloom carry the attempt's id; a second Activate is refused; the ledger balances
  ---
  duration_ms: 911.703783
  type: 'test'
  ...
# Subtest: prerequisites: the installation names the missing one, in order — adjacency, the substation, the pole run, a substation that is off, the grid's supply, the materials, reach, the engineer down
ok 55 - prerequisites: the installation names the missing one, in order — adjacency, the substation, the pole run, a substation that is off, the grid's supply, the materials, reach, the engineer down
  ---
  duration_ms: 648.635612
  type: 'test'
  ...
# Subtest: the outskirts: the Substation is field kit — refused until a neighbour is Held, then stands on the unheld outskirts lot (paid from the pockets, D-B3-1), the block stays Dark, and it is the installation the claim delivers to
ok 56 - the outskirts: the Substation is field kit — refused until a neighbour is Held, then stands on the unheld outskirts lot (paid from the pockets, D-B3-1), the block stays Dark, and it is the installation the claim delivers to
  ---
  duration_ms: 521.045909
  type: 'test'
  ...
# Subtest: field kit: a Lamp on the Dark front is off until a connected pole reaches it, then lit on real demand; a turret there is not off; an Assembler is refused; a belt on a far Dark block is refused; nothing marks the block Held
ok 57 - field kit: a Lamp on the Dark front is off until a connected pole reaches it, then lit on real demand; a turret there is not off; an Assembler is refused; a belt on a far Dark block is refused; nothing marks the block Held
  ---
  duration_ms: 463.593716
  type: 'test'
  ...
# Subtest: save / replay: the hour bot's physical claim (poles, deliver, Activate) logged at 14:00 replays from a save to the unbroken run's hash at 16:00, with east commissioned by the physical path
ok 58 - save / replay: the hour bot's physical claim (poles, deliver, Activate) logged at 14:00 replays from a save to the unbroken run's hash at 16:00, with east commissioned by the physical path
  ---
  duration_ms: 972.707551
  type: 'test'
  ...
# Subtest: construction: continuous corner path is one paid group; undo and redo conserve and keep simulation time
ok 59 - construction: continuous corner path is one paid group; undo and redo conserve and keep simulation time
  ---
  duration_ms: 615.421689
  type: 'test'
  ...
# Subtest: construction: invalid, partially obstructed, unaffordable and out-of-reach groups have no partial effects
ok 60 - construction: invalid, partially obstructed, unaffordable and out-of-reach groups have no partial effects
  ---
  duration_ms: 541.903239
  type: 'test'
  ...
# Subtest: construction: removal history restores settings but leaves recovered contents in pockets; earlier undo still works
ok 61 - construction: removal history restores settings but leaves recovered contents in pockets; earlier undo still works
  ---
  duration_ms: 533.896336
  type: 'test'
  ...
# Subtest: construction: current contents, damage, full pockets, occupied undo sites and down state are respected
ok 62 - construction: current contents, damage, full pockets, occupied undo sites and down state are respected
  ---
  duration_ms: 342.076147
  type: 'test'
  ...
# Subtest: construction: rotation, bounded history, new-branch redo clearing, save validation and continuation
ok 63 - construction: rotation, bounded history, new-branch redo clearing, save validation and continuation
  ---
  duration_ms: 1047.192467
  type: 'test'
  ...
# Subtest: construction: paused UI dispatch flushes pending inputs once and a saved command stream replays exactly
ok 64 - construction: paused UI dispatch flushes pending inputs once and a saved command stream replays exactly
  ---
  duration_ms: 864.267109
  type: 'test'
  ...
# Subtest: construction: packing refuses an unfinished recipe, fractional stock or loose-round overflow atomically
ok 65 - construction: packing refuses an unfinished recipe, fractional stock or loose-round overflow atomically
  ---
  duration_ms: 335.405843
  type: 'test'
  ...
# Subtest: construction controls: build catalogue and hotkeys share references; modified history keys do not collide with tools
ok 66 - construction controls: build catalogue and hotkeys share references; modified history keys do not collide with tools
  ---
  duration_ms: 0.413109
  type: 'test'
  ...
# Subtest: HQ start (D-P4-8): six turrets with full hoppers, a Generator with 40 coal and 40 more in the chest, 20 magazines in the chest; every pip green from the first tick
ok 67 - HQ start (D-P4-8): six turrets with full hoppers, a Generator with 40 coal and 40 more in the chest, 20 magazines in the chest; every pip green from the first tick
  ---
  duration_ms: 129.58116
  type: 'test'
  ...
# Subtest: feeding: an inserter fills a turret from a belt of magazines to its 50-round hopper and waits; hand-feeding fills it from the pockets at once (prompt B M3); the pip follows
ok 68 - feeding: an inserter fills a turret from a belt of magazines to its 50-round hopper and waits; hand-feeding fills it from the pockets at once (prompt B M3); the pip follows
  ---
  duration_ms: 39.460681
  type: 'test'
  ...
# Subtest: engagement: crawlers drain the turrets fullest-first at 5 rounds/s each; a rush past the rate goes unfed; the hopper-empty event fires on the same tick the pip turns red
ok 69 - engagement: crawlers drain the turrets fullest-first at 5 rounds/s each; a rush past the rate goes unfed; the hopper-empty event fires on the same tick the pip turns red
  ---
  duration_ms: 17.726564
  type: 'test'
  ...
# Subtest: Generator: 300 kW, 4 MJ a coal — the start's 40 coal last 533 s at full load; a dry Generator kills the grid until hand-fed
ok 70 - Generator: 300 kW, 4 MJ a coal — the start's 40 coal last 533 s at full load; a dry Generator kills the grid until hand-fed
  ---
  duration_ms: 110.428969
  type: 'test'
  ...
# Subtest: D-B3-4 proportional brownout: short of supply every machine runs at supply ÷ demand — the Excavator mines that much slower, the Lamp stays lit, the substation stays on, nothing switches off — and full speed returns the second the supply covers demand
ok 71 - D-B3-4 proportional brownout: short of supply every machine runs at supply ÷ demand — the Excavator mines that much slower, the Lamp stays lit, the substation stays on, nothing switches off — and full speed returns the second the supply covers demand
  ---
  duration_ms: 58.869813
  type: 'test'
  ...
# Subtest: lamps and streetlights: radius 4, lit while the substation powers; three in eight streetlights are broken; a Lamp fills a dark spot
ok 72 - lamps and streetlights: radius 4, lit while the substation powers; three in eight streetlights are broken; a Lamp fills a dark spot
  ---
  duration_ms: 34.868632
  type: 'test'
  ...
# Subtest: poles: reach 8 from a claimed substation; RI-03: a connected run that reaches a Dark neighbour's substation claims nothing — the block waits for its materials and an explicit Activate; a map claim still strings its own poles (legacy)
ok 73 - poles: reach 8 from a claimed substation; RI-03: a connected run that reaches a Dark neighbour's substation claims nothing — the block waits for its materials and an explicit Activate; a map claim still strings its own poles (legacy)
  ---
  duration_ms: 38.616023
  type: 'test'
  ...
# Subtest: a flow layer saved before M3 loads with the M3 fields; placement refuses the substation footprint
ok 74 - a flow layer saved before M3 loads with the M3 fields; placement refuses the substation footprint
  ---
  duration_ms: 27.049227
  type: 'test'
  ...
# Subtest: the bot's hands: every turret at or under half and every Generator at or under half is hand-fed from the Depot
ok 75 - the bot's hands: every turret at or under half and every Generator at or under half is hand-fed from the Depot
  ---
  duration_ms: 18.100955
  type: 'test'
  ...
# Subtest: city HQ (D-B1-4): the start turrets are derived from the HQ's segments — one per 16 tiles, at least one a segment, a corner sliver served by the turrets that reach it — so every live segment is a covered turret edge on seeds 3, 4 and 5, and the HQ holds three minutes with no hopper empty
ok 76 - city HQ (D-B1-4): the start turrets are derived from the HQ's segments — one per 16 tiles, at least one a segment, a corner sliver served by the turrets that reach it — so every live segment is a covered turret edge on seeds 3, 4 and 5, and the HQ holds three minutes with no hopper empty
  ---
  duration_ms: 1279.815855
  type: 'test'
  ...
# Subtest: unlocks: the Electricians' Floodlight, Big pole and Substation are locked until their block turns Held, the held event names them, and losing the block later keeps them
ok 77 - unlocks: the Electricians' Floodlight, Big pole and Substation are locked until their block turns Held, the held event names them, and losing the block later keeps them
  ---
  duration_ms: 136.400053
  type: 'test'
  ...
# Subtest: Floodlight: 2×2, 40 kW, lights a 12-tile 60° cone along its facing while the face is powered, and nothing behind or beside it
ok 78 - Floodlight: 2×2, 40 kW, lights a 12-tile 60° cone along its facing while the face is powered, and nothing behind or beside it
  ---
  duration_ms: 48.566021
  type: 'test'
  ...
# Subtest: Big pole: 2×2, reach 12 — it hangs from a substation a pole at the same distance cannot reach, and claims through poleClaims like a pole
ok 79 - Big pole: 2×2, reach 12 — it hangs from a substation a pole at the same distance cannot reach, and claims through poleClaims like a pole
  ---
  duration_ms: 41.687736
  type: 'test'
  ...
# Subtest: craftable Substation: an outskirts face has none (§7) — no slab, no streetlights, no pole anchor — until the Electricians' 3×3 is built on it; one a face; picked up, the face is bare again
ok 80 - craftable Substation: an outskirts face has none (§7) — no slab, no streetlights, no pole anchor — until the Electricians' 3×3 is built on it; one a face; picked up, the face is bare again
  ---
  duration_ms: 44.592689
  type: 'test'
  ...
# Subtest: every street segment has an emergence point per direction: a walkable kerb tile of the emerging block (a street tile facing it), ids 1..N in (block, other) order, identical on a rebuilt state, one for every ring edge
ok 81 - every street segment has an emergence point per direction: a walkable kerb tile of the emerging block (a street tile facing it), ids 1..N in (block, other) order, identical on a rebuilt state, one for every ring edge
  ---
  duration_ms: 848.817444
  type: 'test'
  ...
# Subtest: active points are the Dark blocks' points facing a Held or contested block: at the start the HQ's dark neighbours, never a Held block's own; a block turning Held goes quiet
ok 82 - active points are the Dark blocks' points facing a Held or contested block: at the start the HQ's dark neighbours, never a Held block's own; a block turning Held goes quiet
  ---
  duration_ms: 60.254217
  type: 'test'
  ...
# Subtest: births: every crawler is born at its emergence point's birth tile on the Dark block's kerb — never on a tile the Held block owns or faces — with its origin id; once moving it has a heading and an inspectable target on the block it walks into; a shade leaves a trace
ok 83 - births: every crawler is born at its emergence point's birth tile on the Dark block's kerb — never on a tile the Held block owns or faces — with its origin id; once moving it has a heading and an inspectable target on the block it walks into; a shade leaves a trace
  ---
  duration_ms: 288.142098
  type: 'test'
  ...
# Subtest: a shade's trace: the tiles it crossed within TRACE_S, aged, at most TRACE_N; shadeNear finds it for the lamp flicker; the light layer is untouched by a trace
ok 84 - a shade's trace: the tiles it crossed within TRACE_S, aged, at most TRACE_N; shadeNear finds it for the lamp flicker; the light layer is untouched by a trace
  ---
  duration_ms: 74.367755
  type: 'test'
  ...
# Subtest: second area is reachable across seeds; restoration costs, local power, radio and once-only kit survive saves
ok 85 - second area is reachable across seeds; restoration costs, local power, radio and once-only kit survive saves
  ---
  duration_ms: 4267.651752
  type: 'test'
  ...
# Subtest: fresh paid expedition lays its generated kit and moves reserved freight between independently powered bases
ok 86 - fresh paid expedition lays its generated kit and moves reserved freight between independently powered bases
  ---
  duration_ms: 1185.912923
  type: 'test'
  ...
# Subtest: old home preview upgrades deterministically without granting a kit; malformed expansion metadata is rejected
ok 87 - old home preview upgrades deterministically without granting a kit; malformed expansion metadata is rejected
  ---
  duration_ms: 568.680626
  type: 'test'
  ...
# Subtest: physical pole links power a remote installation and picking them up disconnects it
ok 88 - physical pole links power a remote installation and picking them up disconnects it
  ---
  duration_ms: 262.702562
  type: 'test'
  ...
# Subtest: upgrading a home-only save preserves the save but labels its old log as incomplete for the new campaign factory
ok 89 - upgrading a home-only save preserves the save but labels its old log as incomplete for the new campaign factory
  ---
  duration_ms: 308.340791
  type: 'test'
  ...
# Subtest: the HQ lot: §11 patches, a clear Depot footprint, the Depot placed by ensureFlow, the Mk1 stand-in retired
ok 90 - the HQ lot: §11 patches, a clear Depot footprint, the Depot placed by ensureFlow, the Mk1 stand-in retired
  ---
  duration_ms: 116.640028
  type: 'test'
  ...
# Subtest: Excavator: 0.5 units/s onto the belt it faces, one tile at a time; the steel patch and the tile go with it
ok 91 - Excavator: 0.5 units/s onto the belt it faces, one tile at a time; the steel patch and the tile go with it
  ---
  duration_ms: 116.418071
  type: 'test'
  ...
# Subtest: belt: 7.5 items/s through a 12-tile run with a corner; items keep their spacing; a head-on belt does not feed
ok 92 - belt: 7.5 items/s through a 12-tile run with a corner; items keep their spacing; a head-on belt does not feed
  ---
  duration_ms: 54.656626
  type: 'test'
  ...
# Subtest: inserter: 1 item/s from a belt into the Depot; it waits with the item when the target is full
ok 93 - inserter: 1 item/s from a belt into the Depot; it waits with the item when the target is full
  ---
  duration_ms: 28.832726
  type: 'test'
  ...
# Subtest: Shot assembler: 3 s a magazine (20/min) from 2 steel + 1 Cu, out through an inserter into the Depot
ok 94 - Shot assembler: 3 s a magazine (20/min) from 2 steel + 1 Cu, out through an inserter into the Depot
  ---
  duration_ms: 39.394664
  type: 'test'
  ...
# Subtest: a whole line: two Excavators → belt → assembler ← copper; magazines to the Depot at the doc rate
ok 95 - a whole line: two Excavators → belt → assembler ← copper; magazines to the Depot at the doc rate
  ---
  duration_ms: 105.634488
  type: 'test'
  ...
# Subtest: time: 20 tile ticks a block tick; 1 h at 4× is 72,000 tile ticks; determinism across frame sizes; JSON round trip
ok 96 - time: 20 tile ticks a block tick; 1 h at 4× is 72,000 tile ticks; determinism across frame sizes; JSON round trip
  ---
  duration_ms: 357.11737
  type: 'test'
  ...
# Subtest: placement: Held cells only, streets for belts and inserters, no rubble under anything but an Excavator, costs and refunds
ok 97 - placement: Held cells only, streets for belts and inserters, no rubble under anything but an Excavator, costs and refunds
  ---
  duration_ms: 25.721794
  type: 'test'
  ...
# Subtest: the block map stays the judge: a machine on a block that stops being Held stands still
ok 98 - the block map stays the judge: a machine on a block that stops being Held stands still
  ---
  duration_ms: 19.504226
  type: 'test'
  ...
# Subtest: hands: mining a unit a second into the pockets within reach, and only then; the chest takes them within reach of the Depot; crafting a magazine in the recipe's time (Mk1, 6 s) from the pockets into the pockets
ok 99 - hands: mining a unit a second into the pockets within reach, and only then; the chest takes them within reach of the Depot; crafting a magazine in the recipe's time (Mk1, 6 s) from the pockets into the pockets
  ---
  duration_ms: 11.959843
  type: 'test'
  ...
# Subtest: three stations reserve only their own deliveries; stock and in-flight reservations prevent double ordering across trams; exports return upstream
ok 100 - three stations reserve only their own deliveries; stock and in-flight reservations prevent double ordering across trams; exports return upstream
  ---
  duration_ms: 371.618573
  type: 'test'
  ...
# Subtest: capacity is reserved across all items and trams; partial refusal returns the remainder without losing it
ok 101 - capacity is reserved across all items and trams; partial refusal returns the remainder without losing it
  ---
  duration_ms: 65.635035
  type: 'test'
  ...
# Subtest: unpowered stops retain cargo with bounded service; a refused destination returns home, and removal of either endpoint remains recoverable
ok 102 - unpowered stops retain cargo with bounded service; a refused destination returns home, and removal of either endpoint remains recoverable
  ---
  duration_ms: 58.764575
  type: 'test'
  ...
# Subtest: a mid-shipment save resumes to the same hash; old saves stay version one and invalid manifests are rejected
ok 103 - a mid-shipment save resumes to the same hash; old saves stay version one and invalid manifests are rejected
  ---
  duration_ms: 89.11963
  type: 'test'
  ...
# Subtest: names: every block has a stable, unique, state-free name; the HQ is "HQ"; the rail yard is named; the §11 directions are three distinct HQ neighbours
ok 104 - names: every block has a stable, unique, state-free name; the HQ is "HQ"; the rail yard is named; the §11 directions are three distinct HQ neighbours
  ---
  duration_ms: 4527.15319
  type: 'test'
  ...
# Subtest: goal: a fresh city asks for hand-mined steel; a block-only state asks for the front; every id shown in 20 minutes is a §11 row in schedule order and never wrong against the state
ok 105 - goal: a fresh city asks for hand-mined steel; a block-only state asks for the front; every id shown in 20 minutes is a §11 row in schedule order and never wrong against the state
  ---
  duration_ms: 1346.143765
  type: 'test'
  ...
# Subtest: machineStatus: one of five words with a reason; the line at minute 10 has running Excavators, and an unpowered block reads off
ok 106 - machineStatus: one of five words with a reason; the line at minute 10 has running Excavators, and an unpowered block reads off
  ---
  duration_ms: 487.28203
  type: 'test'
  ...
# Subtest: save: the hash ignores only the transients, a load validates and deep-copies, and a save at 1:30 replays to the unbroken run's hash at 3:00
ok 107 - save: the hash ignores only the transients, a load validates and deep-copies, and a save at 1:30 replays to the unbroken run's hash at 3:00
  ---
  duration_ms: 377.20593
  type: 'test'
  ...
# Subtest: RI-06: enableHeart puts the Heart on the rail yard with two feeder cabinets on the lot toward two Dark approaches, once
ok 108 - RI-06: enableHeart puts the Heart on the rail yard with two feeder cabinets on the lot toward two Dark approaches, once
  ---
  duration_ms: 1372.927586
  type: 'test'
  ...
# Subtest: RI-06: the cabinets take deliveries from the pockets and the installation refuses the Activate until both are supplied and powered
ok 109 - RI-06: the cabinets take deliveries from the pockets and the installation refuses the Activate until both are supplied and powered
  ---
  duration_ms: 64.273595
  type: 'test'
  ...
# Subtest: RI-06 (plan §9.4): the hour bot, rifle off, prepares the yard, starts the Heart and destroys it once; the reward is granted once
ok 110 - RI-06 (plan §9.4): the hour bot, rifle off, prepares the yard, starts the Heart and destroys it once; the reward is granted once
  ---
  duration_ms: 2920.685384
  type: 'test'
  ...
# Subtest: RI-06 (§9.2 defaults 9–11): a knocked-out feeder stalls the commissioning, 60 s stalls it to interrupted; deliveries and the charge stay, the retry charges nothing twice and keys its packets anew
ok 111 - RI-06 (§9.2 defaults 9–11): a knocked-out feeder stalls the commissioning, 60 s stalls it to interrupted; deliveries and the charge stay, the retry charges nothing twice and keys its packets anew
  ---
  duration_ms: 3151.20952
  type: 'test'
  ...
# Subtest: RI-06: a save mid-attempt reloads to the same hash and runs on to the same hash; the explicit abort works only while commissioning
ok 112 - RI-06: a save mid-attempt reloads to the same hash and runs on to the same hash; the explicit abort works only while commissioning
  ---
  duration_ms: 3161.516069
  type: 'test'
  ...
# Subtest: RI-06: a pole run reaching a cabinet is what "connected" means — removing it pauses the commissioning (no knock-out)
ok 113 - RI-06: a pole run reaching a cabinet is what "connected" means — removing it pauses the commissioning (no knock-out)
  ---
  duration_ms: 4094.418002
  type: 'test'
  ...
# Subtest: hour bot, minutes 0–8: walks to the steel patch, hand-mines, crafts at the workbench, walks magazines to the turrets on the ~6-minute red pip (D-P4-8)
ok 114 - hour bot, minutes 0–8: walks to the steel patch, hand-mines, crafts at the workbench, walks magazines to the turrets on the ~6-minute red pip (D-P4-8)
  ---
  duration_ms: 2260.900932
  type: 'test'
  ...
# Subtest: hour bot, minute 10: the three Excavators, the Shot line and Generator 2 stand on the HQ lot; every refusal is in the log with a reason
ok 115 - hour bot, minute 10: the three Excavators, the Shot line and Generator 2 stand on the HQ lot; every refusal is in the log with a reason
  ---
  duration_ms: 1780.929358
  type: 'test'
  ...
# Subtest: hour bot, minute 45: east and west claimed at constants.HOUR's minutes (15:00, 25:00 — D-HOUR-1), walked over and kitted, north (65:00, D-P4-10 (a)) inside the 75-minute hour (D-HOUR-3) but not yet claimed at 45:00; the bot never teleports
ok 116 - hour bot, minute 45: east and west claimed at constants.HOUR's minutes (15:00, 25:00 — D-HOUR-1), walked over and kitted, north (65:00, D-P4-10 (a)) inside the 75-minute hour (D-HOUR-3) but not yet claimed at 45:00; the bot never teleports
  ---
  duration_ms: 6147.515863
  type: 'test'
  ...
# Subtest: hour report: the findings name every §11 moment that never happened, and the walking row is there
ok 117 - hour report: the findings name every §11 moment that never happened, and the walking row is there
  ---
  duration_ms: 124.718927
  type: 'test'
  ...
# Subtest: feed / repair / rotate commands: E and R by command, within reach only
ok 118 - feed / repair / rotate commands: E and R by command, within reach only
  ---
  duration_ms: 62.903768
  type: 'test'
  ...
# Subtest: replay: a logged hour-bot run replays to the same state, and the rifle-off replay yields a verdict per hand-fired fight
ok 119 - replay: a logged hour-bot run replays to the same state, and the rifle-off replay yields a verdict per hand-fired fight
  ---
  duration_ms: 3167.020061
  type: 'test'
  ...
# Subtest: hour bot: place and handFeed by hand agree with the bot's feed task on the same turret
ok 120 - hour bot: place and handFeed by hand agree with the bot's feed task on the same turret
  ---
  duration_ms: 65.671039
  type: 'test'
  ...
# Subtest: inspection: paid assembler exposes nominal recipe rates, completed production and conserved saved continuation
ok 121 - inspection: paid assembler exposes nominal recipe rates, completed production and conserved saved continuation
  ---
  duration_ms: 1502.390087
  type: 'test'
  ...
# Subtest: inspection: recipe changes retain per-item observations; packing/rebuild resets only machine history
ok 122 - inspection: recipe changes retain per-item observations; packing/rebuild resets only machine history
  ---
  duration_ms: 529.326346
  type: 'test'
  ...
# Subtest: inspection: local circuits isolate remote supply, reflect brownout, fuel exhaustion and pole connection
ok 123 - inspection: local circuits isolate remote supply, reflect brownout, fuel exhaustion and pole connection
  ---
  duration_ms: 472.541114
  type: 'test'
  ...
# Subtest: inspection: belt blockage and inserter destination loss report the actual held state
ok 124 - inspection: belt blockage and inserter destination loss report the actual held state
  ---
  duration_ms: 544.988095
  type: 'test'
  ...
# Subtest: inspection: saved sample window is bounded, excludes pause time and rejects malformed observations
ok 125 - inspection: saved sample window is bounded, excludes pause time and rejects malformed observations
  ---
  duration_ms: 793.312387
  type: 'test'
  ...
# Subtest: inspection: fresh campaign replay includes identical observations and readonly queries add no commands
ok 126 - inspection: fresh campaign replay includes identical observations and readonly queries add no commands
  ---
  duration_ms: 594.195922
  type: 'test'
  ...
# Subtest: conservation: the hour bot's first twenty minutes reconcile on seed 3 — and an injected item is reported
ok 127 - conservation: the hour bot's first twenty minutes reconcile on seed 3 — and an injected item is reported
  ---
  duration_ms: 2788.27586
  type: 'test'
  ...
# Subtest: conservation: a hand-played sequence — chest, craft, place, feed, pick-up, recipe change, hand mining — reconciles
ok 128 - conservation: a hand-played sequence — chest, craft, place, feed, pick-up, recipe change, hand mining — reconciles
  ---
  duration_ms: 101.742459
  type: 'test'
  ...
# Subtest: conservation: rounds a full line buffer cannot take back are counted lost, not dropped (stats.roundsLost)
ok 129 - conservation: rounds a full line buffer cannot take back are counted lost, not dropped (stats.roundsLost)
  ---
  duration_ms: 61.939749
  type: 'test'
  ...
# Subtest: light map: the HQ face's street is lit by its kerb streetlights, its lot is unlit beyond them, and the mask agrees with litAt everywhere
ok 130 - light map: the HQ face's street is lit by its kerb streetlights, its lot is unlit beyond them, and the mask agrees with litAt everywhere
  ---
  duration_ms: 997.701732
  type: 'test'
  ...
# Subtest: a Lamp lights its radius on the lot; a Floodlight its cone
ok 131 - a Lamp lights its radius on the lot; a Floodlight its cone
  ---
  duration_ms: 141.690818
  type: 'test'
  ...
# Subtest: burn-off: the claimed block's streetlights come on from the substation out at three a second; progress runs 0 → 1 over 20 + 60·d s and then the block is Held
ok 132 - burn-off: the claimed block's streetlights come on from the substation out at three a second; progress runs 0 → 1 over 20 + 60·d s and then the block is Held
  ---
  duration_ms: 117.94211
  type: 'test'
  ...
# Subtest: repair: E on a broken streetlight costs one copper and lights it; an eaten Lamp leaves the broken list; no copper refuses
ok 133 - repair: E on a broken streetlight costs one copper and lights it; an eaten Lamp leaves the broken list; no copper refuses
  ---
  duration_ms: 119.19098
  type: 'test'
  ...
# Subtest: seed 3 power doc-substations: 5-hour compact run matches the Python fixture
ok 134 - seed 3 power doc-substations: 5-hour compact run matches the Python fixture
  ---
  duration_ms: 211.879465
  type: 'test'
  ...
# Subtest: seed 3 power doc-machines-first: 5-hour compact run matches the Python fixture
ok 135 - seed 3 power doc-machines-first: 5-hour compact run matches the Python fixture
  ---
  duration_ms: 116.831839
  type: 'test'
  ...
# Subtest: seed 3 power half-substations: 5-hour compact run matches the Python fixture
ok 136 - seed 3 power half-substations: 5-hour compact run matches the Python fixture
  ---
  duration_ms: 110.088091
  type: 'test'
  ...
# Subtest: seed 3 power half-machines-first-grace300: 5-hour compact run matches the Python fixture
ok 137 - seed 3 power half-machines-first-grace300: 5-hour compact run matches the Python fixture
  ---
  duration_ms: 98.519529
  type: 'test'
  ...
# Subtest: seed 3 power schedule-doc: 5-hour compact run matches the Python fixture
ok 138 - seed 3 power schedule-doc: 5-hour compact run matches the Python fixture
  ---
  duration_ms: 109.270111
  type: 'test'
  ...
# Subtest: seed 4 power doc-substations: 5-hour compact run matches the Python fixture
ok 139 - seed 4 power doc-substations: 5-hour compact run matches the Python fixture
  ---
  duration_ms: 88.64161
  type: 'test'
  ...
# Subtest: seed 4 power doc-machines-first: 5-hour compact run matches the Python fixture
ok 140 - seed 4 power doc-machines-first: 5-hour compact run matches the Python fixture
  ---
  duration_ms: 87.597545
  type: 'test'
  ...
# Subtest: seed 4 power half-substations: 5-hour compact run matches the Python fixture
ok 141 - seed 4 power half-substations: 5-hour compact run matches the Python fixture
  ---
  duration_ms: 96.587466
  type: 'test'
  ...
# Subtest: seed 4 power half-machines-first-grace300: 5-hour compact run matches the Python fixture
ok 142 - seed 4 power half-machines-first-grace300: 5-hour compact run matches the Python fixture
  ---
  duration_ms: 92.319454
  type: 'test'
  ...
# Subtest: seed 4 power schedule-doc: 5-hour compact run matches the Python fixture
ok 143 - seed 4 power schedule-doc: 5-hour compact run matches the Python fixture
  ---
  duration_ms: 96.62113
  type: 'test'
  ...
# Subtest: seed 5 power doc-substations: 5-hour compact run matches the Python fixture
ok 144 - seed 5 power doc-substations: 5-hour compact run matches the Python fixture
  ---
  duration_ms: 100.658123
  type: 'test'
  ...
# Subtest: seed 5 power doc-machines-first: 5-hour compact run matches the Python fixture
ok 145 - seed 5 power doc-machines-first: 5-hour compact run matches the Python fixture
  ---
  duration_ms: 90.653787
  type: 'test'
  ...
# Subtest: seed 5 power half-substations: 5-hour compact run matches the Python fixture
ok 146 - seed 5 power half-substations: 5-hour compact run matches the Python fixture
  ---
  duration_ms: 91.951894
  type: 'test'
  ...
# Subtest: seed 5 power half-machines-first-grace300: 5-hour compact run matches the Python fixture
ok 147 - seed 5 power half-machines-first-grace300: 5-hour compact run matches the Python fixture
  ---
  duration_ms: 85.362297
  type: 'test'
  ...
# Subtest: seed 5 power schedule-doc: 5-hour compact run matches the Python fixture
ok 148 - seed 5 power schedule-doc: 5-hour compact run matches the Python fixture
  ---
  duration_ms: 85.713315
  type: 'test'
  ...
# Subtest: EX-06A: placed three-stop railway uses reach-checked commands, resumes in transit and parks intact across a broken track
ok 149 - EX-06A: placed three-stop railway uses reach-checked commands, resumes in transit and parks intact across a broken track
  ---
  duration_ms: 1761.787463
  type: 'test'
  ...
# Subtest: the rail-yard project: discovered → preparing (the pole run) → ready (materials by hand and off a belt) → commissioning (Activate, its id) → restored (Held) once; the reward unlocks the rail kit, which was locked before; a later loss keeps stage and reward and makes it non-operational; the retake re-grants nothing
ok 150 - the rail-yard project: discovered → preparing (the pole run) → ready (materials by hand and off a belt) → commissioning (Activate, its id) → restored (Held) once; the reward unlocks the rail kit, which was locked before; a later loss keeps stage and reward and makes it non-operational; the retake re-grants nothing
  ---
  duration_ms: 630.678144
  type: 'test'
  ...
# Subtest: the local supply depot: a supply chest on the restored (Held) site, stocked by hand with ordinary items, commissioned within reach — the record alone changes: no claim, no charge, the stock stays; the restored depot hands out kits; a pre-RI-05 save discovers its projects on load
ok 151 - the local supply depot: a supply chest on the restored (Held) site, stocked by hand with ordinary items, commissioned within reach — the record alone changes: no claim, no charge, the stock stays; the restored depot hands out kits; a pre-RI-05 save discovers its projects on load
  ---
  duration_ms: 726.05159
  type: 'test'
  ...
# Subtest: a supply chest on the front feeds an inserter and takes from one; the tram shuttle: track on the street only, a stop at each end, one tram — items put on the platform ride to the far stop's arrivals (hand and inserter take them there), the ledger balances, and a save mid-run advances to the same hash
ok 152 - a supply chest on the front feeds an inserter and takes from one; the tram shuttle: track on the street only, a stop at each end, one tram — items put on the platform ride to the far stop's arrivals (hand and inserter take them there), the ledger balances, and a save mid-run advances to the same hash
  ---
  duration_ms: 744.979212
  type: 'test'
  ...
# Subtest: hash01 matches frontsim.hash01
ok 153 - hash01 matches frontsim.hash01
  ---
  duration_ms: 1.371235
  type: 'test'
  ...
# Subtest: pyRound is half-to-even
ok 154 - pyRound is half-to-even
  ---
  duration_ms: 0.308445
  type: 'test'
  ...
# Subtest: districtBase() and wellInfluence() match the fixture cells bit for bit (24×22 fixture geometry)
ok 155 - districtBase() and wellInfluence() match the fixture cells bit for bit (24×22 fixture geometry)
  ---
  duration_ms: 7.302597
  type: 'test'
  ...
# Subtest: seed 3 open compact: 5-hour run matches the Python fixture
ok 156 - seed 3 open compact: 5-hour run matches the Python fixture
  ---
  duration_ms: 307.846115
  type: 'test'
  ...
# Subtest: seed 3 open spike: 5-hour run matches the Python fixture
ok 157 - seed 3 open spike: 5-hour run matches the Python fixture
  ---
  duration_ms: 169.46373
  type: 'test'
  ...
# Subtest: seed 3 open cheapest: 5-hour run matches the Python fixture
ok 158 - seed 3 open cheapest: 5-hour run matches the Python fixture
  ---
  duration_ms: 174.232104
  type: 'test'
  ...
# Subtest: seed 3 open turtle: 5-hour run matches the Python fixture
ok 159 - seed 3 open turtle: 5-hour run matches the Python fixture
  ---
  duration_ms: 99.650363
  type: 'test'
  ...
# Subtest: seed 3 scattered compact: 5-hour run matches the Python fixture
ok 160 - seed 3 scattered compact: 5-hour run matches the Python fixture
  ---
  duration_ms: 119.670612
  type: 'test'
  ...
# Subtest: seed 3 scattered spike: 5-hour run matches the Python fixture
ok 161 - seed 3 scattered spike: 5-hour run matches the Python fixture
  ---
  duration_ms: 122.698144
  type: 'test'
  ...
# Subtest: seed 3 scattered cheapest: 5-hour run matches the Python fixture
ok 162 - seed 3 scattered cheapest: 5-hour run matches the Python fixture
  ---
  duration_ms: 107.729251
  type: 'test'
  ...
# Subtest: seed 3 scattered turtle: 5-hour run matches the Python fixture
ok 163 - seed 3 scattered turtle: 5-hour run matches the Python fixture
  ---
  duration_ms: 102.460105
  type: 'test'
  ...
# Subtest: seed 4 open compact: 5-hour run matches the Python fixture
ok 164 - seed 4 open compact: 5-hour run matches the Python fixture
  ---
  duration_ms: 122.478216
  type: 'test'
  ...
# Subtest: seed 4 open spike: 5-hour run matches the Python fixture
ok 165 - seed 4 open spike: 5-hour run matches the Python fixture
  ---
  duration_ms: 103.402914
  type: 'test'
  ...
# Subtest: seed 4 open cheapest: 5-hour run matches the Python fixture
ok 166 - seed 4 open cheapest: 5-hour run matches the Python fixture
  ---
  duration_ms: 116.143404
  type: 'test'
  ...
# Subtest: seed 4 open turtle: 5-hour run matches the Python fixture
ok 167 - seed 4 open turtle: 5-hour run matches the Python fixture
  ---
  duration_ms: 98.201216
  type: 'test'
  ...
# Subtest: seed 4 scattered compact: 5-hour run matches the Python fixture
ok 168 - seed 4 scattered compact: 5-hour run matches the Python fixture
  ---
  duration_ms: 125.241525
  type: 'test'
  ...
# Subtest: seed 4 scattered spike: 5-hour run matches the Python fixture
ok 169 - seed 4 scattered spike: 5-hour run matches the Python fixture
  ---
  duration_ms: 105.75367
  type: 'test'
  ...
# Subtest: seed 4 scattered cheapest: 5-hour run matches the Python fixture
ok 170 - seed 4 scattered cheapest: 5-hour run matches the Python fixture
  ---
  duration_ms: 97.309693
  type: 'test'
  ...
# Subtest: seed 4 scattered turtle: 5-hour run matches the Python fixture
ok 171 - seed 4 scattered turtle: 5-hour run matches the Python fixture
  ---
  duration_ms: 84.002578
  type: 'test'
  ...
# Subtest: seed 5 open compact: 5-hour run matches the Python fixture
ok 172 - seed 5 open compact: 5-hour run matches the Python fixture
  ---
  duration_ms: 113.414766
  type: 'test'
  ...
# Subtest: seed 5 open spike: 5-hour run matches the Python fixture
ok 173 - seed 5 open spike: 5-hour run matches the Python fixture
  ---
  duration_ms: 114.928101
  type: 'test'
  ...
# Subtest: seed 5 open cheapest: 5-hour run matches the Python fixture
ok 174 - seed 5 open cheapest: 5-hour run matches the Python fixture
  ---
  duration_ms: 101.354167
  type: 'test'
  ...
# Subtest: seed 5 open turtle: 5-hour run matches the Python fixture
ok 175 - seed 5 open turtle: 5-hour run matches the Python fixture
  ---
  duration_ms: 85.580852
  type: 'test'
  ...
# Subtest: seed 5 scattered compact: 5-hour run matches the Python fixture
ok 176 - seed 5 scattered compact: 5-hour run matches the Python fixture
  ---
  duration_ms: 100.501063
  type: 'test'
  ...
# Subtest: seed 5 scattered spike: 5-hour run matches the Python fixture
ok 177 - seed 5 scattered spike: 5-hour run matches the Python fixture
  ---
  duration_ms: 100.156287
  type: 'test'
  ...
# Subtest: seed 5 scattered cheapest: 5-hour run matches the Python fixture
ok 178 - seed 5 scattered cheapest: 5-hour run matches the Python fixture
  ---
  duration_ms: 96.803841
  type: 'test'
  ...
# Subtest: seed 5 scattered turtle: 5-hour run matches the Python fixture
ok 179 - seed 5 scattered turtle: 5-hour run matches the Python fixture
  ---
  duration_ms: 82.464889
  type: 'test'
  ...
# Subtest: state round-trips through JSON and continues identically
ok 180 - state round-trips through JSON and continues identically
  ---
  duration_ms: 145.098671
  type: 'test'
  ...
# Subtest: routing: underground span boundaries, paired construction and atomic interference/material/reach refusals
ok 181 - routing: underground span boundaries, paired construction and atomic interference/material/reach refusals
  ---
  duration_ms: 969.816404
  type: 'test'
  ...
# Subtest: routing: buried stock survives interruption, refused rotation, load, reconnection and pickup without duplication
ok 182 - routing: buried stock survives interruption, refused rotation, load, reconnection and pickup without duplication
  ---
  duration_ms: 825.794258
  type: 'test'
  ...
# Subtest: routing: splitter footprint, both occupied tiles, collision-safe rotation and history/settings survive load
ok 183 - routing: splitter footprint, both occupied tiles, collision-safe rotation and history/settings survive load
  ---
  duration_ms: 366.674403
  type: 'test'
  ...
# Subtest: routing: left/right priority, balanced alternation, fallback, backpressure and FIFO retain every item
ok 184 - routing: left/right priority, balanced alternation, fallback, backpressure and FIFO retain every item
  ---
  duration_ms: 508.843984
  type: 'test'
  ...
# Subtest: routing: inserter filtering selects from mixed chests and belts and preserves a held item on filter change
ok 185 - routing: inserter filtering selects from mixed chests and belts and preserves a held item on filter change
  ---
  duration_ms: 312.482542
  type: 'test'
  ...
# Subtest: routing: paired commands and settings replay at a paused boundary and survive saved history
ok 186 - routing: paired commands and settings replay at a paused boundary and survive saved history
  ---
  duration_ms: 628.279404
  type: 'test'
  ...
# Subtest: routing: crossing tunnels pair independently and an intervening endpoint refuses a new pair atomically
ok 187 - routing: crossing tunnels pair independently and an intervening endpoint refuses a new pair atomically
  ---
  duration_ms: 379.935784
  type: 'test'
  ...
# Subtest: routing: filter applies to mixed belt and station-arrival source fixtures
ok 188 - routing: filter applies to mixed belt and station-arrival source fixtures
  ---
  duration_ms: 349.929805
  type: 'test'
  ...
# Subtest: routing: rectangular occupancy follows all four rotations, including the ordinary command path
ok 189 - routing: rectangular occupancy follows all four rotations, including the ordinary command path
  ---
  duration_ms: 803.610378
  type: 'test'
  ...
# Subtest: routing: saturated splitter and underground throughput stay bounded and conserve their circulating fixture stock
ok 190 - routing: saturated splitter and underground throughput stay bounded and conserve their circulating fixture stock
  ---
  duration_ms: 345.02203
  type: 'test'
  ...
# Subtest: routing: all four recipes run through a paid chest/inserter/belt/underground/splitter line reached on foot
ok 191 - routing: all four recipes run through a paid chest/inserter/belt/underground/splitter line reached on foot
  ---
  duration_ms: 3471.44178
  type: 'test'
  ...
# Subtest: the candidate is one data configuration holding §7.1's values, outside SimConfig: the benchmark has no Stalker layer, no Stalkers, no stalker events
ok 192 - the candidate is one data configuration holding §7.1's values, outside SimConfig: the benchmark has no Stalker layer, no Stalkers, no stalker events
  ---
  duration_ms: 723.650625
  type: 'test'
  ...
# Subtest: switched on, one Stalker guards each Dark well block (seed 3: five) at a passable home tile inside its site; none is fielded within perception of the engineer, but that site fills once they leave; the layer survives a save round trip
ok 193 - switched on, one Stalker guards each Dark well block (seed 3: five) at a passable home tile inside its site; none is fielded within perception of the engineer, but that site fills once they leave; the layer survives a save round trip
  ---
  duration_ms: 274.403895
  type: 'test'
  ...
# Subtest: guard → investigate → pursue → attack: the engineer's movement inside perception draws it; the first hit lands one wind-up (0.8 s) after contact, then one hit a second for the retaliation value; it is inspectable throughout
ok 194 - guard → investigate → pursue → attack: the engineer's movement inside perception draws it; the first hit lands one wind-up (0.8 s) after contact, then one hit a second for the retaliation value; it is inspectable throughout
  ---
  duration_ms: 111.269037
  type: 'test'
  ...
# Subtest: a valid dodge: the swing that comes during the dash misses (no HP lost, a "dodged" event); the attack resumes after it
ok 195 - a valid dodge: the swing that comes during the dash misses (no HP lost, a "dodged" event); the attack resumes after it
  ---
  duration_ms: 98.764696
  type: 'test'
  ...
# Subtest: nothing after death: a Stalker killed mid-attack swings no more and its site remembers the time; the engineer down, it stops hitting and returns home
ok 196 - nothing after death: a Stalker killed mid-attack swings no more and its site remembers the time; the engineer down, it stops hitting and returns home
  ---
  duration_ms: 213.075898
  type: 'test'
  ...
# Subtest: the leash: pursuit never carries it past 16 tiles from home; it returns, reaches the home tile and guards again, warmed down
ok 197 - the leash: pursuit never carries it past 16 tiles from home; it returns, reaches the home tile and guards again, warmed down
  ---
  duration_ms: 86.761147
  type: 'test'
  ...
# Subtest: a restored site: the Stalker returns and retires at home; no respawn there ever after; elsewhere a dead Stalker returns respawnS later, and only with the engineer beyond perception of the home
ok 198 - a restored site: the Stalker returns and retires at home; no respawn there ever after; elsewhere a dead Stalker returns respawnS later, and only with the engineer beyond perception of the home
  ---
  duration_ms: 322.204017
  type: 'test'
  ...
# Subtest: turrets and the rifle hit it (4 HP a round, 24 HP); its kills count on the Stalker layer, not as turret or rifle kills
ok 199 - turrets and the rifle hit it (4 HP a round, 24 HP); its kills count on the Stalker layer, not as turret or rifle kills
  ---
  duration_ms: 171.441699
  type: 'test'
  ...
# Subtest: rot arrives as bodies on the segment ridge and walks the chain: lit lamps go out one by one, then the turret, then the substation; 40 unshot arrivals stop the substation and the block falls the block model's way; nothing ever leaves the two blocks; no hulks
ok 200 - rot arrives as bodies on the segment ridge and walks the chain: lit lamps go out one by one, then the turret, then the substation; 40 unshot arrivals stop the substation and the block falls the block model's way; nothing ever leaves the two blocks; no hulks
  ---
  duration_ms: 1044.541108
  type: 'test'
  ...
# Subtest: fed turrets shoot the bodies at 3 rounds a crawler out of their own hoppers, the edge's hopper drains to the same hopper-empty pip, and no arrival reaches the substation
ok 201 - fed turrets shoot the bodies at 3 rounds a crawler out of their own hoppers, the edge's hopper drains to the same hopper-empty pip, and no arrival reaches the substation
  ---
  duration_ms: 291.767598
  type: 'test'
  ...
# Subtest: retaliation only (D5): a crawler ignores the engineer beside its path; shot, it turns and lands 5 HP/s at arm's reach; standing in its path turns it too; at zero HP the engineer is down and stands up at the workbench 10 s later with the pockets intact
ok 202 - retaliation only (D5): a crawler ignores the engineer beside its path; shot, it turns and lands 5 HP/s at arm's reach; standing in its path turns it too; at zero HP the engineer is down and stands up at the workbench 10 s later with the pockets intact
  ---
  duration_ms: 114.487343
  type: 'test'
  ...
# Subtest: the rifle: 1.5 rounds a second, three rounds a crawler (12 HP at 4 a round), no reach past 9 tiles; a shade off a lit tile cannot be hit by rifle or turret, on a lit one it can
ok 203 - the rifle: 1.5 rounds a second, three rounds a crawler (12 HP at 4 a round), no reach past 9 tiles; a shade off a lit tile cannot be hit by rifle or turret, on a lit one it can
  ---
  duration_ms: 131.015391
  type: 'test'
  ...
# Subtest: hand-fired engagements record whether the edge held; the fight the engineer left alone resolves when the block falls
ok 204 - hand-fired engagements record whether the edge held; the fight the engineer left alone resolves when the block falls
  ---
  duration_ms: 375.130216
  type: 'test'
  ...
# Subtest: the lattice keeps the block model: with the flow layer on a lattice map no tile threat is created and the engagement arithmetic is unchanged
ok 205 - the lattice keeps the block model: with the flow layer on a lattice map no tile threat is created and the engagement arithmetic is unchanged
  ---
  duration_ms: 191.066043
  type: 'test'
  ...
# Subtest: an M3 snapshot without the M4 fields loads: threat, chest trips and reach refusals appear on first use
ok 206 - an M3 snapshot without the M4 fields loads: threat, chest trips and reach refusals appear on first use
  ---
  duration_ms: 203.16037
  type: 'test'
  ...
# Subtest: geometry: a lot is a rasterised face, streets are the ridges between faces, the river is water; 800×800
ok 207 - geometry: a lot is a rasterised face, streets are the ridges between faces, the river is water; 800×800
  ---
  duration_ms: 491.404372
  type: 'test'
  ...
# Subtest: the river is river tiles and no block; plazas and parks are inert faces with no rubble, no substation, no lights; outskirts faces (§7) have neither a substation nor streetlights
ok 208 - the river is river tiles and no block; plazas and parks are inert faces with no rubble, no substation, no lights; outskirts faces (§7) have neither a substation nor streetlights
  ---
  duration_ms: 106.78325
  type: 'test'
  ...
# Subtest: rubble: 250–350 tiles scaled by area, typed by district, in clusters, five variants; outskirts carry deposits or nothing
ok 209 - rubble: 250–350 tiles scaled by area, typed by district, in clusters, five variants; outskirts carry deposits or nothing
  ---
  duration_ms: 85.708063
  type: 'test'
  ...
# Subtest: the density gradient: deeper faces (hops from the HQ) show heavier rubble on average
ok 210 - the density gradient: deeper faces (hops from the HQ) show heavier rubble on average
  ---
  duration_ms: 49.515962
  type: 'test'
  ...
# Subtest: block state is authoritative: the pool drains and rubble becomes ground in the layout order; a claim digs; the keys track it
ok 211 - block state is authoritative: the pool drains and rubble becomes ground in the layout order; a claim digs; the keys track it
  ---
  duration_ms: 66.3722
  type: 'test'
  ...
# Subtest: deterministic per seed; a different seed lays the rubble differently; a whole city derives under 100 ms cold
ok 212 - deterministic per seed; a different seed lays the rubble differently; a whole city derives under 100 ms cold
  ---
  duration_ms: 853.10085
  type: 'test'
  ...
# Subtest: truck unlocks once at the paid restored station, keeps the kit corridor clear and replays its entire driving/cargo trip
ok 213 - truck unlocks once at the paid restored station, keeps the kit corridor clear and replays its entire driving/cargo trip
  ---
  duration_ms: 3886.139272
  type: 'test'
  ...
# Subtest: truck boarding and cargo are local; a parked footprint blocks walking, paths and construction
ok 214 - truck boarding and cargo are local; a parked footprint blocks walking, paths and construction
  ---
  duration_ms: 775.205359
  type: 'test'
  ...
# Subtest: cargo capacity is separate, partial stacks fit, and invalid or distant transfers preserve both inventories
ok 215 - cargo capacity is separate, partial stacks fit, and invalid or distant transfers preserve both inventories
  ---
  duration_ms: 424.012411
  type: 'test'
  ...
# Subtest: driving checks every footprint tile at speed, refuses blocked rotations, and cannot use dodge or auto-walk
ok 216 - driving checks every footprint tile at speed, refuses blocked rotations, and cannot use dodge or auto-walk
  ---
  duration_ms: 401.997104
  type: 'test'
  ...
# Subtest: blocked exit is refused; knockdown parks cargo, respawn does not teleport the truck, and occupied saves resume
ok 217 - blocked exit is refused; knockdown parks cargo, respawn does not teleport the truck, and occupied saves resume
  ---
  duration_ms: 916.638557
  type: 'test'
  ...
# Subtest: old restored previews spawn deterministically on their next tick; malformed truck saves are rejected
ok 218 - old restored previews spawn deterministically on their next tick; malformed truck saves are rejected
  ---
  duration_ms: 1399.232703
  type: 'test'
  ...
# Subtest: selected-stop query matches physical service, reacts to outages and cuts, and never mutates state
ok 219 - selected-stop query matches physical service, reacts to outages and cuts, and never mutates state
  ---
  duration_ms: 450.010387
  type: 'test'
  ...
# Subtest: RI-02A: saved urban geometry preserves resources, routes and solid placement restrictions
ok 220 - RI-02A: saved urban geometry preserves resources, routes and solid placement restrictions
  ---
  duration_ms: 5062.215314
  type: 'test'
  ...
# Subtest: RI-02A: retry cache respects budgets and playable specs reject invalid generation
ok 221 - RI-02A: retry cache respects budgets and playable specs reject invalid generation
  ---
  duration_ms: 304.463408
  type: 'test'
  ...
# Subtest: the engineer starts at the HQ workbench with empty pockets; the chest holds §11's start stock
ok 222 - the engineer starts at the HQ workbench with empty pockets; the chest holds §11's start stock
  ---
  duration_ms: 610.937619
  type: 'test'
  ...
# Subtest: walks 6 tiles/s to a clicked tile along a path that avoids water and machines, 8-connected without cutting corners
ok 223 - walks 6 tiles/s to a clicked tile along a path that avoids water and machines, 8-connected without cutting corners
  ---
  duration_ms: 132.766362
  type: 'test'
  ...
# Subtest: walking to a block ends on its pole; the engineer's block follows the tile under them; a Dark block is walkable and harmless
ok 224 - walking to a block ends on its pole; the engineer's block follows the tile under them; a Dark block is walkable and harmless
  ---
  duration_ms: 93.777707
  type: 'test'
  ...
# Subtest: the HQ to the Tram depot and back: a path exists both ways, and the walk takes the distance at 6 tiles/s
ok 225 - the HQ to the Tram depot and back: a path exists both ways, and the walk takes the distance at 6 tiles/s
  ---
  duration_ms: 93.909035
  type: 'test'
  ...
# Subtest: reach: 8 tiles to the nearest edge of the target; hands and chest refuse beyond it
ok 226 - reach: 8 tiles to the nearest edge of the target; hands and chest refuse beyond it
  ---
  duration_ms: 107.228054
  type: 'test'
  ...
# Subtest: the harness bot keeps its block-level walk: the block sim without a flow layer moves the engineer between blocks as before
ok 227 - the harness bot keeps its block-level walk: the block sim without a flow layer moves the engineer between blocks as before
  ---
  duration_ms: 134.412481
  type: 'test'
  ...
1..227
# tests 227
# suites 0
# pass 226
# fail 1
# cancelled 0
# skipped 0
# todo 0
# duration_ms 226791.155465
npm error Lifecycle script `test` failed with error:
npm error code 1
npm error path /mnt/e/Factorio2/packages/sim
npm error workspace @relight/sim@0.1.0
npm error location /mnt/e/Factorio2/packages/sim
npm error command failed
npm error command sh -c tsx --test --test-concurrency=1 test/*.test.ts
