TAP version 13
# Subtest: area removal: read-only whole-footprint preview, atomic paid packing, settings undo and saved redo
ok 1 - area removal: read-only whole-footprint preview, atomic paid packing, settings undo and saved redo
  ---
  duration_ms: 1648.506318
  type: 'test'
  ...
# Subtest: area removal: changed identities/settings, new neighbours and changed reach refuse without partial effects
ok 2 - area removal: changed identities/settings, new neighbours and changed reach refuse without partial effects
  ---
  duration_ms: 643.728598
  type: 'test'
  ...
# Subtest: area removal: cumulative pocket capacity refuses the whole group then recovers
ok 3 - area removal: cumulative pocket capacity refuses the whole group then recovers
  ---
  duration_ms: 417.837691
  type: 'test'
  ...
# Subtest: area removal: loaded belts and hidden tunnel items return once; undo does not refill machines
ok 4 - area removal: loaded belts and hidden tunnel items return once; undo does not refill machines
  ---
  duration_ms: 819.858218
  type: 'test'
  ...
# Subtest: area removal: loose turret rounds require buffer space and never disappear
ok 5 - area removal: loose turret rounds require buffer space and never disappear
  ---
  duration_ms: 312.19944
  type: 'test'
  ...
# Subtest: area removal: busy machines, fractional contents, damaged defences and installed facilities stay
ok 6 - area removal: busy machines, fractional contents, damaged defences and installed facilities stay
  ---
  duration_ms: 1905.868259
  type: 'test'
  ...
# Subtest: area removal: cargo, held items and freight/filter/priority settings survive conserved packing history
ok 7 - area removal: cargo, held items and freight/filter/priority settings survive conserved packing history
  ---
  duration_ms: 2214.937195
  type: 'test'
  ...
# Subtest: area removal: ordinary paid command comparison records equal layouts/materials without a human tedium claim
ok 8 - area removal: ordinary paid command comparison records equal layouts/materials without a human tedium claim
  ---
  duration_ms: 719.831033
  type: 'test'
  ...
# Subtest: clipboard rejects locked, empty, malformed, partial, remote and down selections without replacing stock or previous clipboard
ok 9 - clipboard rejects locked, empty, malformed, partial, remote and down selections without replacing stock or previous clipboard
  ---
  duration_ms: 1949.767972
  type: 'test'
  ...
# Subtest: rotations and reflections preserve rectangular footprints, tunnel roles and settings with correct left/right priority
ok 10 - rotations and reflections preserve rectangular footprints, tunnel roles and settings with correct left/right priority
  ---
  duration_ms: 2.686779
  type: 'test'
  ...
# Subtest: clipboard stamp applies recipe and routing configuration atomically, saves and undoes without copying buffers
ok 11 - clipboard stamp applies recipe and routing configuration atomically, saves and undoes without copying buffers
  ---
  duration_ms: 1808.540785
  type: 'test'
  ...
# Subtest: occupied, unaffordable and remote stamps are atomic and consume carried machines before materials
ok 12 - occupied, unaffordable and remote stamps are atomic and consume carried machines before materials
  ---
  duration_ms: 439.035132
  type: 'test'
  ...
# Subtest: copied underground pairs reject an intervening destination endpoint and orphan selections
ok 13 - copied underground pairs reject an intervening destination endpoint and orphan selections
  ---
  duration_ms: 393.318081
  type: 'test'
  ...
# Subtest: old post-P7 saves retain every existing site/layout/earned reward and gain only an unrecruited Foreman
ok 14 - old post-P7 saves retain every existing site/layout/earned reward and gain only an unrecruited Foreman
  ---
  duration_ms: 7036.722405
  type: 'test'
  ...
# Subtest: Foreman shelters are reachable, separated from earlier sites and unchanged across save/load on 16 seeds
ok 15 - Foreman shelters are reachable, separated from earlier sites and unchanged across save/load on 16 seeds
  ---
  duration_ms: 16735.418384
  type: 'test'
  ...
# Subtest: ordinary stock, walking, Foreman recruitment, copy, transform, paid stamp and undo/redo replay from the opening
ok 16 - ordinary stock, walking, Foreman recruitment, copy, transform, paid stamp and undo/redo replay from the opening
  ---
  duration_ms: 1528.096633
  type: 'test'
  ...
# Subtest: a copied station retains freight request/export rules through paid placement and undo/redo without copying cargo
ok 17 - a copied station retains freight request/export rules through paid placement and undo/redo without copying cargo
  ---
  duration_ms: 649.78212
  type: 'test'
  ...
# Subtest: old checkpoint logs are retained with incomplete replay provenance; current clipboard saves remain complete
ok 18 - old checkpoint logs are retained with incomplete replay provenance; current clipboard saves remain complete
  ---
  duration_ms: 1033.149002
  type: 'test'
  ...
# Subtest: library import/export is bounded, atomic, Foreman-gated and independent of clipboard and orders
ok 19 - library import/export is bounded, atomic, Foreman-gated and independent of clipboard and orders
  ---
  duration_ms: 1964.348831
  type: 'test'
  ...
# Subtest: library limits and metadata rejection preserve allocator and current selection
ok 20 - library limits and metadata rejection preserve allocator and current selection
  ---
  duration_ms: 633.524781
  type: 'test'
  ...
# Subtest: ghost plans consume no stock or occupancy, reject overlap and bounds, and report exact missing stock
ok 21 - ghost plans consume no stock or occupancy, reject overlap and bounds, and report exact missing stock
  ---
  duration_ms: 495.229639
  type: 'test'
  ...
# Subtest: partial manual construction survives save/load; remaining build pays once and completed orders never requeue on undo
ok 22 - partial manual construction survives save/load; remaining build pays once and completed orders never requeue on undo
  ---
  duration_ms: 856.019699
  type: 'test'
  ...
# Subtest: ordinary matching construction completes waiting orders, occupied mismatches and remote builds remain blocked
ok 23 - ordinary matching construction completes waiting orders, occupied mismatches and remote builds remain blocked
  ---
  duration_ms: 522.722745
  type: 'test'
  ...
# Subtest: order limits include history, cancel is terminal and deleting records never recycles IDs
ok 24 - order limits include history, cancel is terminal and deleting records never recycles IDs
  ---
  duration_ms: 545.208729
  type: 'test'
  ...
# Subtest: hostile saved libraries and order lifecycle data are rejected; old optional state remains absent
ok 25 - hostile saved libraries and order lifecycle data are rejected; old optional state remains absent
  ---
  duration_ms: 3225.39191
  type: 'test'
  ...
# Subtest: imported locked machines remain plans and cannot bypass ordinary unlocks
ok 26 - imported locked machines remain plans and cannot bypass ordinary unlocks
  ---
  duration_ms: 381.273775
  type: 'test'
  ...
# Subtest: ordinary opening recruitment, library actions, ghost construction and cancellation replay deterministically
ok 27 - ordinary opening recruitment, library actions, ghost construction and cancellation replay deterministically
  ---
  duration_ms: 1419.522569
  type: 'test'
  ...
# Subtest: partly built underground plans reject interception atomically and preserve the intended pair
ok 28 - partly built underground plans reject interception atomically and preserve the intended pair
  ---
  duration_ms: 525.82673
  type: 'test'
  ...
# Subtest: largest freight-rich portable library entry round-trips within the bounded text size
ok 29 - largest freight-rich portable library entry round-trips within the bounded text size
  ---
  duration_ms: 294.901456
  type: 'test'
  ...
# Subtest: paid walls block walking, retain their footprint on defeat, and repair consumes materials once through save/load
ok 30 - paid walls block walking, retain their footprint on defeat, and repair consumes materials once through save/load
  ---
  duration_ms: 2452.093581
  type: 'test'
  ...
# Subtest: one dawn lock coalesces restorations; later nominations wait and a late ending preserves two full quiet cycles
ok 31 - one dawn lock coalesces restorations; later nominations wait and a late ending preserves two full quiet cycles
  ---
  duration_ms: 2923.155892
  type: 'test'
  ...
# Subtest: a powered radio receives the real lock; outages retain it and never reroll the target
ok 32 - a powered radio receives the real lock; outages retain it and never reroll the target
  ---
  duration_ms: 925.725053
  type: 'test'
  ...
# Subtest: minor opportunities are shared, finite and suppressed during major combat and recovery without catch-up
ok 33 - minor opportunities are shared, finite and suppressed during major combat and recovery without catch-up
  ---
  duration_ms: 416.961825
  type: 'test'
  ...
# Subtest: unopposed major crawlers follow the home mouth, defeat its core and physically withdraw before paid recovery
ok 34 - unopposed major crawlers follow the home mouth, defeat its core and physically withdraw before paid recovery
  ---
  duration_ms: 847.7559
  type: 'test'
  ...
# Subtest: a sealed court is breached through a player wall instead of losing pathfinding; turret defeat preserves its ammo
ok 35 - a sealed court is breached through a player wall instead of losing pathfinding; turret defeat preserves its ammo
  ---
  duration_ms: 822.583095
  type: 'test'
  ...
# Subtest: ruin guards stay at their own sites and never join the base assault
ok 36 - ruin guards stay at their own sites and never join the base assault
  ---
  duration_ms: 877.521165
  type: 'test'
  ...
# Subtest: ordinary paid and hand-supplied turrets hold the complete finite major roster without the rifle
ok 37 - ordinary paid and hand-supplied turrets hold the complete finite major roster without the rifle
  ---
  duration_ms: 1038.593108
  type: 'test'
  ...
# Subtest: old previews gain a preparation interval; malformed schedules, health and orphaned bodies are refused
ok 38 - old previews gain a preparation interval; malformed schedules, health and orphaned bodies are refused
  ---
  duration_ms: 1144.224271
  type: 'test'
  ...
# Subtest: ordinary paid defence commands replay from the same fresh campaign factory
ok 39 - ordinary paid defence commands replay from the same fresh campaign factory
  ---
  duration_ms: 971.792181
  type: 'test'
  ...
# Subtest: knowledge starts with the opening clue, records exploration and survives leaving and reloading
ok 40 - knowledge starts with the opening clue, records exploration and survives leaving and reloading
  ---
  duration_ms: 4200.63765
  type: 'test'
  ...
# Subtest: item guide contains only implemented recipes and true current consumers, unlock provenance and no secret locations
ok 41 - item guide contains only implemented recipes and true current consumers, unlock provenance and no secret locations
  ---
  duration_ms: 819.993968
  type: 'test'
  ...
# Subtest: discovery service state follows actual power, switch, partial materials and empty or earned rewards
ok 42 - discovery service state follows actual power, switch, partial materials and empty or earned rewards
  ---
  duration_ms: 1286.920247
  type: 'test'
  ...
# Subtest: ordinary exploration and journal actions replay; read-only browsing does not change simulation state
ok 43 - ordinary exploration and journal actions replay; read-only browsing does not change simulation state
  ---
  duration_ms: 1419.570195
  type: 'test'
  ...
# Subtest: current-code replay of the ordinary P7-03 workload supplies a complete P7-04 checkpoint
ok 44 - current-code replay of the ordinary P7-03 workload supplies a complete P7-04 checkpoint
  ---
  duration_ms: 4170.376958
  type: 'test'
  ...
# Subtest: physical truck loads a real chest, travels, builds from cargo, and leaves engineer pockets and position intact
ok 45 - physical truck loads a real chest, travels, builds from cargo, and leaves engineer pockets and position intact
  ---
  duration_ms: 5079.37332
  type: 'test'
  ...
# Subtest: shortages resume after local chest replenishment; pause, cancel and repeat controls retain stock
ok 46 - shortages resume after local chest replenishment; pause, cancel and repeat controls retain stock
  ---
  duration_ms: 706.136537
  type: 'test'
  ...
# Subtest: loading, travelling and partial-build checkpoints continue deterministically without double spending
ok 47 - loading, travelling and partial-build checkpoints continue deterministically without double spending
  ---
  duration_ms: 3371.120163
  type: 'test'
  ...
# Subtest: missing source and occupied destinations wait safely and retry after the obstruction is fixed
ok 48 - missing source and occupied destinations wait safely and retry after the obstruction is fixed
  ---
  duration_ms: 703.438107
  type: 'test'
  ...
# Subtest: manual boarding pauses the automated truck and preserves its cargo and independent orders
ok 49 - manual boarding pauses the automated truck and preserves its cargo and independent orders
  ---
  duration_ms: 722.925837
  type: 'test'
  ...
# Subtest: malformed jobs and saved teleport paths are rejected without granting stock or bypassing Foreman
ok 50 - malformed jobs and saved teleport paths are rejected without granting stock or bypassing Foreman
  ---
  duration_ms: 1531.726328
  type: 'test'
  ...
# Subtest: a new obstacle on a saved route stops the swept footprint and work resumes after removal
ok 51 - a new obstacle on a saved route stops the swept footprint and work resumes after removal
  ---
  duration_ms: 880.34457
  type: 'test'
  ...
# Subtest: unrelated full cargo blocks loading without spending source stock and recovers after unloading
ok 52 - unrelated full cargo blocks loading without spending source stock and recovers after unloading
  ---
  duration_ms: 703.599711
  type: 'test'
  ...
# Subtest: paired underground construction uses real cargo and preserves tunnel roles
ok 53 - paired underground construction uses real cargo and preserves tunnel roles
  ---
  duration_ms: 570.525662
  type: 'test'
  ...
# Subtest: ordinary station restoration, Foreman recruitment, paid chest and copied plan fully replay through automated delivery
ok 54 - ordinary station restoration, Foreman recruitment, paid chest and copied plan fully replay through automated delivery
  ---
  duration_ms: 2338.536477
  type: 'test'
  ...
# Subtest: packed machines from a supply chest replace material costs without touching pockets
ok 55 - packed machines from a supply chest replace material costs without touching pockets
  ---
  duration_ms: 745.485021
  type: 'test'
  ...
# Subtest: order pause/resume, retry and source reassignment are idempotent and retain cargo through interruptions
ok 56 - order pause/resume, retry and source reassignment are idempotent and retain cargo through interruptions
  ---
  duration_ms: 1412.902689
  type: 'test'
  ...
# Subtest: area removal packs an overlaid tram before its track and restores freight cargo without duplication
ok 57 - area removal packs an overlaid tram before its track and restores freight cargo without duplication
  ---
  duration_ms: 752.215817
  type: 'test'
  ...
1..57
# tests 57
# suites 0
# pass 57
# fail 0
# cancelled 0
# skipped 0
# todo 0
# duration_ms 161736.51047
