CONSTRUCTION {"t":95,"source":{"id":4,"kind":"chest","x":372,"y":630,"dir":0,"size":2,"items":[],"hold":null,"timer":0,"phase":0,"inv":{"steel":68,"copper":27},"out":0,"busy":false},"site":{"x":373,"y":635,"bp":{"version":1,"name":"Belt-fed ammunition cell","entities":[{"id":"input","kind":"chest","x":0,"y":0,"dir":0},{"id":"feed","kind":"inserter","x":2,"y":0,"dir":1},{"id":"assembler","kind":"assembler","x":3,"y":0,"dir":0,"recipe":"shot"},{"id":"out","kind":"inserter","x":6,"y":1,"dir":1},{"id":"belt","kind":"belt","x":7,"y":1,"dir":1},{"id":"turret","kind":"turret","x":8,"y":1,"dir":0}]},"checked":14,"routeSteps":0},"pockets":{"steel":13,"copper":8,"belt":2},"orders":[{"id":1,"blueprint":{"version":1,"name":"Copied layout","entities":[{"id":"machine0","kind":"belt","x":0,"y":0,"dir":1},{"id":"machine1","kind":"belt","x":1,"y":0,"dir":1}]},"x":364,"y":622,"createdAt":25,"status":"cancelled","finishedAt":25},{"id":3,"blueprint":{"version":1,"name":"Belt-fed ammunition cell","entities":[{"id":"input","kind":"chest","x":0,"y":0,"dir":0},{"id":"feed","kind":"inserter","x":2,"y":0,"dir":1},{"id":"assembler","kind":"assembler","x":3,"y":0,"dir":0,"recipe":"shot"},{"id":"out","kind":"inserter","x":6,"y":1,"dir":1},{"id":"belt","kind":"belt","x":7,"y":1,"dir":1},{"id":"turret","kind":"turret","x":8,"y":1,"dir":0}]},"x":373,"y":635,"createdAt":25,"status":"waiting"}]}
[
  {
    "name": "construction",
    "t": 95,
    "hash": "78e0dde7",
    "browser": "78e0dde7",
    "logEntries": 27,
    "bases": [
      {
        "block": 356,
        "hp": 300
      },
      {
        "block": 353,
        "hp": 300
      }
    ]
  },
  {
    "name": "fresh",
    "t": 0,
    "hash": "9443010d",
    "browser": "1ffb5d3d",
    "logEntries": 0,
    "bases": [
      {
        "block": 356,
        "hp": 300
      }
    ]
  },
  {
    "name": "network",
    "t": 2390,
    "hash": "f885f625",
    "browser": "f885f625",
    "logEntries": 353,
    "bases": [
      {
        "block": 356,
        "hp": 252.80000000000246
      },
      {
        "block": 353,
        "hp": 300
      },
      {
        "block": 332,
        "hp": 300
      }
    ]
  },
  {
    "name": "turbine",
    "t": 197,
    "hash": "112165f4",
    "browser": "112165f4",
    "logEntries": 31,
    "bases": [
      {
        "block": 356,
        "hp": 300
      }
    ]
  }
]
PASS: four starts and ordinary-command prefixes verified, conserved, load paused and continue deterministically.
