{"seed":1,"paths":[{"id":"electricians","tiles":34},{"id":"concrete","tiles":30},{"id":"lamplighters","tiles":43},{"id":"surveyors","tiles":58},{"id":"turbine","tiles":65}],"corridors":true,"reservations":true,"save":true,"hiddenInformation":true}
{"seed":2,"paths":[{"id":"electricians","tiles":22},{"id":"concrete","tiles":33},{"id":"lamplighters","tiles":51},{"id":"surveyors","tiles":37},{"id":"turbine","tiles":63}],"corridors":true,"reservations":true,"save":true,"hiddenInformation":true}
{"seed":3,"paths":[{"id":"electricians","tiles":22},{"id":"concrete","tiles":33},{"id":"lamplighters","tiles":44},{"id":"surveyors","tiles":58},{"id":"turbine","tiles":95}],"corridors":true,"reservations":true,"save":true,"hiddenInformation":true}
{"seed":4,"paths":[{"id":"electricians","tiles":23},{"id":"concrete","tiles":33},{"id":"lamplighters","tiles":45},{"id":"surveyors","tiles":51},{"id":"turbine","tiles":74}],"corridors":true,"reservations":true,"save":true,"hiddenInformation":true}
{"seed":5,"paths":[{"id":"electricians","tiles":31},{"id":"concrete","tiles":49},{"id":"lamplighters","tiles":60},{"id":"surveyors","tiles":54},{"id":"turbine","tiles":109}],"corridors":true,"reservations":true,"save":true,"hiddenInformation":true}
{"seed":6,"paths":[{"id":"electricians","tiles":22},{"id":"concrete","tiles":46},{"id":"lamplighters","tiles":39},{"id":"surveyors","tiles":60},{"id":"turbine","tiles":50}],"corridors":true,"reservations":true,"save":true,"hiddenInformation":true}
{"seed":7,"paths":[{"id":"electricians","tiles":34},{"id":"concrete","tiles":31},{"id":"lamplighters","tiles":37},{"id":"surveyors","tiles":57},{"id":"turbine","tiles":67}],"corridors":true,"reservations":true,"save":true,"hiddenInformation":true}
{"seed":8,"paths":[{"id":"electricians","tiles":29},{"id":"concrete","tiles":39},{"id":"lamplighters","tiles":53},{"id":"surveyors","tiles":59},{"id":"turbine","tiles":69}],"corridors":true,"reservations":true,"save":true,"hiddenInformation":true}
{"seed":9,"paths":[{"id":"electricians","tiles":33},{"id":"concrete","tiles":39},{"id":"lamplighters","tiles":57},{"id":"surveyors","tiles":50},{"id":"turbine","tiles":77}],"corridors":true,"reservations":true,"save":true,"hiddenInformation":true}
{"seed":10,"paths":[{"id":"electricians","tiles":29},{"id":"concrete","tiles":34},{"id":"lamplighters","tiles":40},{"id":"surveyors","tiles":55},{"id":"turbine","tiles":36}],"corridors":true,"reservations":true,"save":true,"hiddenInformation":true}
{"seed":11,"paths":[{"id":"electricians","tiles":23},{"id":"concrete","tiles":36},{"id":"lamplighters","tiles":48},{"id":"surveyors","tiles":50},{"id":"turbine","tiles":81}],"corridors":true,"reservations":true,"save":true,"hiddenInformation":true}
{"seed":12,"paths":[{"id":"electricians","tiles":35},{"id":"concrete","tiles":37},{"id":"lamplighters","tiles":61},{"id":"surveyors","tiles":61},{"id":"turbine","tiles":67}],"corridors":true,"reservations":true,"save":true,"hiddenInformation":true}
{"seed":13,"paths":[{"id":"electricians","tiles":28},{"id":"concrete","tiles":42},{"id":"lamplighters","tiles":53},{"id":"surveyors","tiles":59},{"id":"turbine","tiles":30}],"corridors":true,"reservations":true,"save":true,"hiddenInformation":true}
{"seed":14,"paths":[{"id":"electricians","tiles":19},{"id":"concrete","tiles":37},{"id":"lamplighters","tiles":46},{"id":"surveyors","tiles":61},{"id":"turbine","tiles":21}],"corridors":true,"reservations":true,"save":true,"hiddenInformation":true}
{"seed":15,"paths":[{"id":"electricians","tiles":22},{"id":"concrete","tiles":35},{"id":"lamplighters","tiles":46},{"id":"surveyors","tiles":49},{"id":"turbine","tiles":84}],"corridors":true,"reservations":true,"save":true,"hiddenInformation":true}
{"seed":16,"paths":[{"id":"electricians","tiles":31},{"id":"concrete","tiles":34},{"id":"lamplighters","tiles":53},{"id":"surveyors","tiles":54},{"id":"turbine","tiles":45}],"corridors":true,"reservations":true,"save":true,"hiddenInformation":true}
{"seed":17,"paths":[{"id":"electricians","tiles":33},{"id":"concrete","tiles":34},{"id":"lamplighters","tiles":49},{"id":"surveyors","tiles":58},{"id":"turbine","tiles":65}],"corridors":true,"reservations":true,"save":true,"hiddenInformation":true}
{"seed":18,"paths":[{"id":"electricians","tiles":25},{"id":"concrete","tiles":41},{"id":"lamplighters","tiles":34},{"id":"surveyors","tiles":49},{"id":"turbine","tiles":38}],"corridors":true,"reservations":true,"save":true,"hiddenInformation":true}
{"seed":19,"paths":[{"id":"electricians","tiles":30},{"id":"concrete","tiles":43},{"id":"lamplighters","tiles":64},{"id":"surveyors","tiles":54},{"id":"turbine","tiles":53}],"corridors":true,"reservations":true,"save":true,"hiddenInformation":true}
{"seed":20,"paths":[{"id":"electricians","tiles":29},{"id":"concrete","tiles":35},{"id":"lamplighters","tiles":36},{"id":"surveyors","tiles":55},{"id":"turbine","tiles":69}],"corridors":true,"reservations":true,"save":true,"hiddenInformation":true}
{"seed":21,"paths":[{"id":"electricians","tiles":36},{"id":"concrete","tiles":37},{"id":"lamplighters","tiles":61},{"id":"surveyors","tiles":61},{"id":"turbine","tiles":60}],"corridors":true,"reservations":true,"save":true,"hiddenInformation":true}
{"seed":22,"paths":[{"id":"electricians","tiles":28},{"id":"concrete","tiles":33},{"id":"lamplighters","tiles":49},{"id":"surveyors","tiles":63},{"id":"turbine","tiles":93}],"corridors":true,"reservations":true,"save":true,"hiddenInformation":true}
{"seed":23,"paths":[{"id":"electricians","tiles":26},{"id":"concrete","tiles":34},{"id":"lamplighters","tiles":50},{"id":"surveyors","tiles":58},{"id":"turbine","tiles":69}],"corridors":true,"reservations":true,"save":true,"hiddenInformation":true}
{"seed":24,"paths":[{"id":"electricians","tiles":26},{"id":"concrete","tiles":37},{"id":"lamplighters","tiles":35},{"id":"surveyors","tiles":54},{"id":"turbine","tiles":94}],"corridors":true,"reservations":true,"save":true,"hiddenInformation":true}
{"seed":25,"paths":[{"id":"electricians","tiles":24},{"id":"concrete","tiles":35},{"id":"lamplighters","tiles":52},{"id":"surveyors","tiles":49},{"id":"turbine","tiles":28}],"corridors":true,"reservations":true,"save":true,"hiddenInformation":true}
{"seed":26,"paths":[{"id":"electricians","tiles":27},{"id":"concrete","tiles":33},{"id":"lamplighters","tiles":51},{"id":"surveyors","tiles":49},{"id":"turbine","tiles":58}],"corridors":true,"reservations":true,"save":true,"hiddenInformation":true}
{"seed":27,"paths":[{"id":"electricians","tiles":21},{"id":"concrete","tiles":35},{"id":"lamplighters","tiles":45},{"id":"surveyors","tiles":40},{"id":"turbine","tiles":178}],"corridors":true,"reservations":true,"save":true,"hiddenInformation":true}
{"seed":28,"paths":[{"id":"electricians","tiles":25},{"id":"concrete","tiles":40},{"id":"lamplighters","tiles":49},{"id":"surveyors","tiles":35},{"id":"turbine","tiles":75}],"corridors":true,"reservations":true,"save":true,"hiddenInformation":true}
{"seed":29,"paths":[{"id":"electricians","tiles":32},{"id":"concrete","tiles":35},{"id":"lamplighters","tiles":37},{"id":"surveyors","tiles":58},{"id":"turbine","tiles":92}],"corridors":true,"reservations":true,"save":true,"hiddenInformation":true}
{"seed":30,"paths":[{"id":"electricians","tiles":23},{"id":"concrete","tiles":31},{"id":"lamplighters","tiles":37},{"id":"surveyors","tiles":50},{"id":"turbine","tiles":65}],"corridors":true,"reservations":true,"save":true,"hiddenInformation":true}
{"seed":31,"paths":[{"id":"electricians","tiles":30},{"id":"concrete","tiles":37},{"id":"lamplighters","tiles":55},{"id":"surveyors","tiles":49},{"id":"turbine","tiles":151}],"corridors":true,"reservations":true,"save":true,"hiddenInformation":true}
{"seed":32,"paths":[{"id":"electricians","tiles":28},{"id":"concrete","tiles":37},{"id":"lamplighters","tiles":52},{"id":"surveyors","tiles":36},{"id":"turbine","tiles":278}],"corridors":true,"reservations":true,"save":true,"hiddenInformation":true}
{"seed":33,"paths":[{"id":"electricians","tiles":33},{"id":"concrete","tiles":32},{"id":"lamplighters","tiles":37},{"id":"surveyors","tiles":57},{"id":"turbine","tiles":126}],"corridors":true,"reservations":true,"save":true,"hiddenInformation":true}
{"seed":34,"paths":[{"id":"electricians","tiles":33},{"id":"concrete","tiles":43},{"id":"lamplighters","tiles":38},{"id":"surveyors","tiles":60},{"id":"turbine","tiles":70}],"corridors":true,"reservations":true,"save":true,"hiddenInformation":true}
{"seed":35,"paths":[{"id":"electricians","tiles":25},{"id":"concrete","tiles":32},{"id":"lamplighters","tiles":48},{"id":"surveyors","tiles":58},{"id":"turbine","tiles":35}],"corridors":true,"reservations":true,"save":true,"hiddenInformation":true}
{"seed":36,"paths":[{"id":"electricians","tiles":32},{"id":"concrete","tiles":35},{"id":"lamplighters","tiles":40},{"id":"surveyors","tiles":56},{"id":"turbine","tiles":48}],"corridors":true,"reservations":true,"save":true,"hiddenInformation":true}
{"seed":37,"paths":[{"id":"electricians","tiles":24},{"id":"concrete","tiles":37},{"id":"lamplighters","tiles":49},{"id":"surveyors","tiles":42},{"id":"turbine","tiles":101}],"corridors":true,"reservations":true,"save":true,"hiddenInformation":true}
{"seed":38,"paths":[{"id":"electricians","tiles":25},{"id":"concrete","tiles":38},{"id":"lamplighters","tiles":44},{"id":"surveyors","tiles":62},{"id":"turbine","tiles":92}],"corridors":true,"reservations":true,"save":true,"hiddenInformation":true}
{"seed":39,"paths":[{"id":"electricians","tiles":22},{"id":"concrete","tiles":45},{"id":"lamplighters","tiles":39},{"id":"surveyors","tiles":62},{"id":"turbine","tiles":168}],"corridors":true,"reservations":true,"save":true,"hiddenInformation":true}
{"seed":40,"paths":[{"id":"electricians","tiles":33},{"id":"concrete","tiles":39},{"id":"lamplighters","tiles":58},{"id":"surveyors","tiles":57},{"id":"turbine","tiles":67}],"corridors":true,"reservations":true,"save":true,"hiddenInformation":true}
{"seed":41,"paths":[{"id":"electricians","tiles":29},{"id":"concrete","tiles":41},{"id":"lamplighters","tiles":53},{"id":"surveyors","tiles":41},{"id":"turbine","tiles":69}],"corridors":true,"reservations":true,"save":true,"hiddenInformation":true}
{"seed":42,"paths":[{"id":"electricians","tiles":23},{"id":"concrete","tiles":25},{"id":"lamplighters","tiles":45},{"id":"surveyors","tiles":47},{"id":"turbine","tiles":41}],"corridors":true,"reservations":true,"save":true,"hiddenInformation":true}
{"seed":43,"paths":[{"id":"electricians","tiles":42},{"id":"concrete","tiles":34},{"id":"lamplighters","tiles":47},{"id":"surveyors","tiles":61},{"id":"turbine","tiles":153}],"corridors":true,"reservations":true,"save":true,"hiddenInformation":true}
{"seed":44,"paths":[{"id":"electricians","tiles":30},{"id":"concrete","tiles":33},{"id":"lamplighters","tiles":54},{"id":"surveyors","tiles":37},{"id":"turbine","tiles":65}],"corridors":true,"reservations":true,"save":true,"hiddenInformation":true}
{"seed":45,"paths":[{"id":"electricians","tiles":21},{"id":"concrete","tiles":38},{"id":"lamplighters","tiles":45},{"id":"surveyors","tiles":57},{"id":"turbine","tiles":178}],"corridors":true,"reservations":true,"save":true,"hiddenInformation":true}
{"seed":46,"paths":[{"id":"electricians","tiles":25},{"id":"concrete","tiles":35},{"id":"lamplighters","tiles":49},{"id":"surveyors","tiles":39},{"id":"turbine","tiles":140}],"corridors":true,"reservations":true,"save":true,"hiddenInformation":true}
{"seed":47,"paths":[{"id":"electricians","tiles":33},{"id":"concrete","tiles":36},{"id":"lamplighters","tiles":60},{"id":"surveyors","tiles":59},{"id":"turbine","tiles":75}],"corridors":true,"reservations":true,"save":true,"hiddenInformation":true}
{"seed":48,"paths":[{"id":"electricians","tiles":31},{"id":"concrete","tiles":34},{"id":"lamplighters","tiles":45},{"id":"surveyors","tiles":55},{"id":"turbine","tiles":154}],"corridors":true,"reservations":true,"save":true,"hiddenInformation":true}
{"seed":49,"paths":[{"id":"electricians","tiles":36},{"id":"concrete","tiles":34},{"id":"lamplighters","tiles":47},{"id":"surveyors","tiles":59},{"id":"turbine","tiles":67}],"corridors":true,"reservations":true,"save":true,"hiddenInformation":true}
{"seed":50,"paths":[{"id":"electricians","tiles":28},{"id":"concrete","tiles":33},{"id":"lamplighters","tiles":45},{"id":"surveyors","tiles":48},{"id":"turbine","tiles":85}],"corridors":true,"reservations":true,"save":true,"hiddenInformation":true}
{"seed":51,"paths":[{"id":"electricians","tiles":32},{"id":"concrete","tiles":28},{"id":"lamplighters","tiles":51},{"id":"surveyors","tiles":49},{"id":"turbine","tiles":43}],"corridors":true,"reservations":true,"save":true,"hiddenInformation":true}
{"seed":52,"paths":[{"id":"electricians","tiles":23},{"id":"concrete","tiles":40},{"id":"lamplighters","tiles":52},{"id":"surveyors","tiles":35},{"id":"turbine","tiles":65}],"corridors":true,"reservations":true,"save":true,"hiddenInformation":true}
{"seed":53,"paths":[{"id":"electricians","tiles":29},{"id":"concrete","tiles":36},{"id":"lamplighters","tiles":35},{"id":"surveyors","tiles":53},{"id":"turbine","tiles":65}],"corridors":true,"reservations":true,"save":true,"hiddenInformation":true}
{"seed":54,"paths":[{"id":"electricians","tiles":33},{"id":"concrete","tiles":36},{"id":"lamplighters","tiles":43},{"id":"surveyors","tiles":60},{"id":"turbine","tiles":85}],"corridors":true,"reservations":true,"save":true,"hiddenInformation":true}
{"seed":55,"paths":[{"id":"electricians","tiles":18},{"id":"concrete","tiles":34},{"id":"lamplighters","tiles":38},{"id":"surveyors","tiles":45},{"id":"turbine","tiles":131}],"corridors":true,"reservations":true,"save":true,"hiddenInformation":true}
{"seed":56,"paths":[{"id":"electricians","tiles":25},{"id":"concrete","tiles":45},{"id":"lamplighters","tiles":49},{"id":"surveyors","tiles":57},{"id":"turbine","tiles":86}],"corridors":true,"reservations":true,"save":true,"hiddenInformation":true}
{"seed":57,"paths":[{"id":"electricians","tiles":21},{"id":"concrete","tiles":36},{"id":"lamplighters","tiles":42},{"id":"surveyors","tiles":45},{"id":"turbine","tiles":90}],"corridors":true,"reservations":true,"save":true,"hiddenInformation":true}
{"seed":58,"paths":[{"id":"electricians","tiles":29},{"id":"concrete","tiles":35},{"id":"lamplighters","tiles":36},{"id":"surveyors","tiles":54},{"id":"turbine","tiles":88}],"corridors":true,"reservations":true,"save":true,"hiddenInformation":true}
{"seed":59,"paths":[{"id":"electricians","tiles":30},{"id":"concrete","tiles":39},{"id":"lamplighters","tiles":54},{"id":"surveyors","tiles":59},{"id":"turbine","tiles":68}],"corridors":true,"reservations":true,"save":true,"hiddenInformation":true}
{"seed":60,"paths":[{"id":"electricians","tiles":37},{"id":"concrete","tiles":36},{"id":"lamplighters","tiles":58},{"id":"surveyors","tiles":60},{"id":"turbine","tiles":70}],"corridors":true,"reservations":true,"save":true,"hiddenInformation":true}
{"seed":61,"paths":[{"id":"electricians","tiles":32},{"id":"concrete","tiles":34},{"id":"lamplighters","tiles":56},{"id":"surveyors","tiles":58},{"id":"turbine","tiles":70}],"corridors":true,"reservations":true,"save":true,"hiddenInformation":true}
{"seed":62,"paths":[{"id":"electricians","tiles":32},{"id":"concrete","tiles":41},{"id":"lamplighters","tiles":56},{"id":"surveyors","tiles":49},{"id":"turbine","tiles":86}],"corridors":true,"reservations":true,"save":true,"hiddenInformation":true}
{"seed":63,"paths":[{"id":"electricians","tiles":24},{"id":"concrete","tiles":37},{"id":"lamplighters","tiles":48},{"id":"surveyors","tiles":49},{"id":"turbine","tiles":45}],"corridors":true,"reservations":true,"save":true,"hiddenInformation":true}
{"seed":64,"paths":[{"id":"electricians","tiles":35},{"id":"concrete","tiles":36},{"id":"lamplighters","tiles":58},{"id":"surveyors","tiles":61},{"id":"turbine","tiles":63}],"corridors":true,"reservations":true,"save":true,"hiddenInformation":true}
{"save":"ex08b-2026-09-07/campaign/network.json","from":5,"to":9,"machines":true,"defence":true,"cache":true,"conservation":true,"continuation":true}
{"save":"p7-02-2026-09-07/concrete-line.json","from":7,"to":9,"machines":true,"defence":true,"cache":true,"conservation":true,"continuation":true}
{"save":"p7-03-2026-09-08/turbine-complete.json","from":8,"to":9,"machines":true,"defence":true,"cache":true,"conservation":true,"continuation":true}
{"save":"p7-04-2026-09-08/guide-checkpoint.json","from":9,"to":9,"machines":true,"defence":true,"cache":true,"conservation":true,"continuation":true}
