
> relight-prototype@0.1.0 freshness:check
> tsx packages/tools/src/freshness.ts

freshness: 55 generated files against HEAD 0fdbb67
  fresh   docs/EXPERIMENTS.md                                  24bc007 b95922d2
  fresh   docs/experiments/calibration-nowalk.md               e472a70 0176f61d
  fresh   docs/experiments/calibration.md                      e472a70 184f7bc4
  fresh   docs/experiments/nightly.md                          b3a3f6c b95922d2
  fresh   docs/experiments/E-hour.json                         24bc007 b95922d2
  fresh   docs/experiments/E-project.json                      24bc007 b95922d2
  fresh   docs/experiments/E-rifle.json                        24bc007 b95922d2
  fresh   docs/experiments/E-variance.json                     24bc007 b95922d2
  fresh   docs/experiments/E-walk.json                         24bc007 b95922d2
  fresh   docs/experiments/E1.json                             24bc007 b95922d2
  fresh   docs/experiments/E2.json                             24bc007 b95922d2
  fresh   docs/experiments/E3.json                             24bc007 b95922d2
  fresh   docs/experiments/E4.json                             24bc007 b95922d2
  fresh   docs/experiments/E5.json                             24bc007 b95922d2
  fresh   docs/experiments/E6.json                             24bc007 b95922d2
  fresh   docs/experiments/E7.json                             24bc007 b95922d2
  fresh   docs/experiments/E8.json                             24bc007 b95922d2
  fresh   docs/experiments/E9.json                             24bc007 b95922d2
  fresh   docs/experiments/calibration-nowalk.json             e472a70 0176f61d
  fresh   docs/experiments/calibration.json                    e472a70 184f7bc4
  fresh   docs/experiments/nightly-2026-09-05.json             bb1385c b95922d2
  fresh   docs/experiments/nightly-2026-09-06.json             b3a3f6c b95922d2
  archive docs/experiments/lattice/EXPERIMENTS.md              27cc9b0 01dc5d02 (archived; current b95922d2)
  archive docs/experiments/lattice/calibration.md              27cc9b0 ee23bb1c (archived; current 0176f61d)
  archive docs/experiments/lattice/E1.json                     27cc9b0 01dc5d02 (archived; current b95922d2)
  archive docs/experiments/lattice/E2.json                     27cc9b0 01dc5d02 (archived; current b95922d2)
  archive docs/experiments/lattice/E3.json                     27cc9b0 01dc5d02 (archived; current b95922d2)
  archive docs/experiments/lattice/E4.json                     27cc9b0 01dc5d02 (archived; current b95922d2)
  archive docs/experiments/lattice/E5.json                     27cc9b0 01dc5d02 (archived; current b95922d2)
  archive docs/experiments/lattice/E6.json                     27cc9b0 01dc5d02 (archived; current b95922d2)
  archive docs/experiments/lattice/E7.json                     27cc9b0 01dc5d02 (archived; current b95922d2)
  archive docs/experiments/lattice/E8.json                     27cc9b0 01dc5d02 (archived; current b95922d2)
  archive docs/experiments/lattice/E9.json                     27cc9b0 01dc5d02 (archived; current b95922d2)
  archive docs/experiments/lattice/calibration.json            27cc9b0 ee23bb1c (archived; current 0176f61d)
  fresh   packages/game/public/snapshots/b-compact-seed3.json  5f49691 0176f61d
  fresh   packages/game/public/snapshots/city-factory-qa.json  b3a3f6c d51dfee0
  fresh   packages/game/public/snapshots/city-opening-qa.json  b3a3f6c d51dfee0
  fresh   docs/section18-10min.png                             4c066b2 b6c40fb9
  fresh   docs/section18-25h.png                               4c066b2 b6c40fb9
  fresh   docs/section18-5h.png                                4c066b2 b6c40fb9
  fresh   docs/seeds/canals-3.png                              4c066b2 b95922d2
  fresh   docs/seeds/canals-4.png                              4c066b2 b95922d2
  fresh   docs/seeds/canals-5.png                              4c066b2 b95922d2
  fresh   docs/seeds/industrial-3.png                          4c066b2 b95922d2
  fresh   docs/seeds/industrial-4.png                          4c066b2 b95922d2
  fresh   docs/seeds/industrial-5.png                          4c066b2 b95922d2
  fresh   docs/seeds/noout-3.png                               4c066b2 b95922d2
  fresh   docs/seeds/noout-4.png                               4c066b2 b95922d2
  fresh   docs/seeds/noout-5.png                               4c066b2 b95922d2
  fresh   docs/seeds/ring-3.png                                4c066b2 b95922d2
  fresh   docs/seeds/ring-4.png                                4c066b2 b95922d2
  fresh   docs/seeds/ring-5.png                                4c066b2 b95922d2
  fresh   docs/seeds/river-3.png                               4c066b2 b95922d2
  fresh   docs/seeds/river-4.png                               4c066b2 b95922d2
  fresh   docs/seeds/river-5.png                               4c066b2 b95922d2
freshness: every generated file was made on an ancestor of HEAD with the current config
