PAGE ERRORS []
W · First tram station · 34 tiles from you · off-screen
Relight · world view · river city · seed 3
Scenario B · from 0:00:00
Map view (M)
Copy link
Open the legacy game in a new tab
Save (Ctrl+S)
Load (Ctrl+O)

Explore from Home Court to the tram station. Carry materials and build local power to restore it, collect its tram kit, then restore the radio tower. Build walls and supplied turrets. E repairs damaged defences; major assaults begin on Night 3, with lighter raids between.

DiscoveriesItems and recipesTruck cargo
Map and navigation

Select a known place or visited district. Shift-click the map to add a pin in a known district; click its marker to select it. Show destination only moves the camera.

No destination
Western Terminus · Known · place
Switchyard · Known · district
Home Court · Visited · district

Known — no visit recorded · Default: First tram station · site:station

Map / world
Show destination
Return to engineer
Save name
Restore default name
Pin my position
Clear destination

Navigation updated.

Discoveries

Explore for nearby clues. Only known places appear here; recruiting and restoring require a local visit.

First tram station
Discovered · awaiting restoration · tile 386, 632

Deliver carried materials and provide local power. Station restoration registers a base; build and power actual track, platforms and trams for transport. walk closer to the installation

steel: 0/30 delivered (30 remaining) · copper: 0/15 delivered (15 remaining)

Deliver and restore first tram station
Items and recipes
Blueprint clipboard

Recruit the Foreman to use the blueprint clipboard.

Copy area (Ctrl+C)
Paste (Ctrl+V)
Queue ghosts
Rotate (R)
Mirror H
Mirror V
Select removal area
Pack selected machines
Cancel preview

No removal selected.

Drag around whole machines to copy. A click pastes the entire layout using pockets and normal prices. R rotates; H/V mirrors while previewing. Esc cancels. Undo uses Ctrl+Z. Removal: drag a whole-machine area, review the returns, then Pack selected machines. Up to 128 machines in a 128 × 128 area; one refusal means none are packed. Current reach and pockets apply. Undo rebuilds settings from pockets; recovered contents stay in pockets. Fixed facilities and the core stay.

Blueprint library & orders

Recruit the Foreman to use the blueprint clipboard.

Blueprint name
Blueprint folder
Blueprint icon
Arc lamp
Excavator
belt
inserter
Assembler
Gun turret
Lamp
pole
Generator
Floodlight
Big pole
Substation
Mixer
Barricade
Underground belt
Priority splitter
Wall
Supply chest
Track
Tram stop
Tram
Save clipboard
Filter blueprint folder
All folders
Saved blueprints
Load clipboard
Update name / folder / icon
Delete library entry
Export text
Blueprint import/export text
Import text

Export text to share a layout. Imports contain settings only. Use Queue ghosts in the clipboard to plan without materials. Paused orders reserve their area and skip automatic work until resumed. Waiting orders can be built from your pockets; cancelling leaves any completed machines in place.

Construction orders

No queued plans.

Truck construction

Recruit the Foreman for truck construction. No automatic construction assigned

Truck unavailable

Truck supply chest
Truck construction orders
All waiting orders
Packed supply machine
Arc lamp
Excavator
belt
inserter
Assembler
Gun turret
Lamp
pole
Generator
Floodlight
Big pole
Substation
Mixer
Barricade
Underground belt
Priority splitter
Wall
Supply chest
Track
Tram stop
Tram
Put 1 packed machine
Take 1 packed machine
Start truck delivery
Use selected supply chest
Retry truck now
Pause truck
Resume truck
Stop truck job

Select a physical supply chest and waiting plans. Loading occurs within 3 tiles of the chest; building uses cargo within 8 tiles of the truck. The truck stays on streets. Packed machine transfers use your pockets and require standing near the selected chest. Shortages or obstructions retry every 2 seconds. Pause or resume individual plans in Construction orders. Use selected supply chest changes the source of the assigned job and retains cargo. Retry truck now rechecks a waiting job immediately. Repeated Start does not restart an identical job. Boarding pauses automatic work; cargo and built parts remain.

BASE DEFENCE

Next major assault: Night 3. Two minor raid opportunities per day; ruins remain dangerous.

Base core · 300/300 HP
HOME AND PRODUCTION
1
Bases
0.0
mag/min capacity
20.0
magazines in stock
Day 1 · daylight
sim clock
Pause
1×
4×
16×
keys: P pause · - / = speed · M map · Tab/I pockets · B build · ESCAPE closes · ` debug
Item statistics
Build your first production line in Home Court
E at the house opens your supplies; B opens building. Steel and copper patches are inside the court.
Next major assault: Night 3. Two minor raid opportunities per day; ruins remain dangerous. — Prepare ammunition and repair defences before dusk.
Snapshot loaded at 0:00:00 (state bc69bddf) — paused. Press P or a speed to begin.
AssertionError [ERR_ASSERTION]: Expected values to be strictly equal:
+ actual - expected

+ 'First tram station'
- 'Western Terminus'

    at E:\Factorio2\docs\evidence\p9-03-2026-09-08\browser.cjs:12:9 {
  generatedMessage: true,
  code: 'ERR_ASSERTION',
  actual: 'First tram station',
  expected: 'Western Terminus',
  operator: 'strictEqual',
  diff: 'simple'
}
