TAP version 13
# Subtest: survey revision 2: seed 6 composes legal tracks/stops and preserves an older paid save
ok 1 - survey revision 2: seed 6 composes legal tracks/stops and preserves an older paid save
  ---
  duration_ms: 3476.222713
  type: 'test'
  ...
# Subtest: survey revision 2: seed 29 composes legal tracks/stops and preserves an older paid save
ok 2 - survey revision 2: seed 29 composes legal tracks/stops and preserves an older paid save
  ---
  duration_ms: 2578.210324
  type: 'test'
  ...
# Subtest: old survey logs remain available but cannot claim new-factory replay; new survey saves retain complete logs
ok 3 - old survey logs remain available but cannot claim new-factory replay; new survey saves retain complete logs
  ---
  duration_ms: 917.990551
  type: 'test'
  ...
# Subtest: unknown survey revision refuses load without treating the saved route as a new survey
ok 4 - unknown survey revision refuses load without treating the saved route as a new survey
  ---
  duration_ms: 251.311424
  type: 'test'
  ...
# Subtest: navigation uses existing deterministic names and known sites without revealing hidden destinations
ok 5 - navigation uses existing deterministic names and known sites without revealing hidden destinations
  ---
  duration_ms: 4008.881885
  type: 'test'
  ...
# Subtest: names, defaults and pins use atomic bounded commands, stable identities and literal text
ok 6 - names, defaults and pins use atomic bounded commands, stable identities and literal text
  ---
  duration_ms: 409.158642
  type: 'test'
  ...
# Subtest: physical travel records visits; annotations and visits replay and continue through saves
ok 7 - physical travel records visits; annotations and visits replay and continue through saves
  ---
  duration_ms: 2535.392824
  type: 'test'
  ...
# Subtest: invalid saved navigation refuses versions, unknown targets, uncharted pins and malformed records
ok 8 - invalid saved navigation refuses versions, unknown targets, uncharted pins and malformed records
  ---
  duration_ms: 1646.823769
  type: 'test'
  ...
# Subtest: old revision-2 saves retain geometry and stock but do not claim replay before visit tracking
ok 9 - old revision-2 saves retain geometry and stock but do not claim replay before visit tracking
  ---
  duration_ms: 890.001385
  type: 'test'
  ...
1..9
# tests 9
# suites 0
# pass 9
# fail 0
# cancelled 0
# skipped 0
# todo 0
# duration_ms 27249.688105
