
> relight-prototype@0.1.0 typecheck
> npm run build -w packages/sim && npm run build -w packages/harness && npm run build -w packages/tools && npm run build -w packages/game


> @relight/sim@0.1.0 build
> tsc -p tsconfig.json --noEmit


> @relight/harness@0.1.0 build
> tsc -p tsconfig.json --noEmit


> @relight/tools@0.1.0 build
> tsc -p tsconfig.json --noEmit


> @relight/game@0.1.0 build
> tsc -p tsconfig.json --noEmit && vite build

vite v6.4.3 building for production...
transforming...
✓ 90 modules transformed.
rendering chunks...
computing gzip size...
dist/index.html                     0.61 kB │ gzip:   0.33 kB
dist/assets/index-DNL88HLL.css      7.65 kB │ gzip:   2.29 kB
dist/assets/index-KW9tYl9r.js   2,034.95 kB │ gzip: 535.44 kB

(!) Some chunks are larger than 500 kB after minification. Consider:
- Using dynamic import() to code-split the application
- Use build.rollupOptions.output.manualChunks to improve chunking: https://rollupjs.org/configuration-options/#output-manualchunks
- Adjust chunk size limit for this warning via build.chunkSizeWarningLimit.
✓ built in 7.35s
