[
  {
    "name": "fresh",
    "t": 0,
    "hash": "48bce3a6",
    "browser": "906e54ae",
    "logEntries": 0,
    "bases": [
      {
        "block": 356,
        "hp": 300
      }
    ]
  },
  {
    "name": "network",
    "t": 2390,
    "hash": "ef3c6c14",
    "browser": "ef3c6c14",
    "logEntries": 353,
    "bases": [
      {
        "block": 356,
        "hp": 252.80000000000246
      },
      {
        "block": 353,
        "hp": 300
      },
      {
        "block": 332,
        "hp": 300
      }
    ]
  },
  {
    "name": "turbine",
    "t": 197,
    "hash": "84cb2486",
    "browser": "84cb2486",
    "logEntries": 31,
    "bases": [
      {
        "block": 356,
        "hp": 300
      }
    ]
  }
]
PASS: three starts and ordinary-command prefixes verified, conserved, load paused and continue deterministically.
