PASS shell 1366
PASS shell 900
RELIGHT
Build (B)
Inventory (I)
Map (M)
Projects (F2)
Management
Construction
Help
Pause menu
Navigation
Build your first production line in Home Court
E at the house opens your supplies; B opens building. Steel and copper patches are inside the court.
Next major assault: Night 3. Two minor raid opportunities per day; ruins remain dangerous. — Prepare ammunition and repair defences before dusk.
AssertionError [ERR_ASSERTION]: The expression evaluated to a falsy value:

  assert.ok(contrast.borders.every(r=>r.ratio>=3))

    at E:\Factorio2\docs\evidence\ui-redesign\ui-01\browser.cjs:40:775 {
  generatedMessage: true,
  code: 'ERR_ASSERTION',
  actual: false,
  expected: true,
  operator: '==',
  diff: 'simple'
}
