CONSOLE %c %c %c %c %c Phaser v3.90.0 (WebGL | Web Audio) %c https://phaser.io/v390 background: #ff0000 background: #ffff00 background: #00ff00 background: #00ffff color: #ffffff; background: #000000 background: transparent
{
  href: 'http://127.0.0.1:5178/?rules=exploration-v2&seed=3&view=world&state=/ui-fresh.json',
  api: true,
  keys: [
    'session',       'view',       'uiShell',
    'navigation',    'run',        'summary',
    'exportJson',    'hour',       'commandLog',
    'replay',        'replayHash', 'stateJson',
    'renderTiming',  'stateHash',  'goal',
    'saveFile',      'save',       'loadUrl',
    'debugCoords',   'configHash', 'toggleView',
    'walkTo',        'sprint',     'dodge',
    'aim',           'setTool',    'handLamp',
    'engineer',      'ground',     'city',
    'edgeGeom',      'describe',   'chest',
    'togglePockets', 'world',      'flow',
    'fps'
  ]
}
RELIGHT
Build (B)
Inventory (I)
Map (M)
Projects (F2)
Management
Construction
Help
Pause menu
Navigation
Build your first production line in Home Court
E at the house opens your supplies; B opens building. Steel and copper patches are inside the court.
Next major assault: Night 3. Two minor raid opportunities per day; ruins remain dangerous. — Prepare ammunition and repair defences before dusk.
Snapshot loaded at 0:00:00 (state e13e92a4) — paused. Press P or a speed to begin.
