TAP version 13
# Subtest: clipboard rejects locked, empty, malformed, partial, remote and down selections without replacing stock or previous clipboard
ok 1 - clipboard rejects locked, empty, malformed, partial, remote and down selections without replacing stock or previous clipboard
  ---
  duration_ms: 2149.161387
  type: 'test'
  ...
# Subtest: rotations and reflections preserve rectangular footprints, tunnel roles and settings with correct left/right priority
ok 2 - rotations and reflections preserve rectangular footprints, tunnel roles and settings with correct left/right priority
  ---
  duration_ms: 5.964528
  type: 'test'
  ...
# Subtest: clipboard stamp applies recipe and routing configuration atomically, saves and undoes without copying buffers
ok 3 - clipboard stamp applies recipe and routing configuration atomically, saves and undoes without copying buffers
  ---
  duration_ms: 2120.228755
  type: 'test'
  ...
# Subtest: occupied, unaffordable and remote stamps are atomic and consume carried machines before materials
ok 4 - occupied, unaffordable and remote stamps are atomic and consume carried machines before materials
  ---
  duration_ms: 385.890242
  type: 'test'
  ...
# Subtest: copied underground pairs reject an intervening destination endpoint and orphan selections
ok 5 - copied underground pairs reject an intervening destination endpoint and orphan selections
  ---
  duration_ms: 331.400862
  type: 'test'
  ...
# Subtest: old post-P7 saves retain every existing site/layout/earned reward and gain only an unrecruited Foreman
ok 6 - old post-P7 saves retain every existing site/layout/earned reward and gain only an unrecruited Foreman
  ---
  duration_ms: 4541.94214
  type: 'test'
  ...
# Subtest: Foreman shelters are reachable, separated from earlier sites and unchanged across save/load on 16 seeds
ok 7 - Foreman shelters are reachable, separated from earlier sites and unchanged across save/load on 16 seeds
  ---
  duration_ms: 14522.19321
  type: 'test'
  ...
# Subtest: ordinary stock, walking, Foreman recruitment, copy, transform, paid stamp and undo/redo replay from the opening
ok 8 - ordinary stock, walking, Foreman recruitment, copy, transform, paid stamp and undo/redo replay from the opening
  ---
  duration_ms: 1144.137897
  type: 'test'
  ...
# Subtest: a copied station retains freight request/export rules through paid placement and undo/redo without copying cargo
ok 9 - a copied station retains freight request/export rules through paid placement and undo/redo without copying cargo
  ---
  duration_ms: 514.656932
  type: 'test'
  ...
1..9
# tests 9
# suites 0
# pass 9
# fail 0
# cancelled 0
# skipped 0
# todo 0
# duration_ms 42642.291184
