TAP version 13
# Subtest: library import/export is bounded, atomic, Foreman-gated and independent of clipboard and orders
ok 1 - library import/export is bounded, atomic, Foreman-gated and independent of clipboard and orders
  ---
  duration_ms: 1198.319539
  type: 'test'
  ...
# Subtest: library limits and metadata rejection preserve allocator and current selection
ok 2 - library limits and metadata rejection preserve allocator and current selection
  ---
  duration_ms: 302.727089
  type: 'test'
  ...
# Subtest: ghost plans consume no stock or occupancy, reject overlap and bounds, and report exact missing stock
ok 3 - ghost plans consume no stock or occupancy, reject overlap and bounds, and report exact missing stock
  ---
  duration_ms: 408.231671
  type: 'test'
  ...
# Subtest: partial manual construction survives save/load; remaining build pays once and completed orders never requeue on undo
ok 4 - partial manual construction survives save/load; remaining build pays once and completed orders never requeue on undo
  ---
  duration_ms: 591.299814
  type: 'test'
  ...
# Subtest: ordinary matching construction completes waiting orders, occupied mismatches and remote builds remain blocked
ok 5 - ordinary matching construction completes waiting orders, occupied mismatches and remote builds remain blocked
  ---
  duration_ms: 317.850396
  type: 'test'
  ...
# Subtest: order limits include history, cancel is terminal and deleting records never recycles IDs
ok 6 - order limits include history, cancel is terminal and deleting records never recycles IDs
  ---
  duration_ms: 318.284451
  type: 'test'
  ...
# Subtest: hostile saved libraries and order lifecycle data are rejected; old optional state remains absent
ok 7 - hostile saved libraries and order lifecycle data are rejected; old optional state remains absent
  ---
  duration_ms: 2470.767235
  type: 'test'
  ...
# Subtest: imported locked machines remain plans and cannot bypass ordinary unlocks
ok 8 - imported locked machines remain plans and cannot bypass ordinary unlocks
  ---
  duration_ms: 264.549853
  type: 'test'
  ...
# Subtest: ordinary opening recruitment, library actions, ghost construction and cancellation replay deterministically
ok 9 - ordinary opening recruitment, library actions, ghost construction and cancellation replay deterministically
  ---
  duration_ms: 978.395293
  type: 'test'
  ...
1..9
# tests 9
# suites 0
# pass 9
# fail 0
# cancelled 0
# skipped 0
# todo 0
# duration_ms 10008.592716
