TAP version 13
# Subtest: clipboard rejects locked, empty, malformed, partial, remote and down selections without replacing stock or previous clipboard
ok 1 - clipboard rejects locked, empty, malformed, partial, remote and down selections without replacing stock or previous clipboard
  ---
  duration_ms: 1971.570762
  type: 'test'
  ...
# Subtest: rotations and reflections preserve rectangular footprints, tunnel roles and settings with correct left/right priority
ok 2 - rotations and reflections preserve rectangular footprints, tunnel roles and settings with correct left/right priority
  ---
  duration_ms: 3.620556
  type: 'test'
  ...
# Subtest: clipboard stamp applies recipe and routing configuration atomically, saves and undoes without copying buffers
ok 3 - clipboard stamp applies recipe and routing configuration atomically, saves and undoes without copying buffers
  ---
  duration_ms: 1562.341927
  type: 'test'
  ...
# Subtest: occupied, unaffordable and remote stamps are atomic and consume carried machines before materials
ok 4 - occupied, unaffordable and remote stamps are atomic and consume carried machines before materials
  ---
  duration_ms: 388.785563
  type: 'test'
  ...
# Subtest: copied underground pairs reject an intervening destination endpoint and orphan selections
ok 5 - copied underground pairs reject an intervening destination endpoint and orphan selections
  ---
  duration_ms: 468.086955
  type: 'test'
  ...
# Subtest: old post-P7 saves retain every existing site/layout/earned reward and gain only an unrecruited Foreman
ok 6 - old post-P7 saves retain every existing site/layout/earned reward and gain only an unrecruited Foreman
  ---
  duration_ms: 4863.336875
  type: 'test'
  ...
# Subtest: Foreman shelters are reachable, separated from earlier sites and unchanged across save/load on 16 seeds
ok 7 - Foreman shelters are reachable, separated from earlier sites and unchanged across save/load on 16 seeds
  ---
  duration_ms: 11559.1781
  type: 'test'
  ...
# Subtest: ordinary stock, walking, Foreman recruitment, copy, transform, paid stamp and undo/redo replay from the opening
ok 8 - ordinary stock, walking, Foreman recruitment, copy, transform, paid stamp and undo/redo replay from the opening
  ---
  duration_ms: 1200.396314
  type: 'test'
  ...
# Subtest: a copied station retains freight request/export rules through paid placement and undo/redo without copying cargo
ok 9 - a copied station retains freight request/export rules through paid placement and undo/redo without copying cargo
  ---
  duration_ms: 414.376985
  type: 'test'
  ...
# Subtest: old checkpoint logs are retained with incomplete replay provenance; current clipboard saves remain complete
ok 10 - old checkpoint logs are retained with incomplete replay provenance; current clipboard saves remain complete
  ---
  duration_ms: 809.200178
  type: 'test'
  ...
# Subtest: library import/export is bounded, atomic, Foreman-gated and independent of clipboard and orders
ok 11 - library import/export is bounded, atomic, Foreman-gated and independent of clipboard and orders
  ---
  duration_ms: 1979.218292
  type: 'test'
  ...
# Subtest: library limits and metadata rejection preserve allocator and current selection
ok 12 - library limits and metadata rejection preserve allocator and current selection
  ---
  duration_ms: 616.679878
  type: 'test'
  ...
# Subtest: ghost plans consume no stock or occupancy, reject overlap and bounds, and report exact missing stock
ok 13 - ghost plans consume no stock or occupancy, reject overlap and bounds, and report exact missing stock
  ---
  duration_ms: 643.484609
  type: 'test'
  ...
# Subtest: partial manual construction survives save/load; remaining build pays once and completed orders never requeue on undo
ok 14 - partial manual construction survives save/load; remaining build pays once and completed orders never requeue on undo
  ---
  duration_ms: 985.51307
  type: 'test'
  ...
# Subtest: ordinary matching construction completes waiting orders, occupied mismatches and remote builds remain blocked
ok 15 - ordinary matching construction completes waiting orders, occupied mismatches and remote builds remain blocked
  ---
  duration_ms: 480.177782
  type: 'test'
  ...
# Subtest: order limits include history, cancel is terminal and deleting records never recycles IDs
ok 16 - order limits include history, cancel is terminal and deleting records never recycles IDs
  ---
  duration_ms: 484.019476
  type: 'test'
  ...
# Subtest: hostile saved libraries and order lifecycle data are rejected; old optional state remains absent
ok 17 - hostile saved libraries and order lifecycle data are rejected; old optional state remains absent
  ---
  duration_ms: 3184.292079
  type: 'test'
  ...
# Subtest: imported locked machines remain plans and cannot bypass ordinary unlocks
ok 18 - imported locked machines remain plans and cannot bypass ordinary unlocks
  ---
  duration_ms: 384.669854
  type: 'test'
  ...
# Subtest: ordinary opening recruitment, library actions, ghost construction and cancellation replay deterministically
ok 19 - ordinary opening recruitment, library actions, ghost construction and cancellation replay deterministically
  ---
  duration_ms: 1012.489605
  type: 'test'
  ...
# Subtest: partly built underground plans reject interception atomically and preserve the intended pair
ok 20 - partly built underground plans reject interception atomically and preserve the intended pair
  ---
  duration_ms: 509.678603
  type: 'test'
  ...
# Subtest: largest freight-rich portable library entry round-trips within the bounded text size
ok 21 - largest freight-rich portable library entry round-trips within the bounded text size
  ---
  duration_ms: 491.187594
  type: 'test'
  ...
1..21
# tests 21
# suites 0
# pass 21
# fail 0
# cancelled 0
# skipped 0
# todo 0
# duration_ms 26032.478307
