TAP version 13
# Subtest: 32 seeded shelters are accessible without a guardian fight and are permanent walkable reservations
ok 1 - 32 seeded shelters are accessible without a guardian fight and are permanent walkable reservations
  ---
  duration_ms: 34174.261405
  type: 'test'
  ...
# Subtest: ordinary walk and recruitment grant real electrical plans once, preserve stock and replay
ok 2 - ordinary walk and recruitment grant real electrical plans once, preserve stock and replay
  ---
  duration_ms: 1856.934897
  type: 'test'
  ...
# Subtest: recruitment requires an able engineer on foot and persists through disabled cores and block changes
ok 3 - recruitment requires an able engineer on foot and persists through disabled cores and block changes
  ---
  duration_ms: 405.436036
  type: 'test'
  ...
# Subtest: version 5 migration keeps earned plans, existing workshop history and layouts; unearned plans stay locked
ok 4 - version 5 migration keeps earned plans, existing workshop history and layouts; unearned plans stay locked
  ---
  duration_ms: 5289.088367
  type: 'test'
  ...
# Subtest: current saves reject missing, duplicated or malformed recruits and old logs are marked incomplete
not ok 5 - current saves reject missing, duplicated or malformed recruits and old logs are marked incomplete
  ---
  duration_ms: 1532.00641
  type: 'test'
  location: '/mnt/e/Factorio2/packages/sim/test/campaignRecruits.test.ts:100:1'
  failureType: 'testCodeFailure'
  error: 'local:p7-old: not a Relight state: Turbine requires campaign metadata version 8'
  code: 'ERR_TEST_FAILURE'
  stack: |-
    loadSnapshot (/mnt/e/Factorio2/packages/game/src/session.ts:108:54)
    TestContext.<anonymous> (/mnt/e/Factorio2/packages/sim/test/campaignRecruits.test.ts:112:26)
    Test.runInAsyncScope (node:async_hooks:214:14)
    Test.run (node:internal/test_runner/test:1047:25)
    Test.processPendingSubtests (node:internal/test_runner/test:744:18)
    Test.postRun (node:internal/test_runner/test:1173:19)
    Test.run (node:internal/test_runner/test:1101:12)
    async Test.processPendingSubtests (node:internal/test_runner/test:744:7)
  ...
# Subtest: optional riverside hall and shelters preserve corridors, reach and stable identities on required seeds
ok 6 - optional riverside hall and shelters preserve corridors, reach and stable identities on required seeds
  ---
  duration_ms: 10915.454903
  type: 'test'
  ...
# Subtest: ordinary optional recruitment works in both orders, grants paid Arc coverage and district-only survey, and replays
ok 7 - ordinary optional recruitment works in both orders, grants paid Arc coverage and district-only survey, and replays
  ---
  duration_ms: 3393.388783
  type: 'test'
  ...
# Subtest: paid Turbine commissioning supplies a physical multi-district network, offsets fuel, isolates and resumes after saving
not ok 8 - paid Turbine commissioning supplies a physical multi-district network, offsets fuel, isolates and resumes after saving
  ---
  duration_ms: 333.940849
  type: 'test'
  location: '/mnt/e/Factorio2/packages/sim/test/campaignTurbine.test.ts:50:1'
  failureType: 'testCodeFailure'
  error: |-
    Expected values to be strictly equal:
    
    undefined !== 0
    
  code: 'ERR_ASSERTION'
  name: 'AssertionError'
  expected: 0
  operator: 'strictEqual'
  stack: |-
    TestContext.<anonymous> (/mnt/e/Factorio2/packages/sim/test/campaignTurbine.test.ts:57:113)
    Test.runInAsyncScope (node:async_hooks:214:14)
    Test.run (node:internal/test_runner/test:1047:25)
    Test.processPendingSubtests (node:internal/test_runner/test:744:18)
    Test.postRun (node:internal/test_runner/test:1173:19)
    Test.run (node:internal/test_runner/test:1101:12)
    async Test.processPendingSubtests (node:internal/test_runner/test:744:7)
  ...
# Subtest: Turbine commands reject incapacitated/vehicle interaction and corrupt saved records
ok 9 - Turbine commands reject incapacitated/vehicle interaction and corrupt saved records
  ---
  duration_ms: 1315.056904
  type: 'test'
  ...
# Subtest: Concrete crew sites are separate and reachable across 32 seeds; version 6 migration preserves the original recruit
ok 10 - Concrete crew sites are separate and reachable across 32 seeds; version 6 migration preserves the original recruit
  ---
  duration_ms: 40276.845922
  type: 'test'
  ...
# Subtest: ordinary recruitment and paid stone → belt → Mixer → concrete chest chain save and replay
ok 11 - ordinary recruitment and paid stone → belt → Mixer → concrete chest chain save and replay
  ---
  duration_ms: 1623.972691
  type: 'test'
  ...
# Subtest: Mixer pauses without power, retains a paid partial craft, refuses busy packing and stops at full output
ok 12 - Mixer pauses without power, retains a paid partial craft, refuses busy packing and stops at full output
  ---
  duration_ms: 1096.953014
  type: 'test'
  ...
# Subtest: paid Barricades conserve concrete through history, damage, saved repair and packing
ok 13 - paid Barricades conserve concrete through history, damage, saved repair and packing
  ---
  duration_ms: 967.636775
  type: 'test'
  ...
# Subtest: concrete saves reject corrupt production and counters; construction requires concrete
ok 14 - concrete saves reject corrupt production and counters; construction requires concrete
  ---
  duration_ms: 1347.584846
  type: 'test'
  ...
# Subtest: crawlers physically breach a sealed Barricade court
ok 15 - crawlers physically breach a sealed Barricade court
  ---
  duration_ms: 782.609366
  type: 'test'
  ...
1..15
# tests 15
# suites 0
# pass 13
# fail 2
# cancelled 0
# skipped 0
# todo 0
# duration_ms 129403.044122
