TAP version 13
# Subtest: composed city query is repeatable, read-only and stable after load; includes every current site
ok 1 - composed city query is repeatable, read-only and stable after load; includes every current site
  ---
  duration_ms: 6277.966491
  type: 'test'
  ...
# Subtest: physical survey uses ordinary placement geometry without granting the tram unlock or pocket stock
ok 2 - physical survey uses ordinary placement geometry without granting the tram unlock or pocket stock
  ---
  duration_ms: 1485.580183
  type: 'test'
  ...
# Subtest: bad reservation rectangles, overlapping sites, source identity and rail topology are independently reported
ok 3 - bad reservation rectangles, overlapping sites, source identity and rail topology are independently reported
  ---
  duration_ms: 2280.441207
  type: 'test'
  ...
# Subtest: blocked interactions are found from the final shared collision mask, not just the site centre
ok 4 - blocked interactions are found from the final shared collision mask, not just the site centre
  ---
  duration_ms: 1199.932224
  type: 'test'
  ...
# Subtest: runner retains failed generation and seed identity; invalid or duplicate seed requests refuse
ok 5 - runner retains failed generation and seed identity; invalid or duplicate seed requests refuse
  ---
  duration_ms: 2.156407
  type: 'test'
  ...
# Subtest: existing paid truck checkpoint reports physical queries without commissioning a fresh truck
ok 6 - existing paid truck checkpoint reports physical queries without commissioning a fresh truck
  ---
  duration_ms: 2497.557434
  type: 'test'
  ...
# Subtest: malformed maps and missing metadata return bounded failures; physical route blockers remain findings
ok 7 - malformed maps and missing metadata return bounded failures; physical route blockers remain findings
  ---
  duration_ms: 2506.4142
  type: 'test'
  ...
# Subtest: current survey: seed 6 composes legal tracks/stops and preserves an older paid save
ok 8 - current survey: seed 6 composes legal tracks/stops and preserves an older paid save
  ---
  duration_ms: 6339.068682
  type: 'test'
  ...
# Subtest: current survey: seed 29 composes legal tracks/stops and preserves an older paid save
ok 9 - current survey: seed 29 composes legal tracks/stops and preserves an older paid save
  ---
  duration_ms: 4863.201222
  type: 'test'
  ...
# Subtest: old survey logs remain available but cannot claim new-factory replay; new survey saves retain complete logs
ok 10 - old survey logs remain available but cannot claim new-factory replay; new survey saves retain complete logs
  ---
  duration_ms: 1848.339465
  type: 'test'
  ...
# Subtest: unknown survey revision refuses load without treating the saved route as a new survey
ok 11 - unknown survey revision refuses load without treating the saved route as a new survey
  ---
  duration_ms: 623.968642
  type: 'test'
  ...
1..11
# tests 11
# suites 0
# pass 11
# fail 0
# cancelled 0
# skipped 0
# todo 0
# duration_ms 24206.292742
