TAP version 13
# /mnt/e/Factorio2/packages/sim/src/construction.ts:9
# import { SHOT } from './recipes';
#          ^
# SyntaxError: The requested module './recipes' does not provide an export named 'SHOT'
#     at ModuleJob._instantiate (node:internal/modules/esm/module_job:228:21)
#     at async ModuleJob.run (node:internal/modules/esm/module_job:335:5)
#     at async onImport.tracePromise.__proto__ (node:internal/modules/esm/loader:647:26)
#     at async asyncRunEntryPointWithESMLoader (node:internal/modules/run_main:117:5)
# Node.js v22.18.0
# Subtest: packages/sim/test/construction.test.ts
not ok 1 - packages/sim/test/construction.test.ts
  ---
  duration_ms: 3415.684881
  type: 'test'
  location: '/mnt/e/Factorio2/packages/sim/test/construction.test.ts:1:1'
  failureType: 'testCodeFailure'
  exitCode: 1
  signal: ~
  error: 'test failed'
  code: 'ERR_TEST_FAILURE'
  ...
1..1
# tests 1
# suites 0
# pass 0
# fail 1
# cancelled 0
# skipped 0
# todo 0
# duration_ms 3430.889135
