TAP version 13
# Subtest: P8 integration seed 3: repeated paid ammunition pattern, station chest, truck, powered belts and replay
ok 1 - P8 integration seed 3: repeated paid ammunition pattern, station chest, truck, powered belts and replay
  ---
  duration_ms: 6235.28548
  type: 'test'
  ...
# Subtest: P8 integration seed 4: repeated paid ammunition pattern, station chest, truck, powered belts and replay
ok 2 - P8 integration seed 4: repeated paid ammunition pattern, station chest, truck, powered belts and replay
  ---
  duration_ms: 2702.119611
  type: 'test'
  ...
# Subtest: P8 integration seed 5: repeated paid ammunition pattern, station chest, truck, powered belts and replay
ok 3 - P8 integration seed 5: repeated paid ammunition pattern, station chest, truck, powered belts and replay
  ---
  duration_ms: 2146.928939
  type: 'test'
  ...
# Subtest: P8 integration seed 8: repeated paid ammunition pattern, station chest, truck, powered belts and replay
ok 4 - P8 integration seed 8: repeated paid ammunition pattern, station chest, truck, powered belts and replay
  ---
  duration_ms: 2331.41158
  type: 'test'
  ...
# Subtest: P8 integration seed 11: repeated paid ammunition pattern, station chest, truck, powered belts and replay
ok 5 - P8 integration seed 11: repeated paid ammunition pattern, station chest, truck, powered belts and replay
  ---
  duration_ms: 2364.870768
  type: 'test'
  ...
# Subtest: P8 integration seed 13: repeated paid ammunition pattern, station chest, truck, powered belts and replay
ok 6 - P8 integration seed 13: repeated paid ammunition pattern, station chest, truck, powered belts and replay
  ---
  duration_ms: 2285.386572
  type: 'test'
  ...
# Subtest: P8 broader sweep: seeds 1–16, eight destinations, rotated placements and valid/blocked turns remain bounded and read-only
ok 7 - P8 broader sweep: seeds 1–16, eight destinations, rotated placements and valid/blocked turns remain bounded and read-only
  ---
  duration_ms: 10106.283958
  type: 'test'
  ...
1..7
# tests 7
# suites 0
# pass 7
# fail 0
# cancelled 0
# skipped 0
# todo 0
# duration_ms 32830.955701
