TAP version 13
# Subtest: inspection: paid assembler exposes nominal recipe rates, completed production and conserved saved continuation
ok 1 - inspection: paid assembler exposes nominal recipe rates, completed production and conserved saved continuation
  ---
  duration_ms: 1021.858957
  type: 'test'
  ...
# Subtest: inspection: recipe changes retain per-item observations; packing/rebuild resets only machine history
ok 2 - inspection: recipe changes retain per-item observations; packing/rebuild resets only machine history
  ---
  duration_ms: 289.558531
  type: 'test'
  ...
# Subtest: inspection: local circuits isolate remote supply, reflect brownout, fuel exhaustion and pole connection
ok 3 - inspection: local circuits isolate remote supply, reflect brownout, fuel exhaustion and pole connection
  ---
  duration_ms: 244.450311
  type: 'test'
  ...
# Subtest: inspection: belt blockage and inserter destination loss report the actual held state
ok 4 - inspection: belt blockage and inserter destination loss report the actual held state
  ---
  duration_ms: 235.70139
  type: 'test'
  ...
# Subtest: inspection: saved sample window is bounded, excludes pause time and rejects malformed observations
ok 5 - inspection: saved sample window is bounded, excludes pause time and rejects malformed observations
  ---
  duration_ms: 473.352862
  type: 'test'
  ...
# Subtest: inspection: fresh campaign replay includes identical observations and readonly queries add no commands
not ok 6 - inspection: fresh campaign replay includes identical observations and readonly queries add no commands
  ---
  duration_ms: 162.266305
  type: 'test'
  location: '/mnt/e/Factorio2/packages/sim/test/inspection.test.ts:83:1'
  failureType: 'testCodeFailure'
  error: 'location is not defined'
  code: 'ERR_TEST_FAILURE'
  name: 'ReferenceError'
  stack: |-
    createSession (/mnt/e/Factorio2/packages/game/src/session.ts:182:38)
    TestContext.<anonymous> (/mnt/e/Factorio2/packages/sim/test/inspection.test.ts:84:10)
    Test.runInAsyncScope (node:async_hooks:214:14)
    Test.run (node:internal/test_runner/test:1047:25)
    Test.processPendingSubtests (node:internal/test_runner/test:744:18)
    Test.postRun (node:internal/test_runner/test:1173:19)
    Test.run (node:internal/test_runner/test:1101:12)
    async Test.processPendingSubtests (node:internal/test_runner/test:744:7)
  ...
1..6
# tests 6
# suites 0
# pass 5
# fail 1
# cancelled 0
# skipped 0
# todo 0
# duration_ms 4039.950524
