Projects
Close
Track one objective
Automatic next action
Untrack
First tram station
Known projects

Explore for nearby clues. Only known places appear here; recruiting and restoring require a local visit.

First tram station
First tram station
Discovered · awaiting restoration

Deliver carried materials and provide local power. Station restoration registers a base; build and power actual track, platforms and trams for transport.

Restoration service circuit
○ Material · steel: 0/30
○ Material · copper: 0/15
○ Local power · offline
steel: 0 delivered; 30 remaining. Carried 0 · Home supplies 200. Will deliver 0.
copper: 0 delivered; 15 remaining. Carried 0 · Home supplies 100. Will deliver 0.

Local power is still required to restore.

Tracking projectShow project location
Restore

Walk closer on foot to interact.

Alerts and received messages · 1 active
1
belt
0 carried
2
inserter
0 carried
3
Excav.
0 carried
4
Assem.
0 carried
5
Gun turret
0 carried
6
Lamp
0 carried
7
pole
0 carried
8
Gen.
0 carried
9
Rifle
0 rds
0
—
Reserved
Empty hand
Edit shortcuts
More
Build (B)
Inventory (I)
Map (M)
Projects (F2)
Pause menu
Home Court
First tram station

Deliver 30 steel

Why this next?
Show locationReturn to engineer (K)
Day 1 · Daylight · 0:00 · Paused
Pause
1×
4×
16×
◷ Scheduled assault · Night 3
Engineer · 100/100 HP
Empty hand
Pockets 0/40 stacks
Inventory (I)
locator.click: Timeout 30000ms exceeded.
Call log:
  - waiting for locator('.project-card button[aria-disabled=true]')
    - locator resolved to <button aria-disabled="true">Restore</button>
  - attempting click action
    2 × waiting for element to be visible, enabled and stable
      - element is not enabled
    - retrying click action
    - waiting 20ms
    2 × waiting for element to be visible, enabled and stable
      - element is not enabled
    - retrying click action
      - waiting 100ms
    56 × waiting for element to be visible, enabled and stable
       - element is not enabled
     - retrying click action
       - waiting 500ms

    at E:\Factorio2\docs\evidence\ui-redesign\ui-05\browser.cjs:11:432 {
  log: [
    "  - waiting for locator('.project-card button[aria-disabled=true]')",
    '    - locator resolved to <button aria-disabled="true">Restore</button>',
    '  - attempting click action',
    '    2 × waiting for element to be visible, enabled and stable',
    '      - element is not enabled',
    '    - retrying click action',
    '    - waiting 20ms',
    '    2 × waiting for element to be visible, enabled and stable',
    '      - element is not enabled',
    '    - retrying click action',
    '      - waiting 100ms',
    '    56 × waiting for element to be visible, enabled and stable',
    '       - element is not enabled',
    '     - retrying click action',
    '       - waiting 500ms'
  ],
  name: 'TimeoutError'
}
