TAP version 13
# Subtest: knowledge starts with the opening clue, records exploration and survives leaving and reloading
ok 1 - knowledge starts with the opening clue, records exploration and survives leaving and reloading
  ---
  duration_ms: 4393.288014
  type: 'test'
  ...
# Subtest: item guide contains only implemented recipes and true current consumers, unlock provenance and no secret locations
ok 2 - item guide contains only implemented recipes and true current consumers, unlock provenance and no secret locations
  ---
  duration_ms: 821.898177
  type: 'test'
  ...
# Subtest: discovery service state follows actual power, switch, partial materials and empty or earned rewards
ok 3 - discovery service state follows actual power, switch, partial materials and empty or earned rewards
  ---
  duration_ms: 1639.014674
  type: 'test'
  ...
# Subtest: ordinary exploration and journal actions replay; read-only browsing does not change simulation state
ok 4 - ordinary exploration and journal actions replay; read-only browsing does not change simulation state
  ---
  duration_ms: 1317.20357
  type: 'test'
  ...
# Subtest: current-code replay of the ordinary P7-03 workload supplies a complete P7-04 checkpoint
ok 5 - current-code replay of the ordinary P7-03 workload supplies a complete P7-04 checkpoint
  ---
  duration_ms: 3865.12153
  type: 'test'
  ...
# Subtest: project previews and ordinary paid delivery, power, restoration and kit collection agree and survive load
ok 6 - project previews and ordinary paid delivery, power, restoration and kit collection agree and survive load
  ---
  duration_ms: 4760.396132
  type: 'test'
  ...
# Subtest: project read model has concrete, separate radio upgrade costs, full-pocket and prerequisite refusals without mutations
ok 7 - project read model has concrete, separate radio upgrade costs, full-pocket and prerequisite refusals without mutations
  ---
  duration_ms: 879.454513
  type: 'test'
  ...
# Subtest: alerts prioritize actual known threats, resolve from state and withhold unknown targets
ok 8 - alerts prioritize actual known threats, resolve from state and withhold unknown targets
  ---
  duration_ms: 749.056832
  type: 'test'
  ...
# Subtest: UI-02 fresh and paused load point to real Home stock; partial pockets name only the remainder
ok 9 - UI-02 fresh and paused load point to real Home stock; partial pockets name only the remainder
  ---
  duration_ms: 3143.860421
  type: 'test'
  ...
# Subtest: UI-02 packed machines skip collection, exhausted Home suggests a real known patch, not impossible supplies
ok 10 - UI-02 packed machines skip collection, exhausted Home suggests a real known patch, not impossible supplies
  ---
  duration_ms: 651.535213
  type: 'test'
  ...
# Subtest: UI-02 existing machinery is inspected, with saved facts surviving load and removal
ok 11 - UI-02 existing machinery is inspected, with saved facts surviving load and removal
  ---
  duration_ms: 1354.068702
  type: 'test'
  ...
# Subtest: UI-02 restored milestones remain restored while missing machinery needs rebuilding; down takes priority over tracking
ok 12 - UI-02 restored milestones remain restored while missing machinery needs rebuilding; down takes priority over tracking
  ---
  duration_ms: 482.628126
  type: 'test'
  ...
# Subtest: UI-02 tracking and minimap use known stable identities; invalid IDs fall back without revealing unknown sites
ok 13 - UI-02 tracking and minimap use known stable identities; invalid IDs fall back without revealing unknown sites
  ---
  duration_ms: 551.769866
  type: 'test'
  ...
# Subtest: UI-02 Home, workbench, machine and out-of-reach prompts resolve their actual E action without mutation
ok 14 - UI-02 Home, workbench, machine and out-of-reach prompts resolve their actual E action without mutation
  ---
  duration_ms: 418.502172
  type: 'test'
  ...
# Subtest: UI-02 site partial delivery remains available before power; repair wins over opening the same damaged Home
ok 15 - UI-02 site partial delivery remains available before power; repair wins over opening the same damaged Home
  ---
  duration_ms: 531.983115
  type: 'test'
  ...
# Subtest: UI-02 machine reach is measured from the whole footprint, independent of which corner is pointed at
ok 16 - UI-02 machine reach is measured from the whole footprint, independent of which corner is pointed at
  ---
  duration_ms: 393.711055
  type: 'test'
  ...
1..16
# tests 16
# suites 0
# pass 16
# fail 0
# cancelled 0
# skipped 0
# todo 0
# duration_ms 18876.609324
