TAP version 13
# Subtest: project previews and ordinary paid delivery, power, restoration and kit collection agree and survive load
ok 1 - project previews and ordinary paid delivery, power, restoration and kit collection agree and survive load
  ---
  duration_ms: 1786.761301
  type: 'test'
  ...
# Subtest: project read model has concrete, separate radio upgrade costs, full-pocket and prerequisite refusals without mutations
ok 2 - project read model has concrete, separate radio upgrade costs, full-pocket and prerequisite refusals without mutations
  ---
  duration_ms: 266.800903
  type: 'test'
  ...
# Subtest: alerts prioritize actual known threats, resolve from state and withhold unknown targets
ok 3 - alerts prioritize actual known threats, resolve from state and withhold unknown targets
  ---
  duration_ms: 259.364481
  type: 'test'
  ...
1..3
# tests 3
# suites 0
# pass 3
# fail 0
# cancelled 0
# skipped 0
# todo 0
# duration_ms 7351.726216
