Inventory
Close
Supply chest transfers

Pockets · 3 / 40 stacks

Chest 108/200 items

63 steel transferred

steel

Pockets 0 · Chest 81

Take 50Put all

Take: 50 available · Put: no steel in the pockets

copper

Pockets 8 · Chest 27

Take 50Put all

Take: 27 available · Put: 8 available

stone

Pockets 0 · Chest 0

Take 50Put all

Take: no stone there · Put: no stone in the pockets

coal

Pockets 0 · Chest 0

Take 50Put all

Take: no coal there · Put: no coal in the pockets

magazine

Pockets 0 · Chest 0

Take 5Put all

Take: no magazines there · Put: no magazine in the pockets

wire

Pockets 0 · Chest 0

Take 50Put all

Take: no wire there · Put: no wire in the pockets

frame

Pockets 0 · Chest 0

Take 50Put all

Take: no frame there · Put: no frame in the pockets

board

Pockets 0 · Chest 0

Take 50Put all

Take: no board there · Put: no board in the pockets

concrete

Pockets 0 · Chest 0

Take 50Put all

Take: no concrete there · Put: no concrete in the pockets

belt

Pockets 2 · Chest 0

Take 1Put all

Take: no belt there · Put: 2 available

Craft 1 magazine

walk closer to the workbench

1
belt
2 carried
2
inserter
0 carried
3
Excav.
0 carried
4
Assem.
0 carried
5
Gun turret
0 carried
6
Lamp
0 carried
7
pole
0 carried
8
Gen.
0 carried
9
Rifle
0 rds
0
Flood
0 carried
Empty hand
Edit shortcuts
More
Build (B)
Inventory (I)
Map (M)
Projects (F2)
Pause menu
Slate Exchange 341
Keep your workshop producing

Collect materials from Home to rebuild

Why this next?
Show location
Day 1 · Daylight · 1:35 · Paused
Pause
1×
4×
16×
Next major assault: Night 3. Two minor raid opportunities per day; ruins remain dangerous.
Engineer · 100/100 HP
Empty hand
Pockets 3/40 stacks
Inventory (I)
Snapshot loaded at 0:01:35 (state 19de934f) — paused. Press P or a speed to begin.
AssertionError [ERR_ASSERTION]: The expression evaluated to a falsy value:

  assert.ok((await read()).e.inv.steel<carried.e.inv.steel)

    at E:\Factorio2\docs\evidence\ui-redesign\ui-04\browser.cjs:19:412 {
  generatedMessage: true,
  code: 'ERR_ASSERTION',
  actual: false,
  expected: true,
  operator: '==',
  diff: 'simple'
}
