PASS case 1366 0
Inventory
Close
Station transfers

Pockets · 6 / 40 stacks

Platform 0/200 · Arrivals 35/200 · 0 reserved inbound. Take uses arrivals first, then platform. Put uses platform.

walk closer to the Depot

steel

Pockets 40 · Platform 0 · Arrivals 15

Take 50Put all

Take: 15 available · Put: 40 available

copper

Pockets 20 · Platform 0 · Arrivals 10

Take 50Put all

Take: 10 available · Put: 20 available

stone

Pockets 0 · Platform 0 · Arrivals 0

Take 50Put all

Take: no stone there · Put: no stone in the pockets

coal

Pockets 161 · Platform 0 · Arrivals 0

Take 50Put all

Take: no coal there · Put: 161 available

magazine

Pockets 0 · Platform 0 · Arrivals 10

Take 5Put all

Take: 5 available · Put: no magazine in the pockets

wire

Pockets 0 · Platform 0 · Arrivals 0

Take 50Put all

Take: no wire there · Put: no wire in the pockets

frame

Pockets 0 · Platform 0 · Arrivals 0

Take 50Put all

Take: no frame there · Put: no frame in the pockets

board

Pockets 0 · Platform 0 · Arrivals 0

Take 50Put all

Take: no board there · Put: no board in the pockets

concrete

Pockets 0 · Platform 0 · Arrivals 0

Take 50Put all

Take: no concrete there · Put: no concrete in the pockets

Craft 1 magazine

walk closer to the workbench

Station supply requests

Requests active · 0 items reserved in transit

Request fills local stock up to a target. Export sends platform stock above Keep to other configured stations. Arrivals feed local belts. Configure both ends of a delivery.

Item	Request	Keep	Export
steel			
copper			
stone			
coal			
magazine			
wire			
frame			
board			
concrete			
Apply station requests
1
belt
0 carried
2
inserter
0 carried
3
Excav.
0 carried
4
Assem.
0 carried
5
Gun turret
0 carried
6
Lamp
0 carried
7
pole
0 carried
8
Gen.
0 carried
9
Rifle
0 rds
0
Flood
0 carried
Empty hand
Edit shortcuts
More
Build (B)
Inventory (I)
Map (M)
Projects (F2)
Pause menu
Home Court
Repair workshop

Supply and restore this known installation

Why this next?
Show location
Day 2 · Night · 19:50 · Paused
Pause
1×
4×
16×
Next major assault: Night 3. Two minor raid opportunities per day; ruins remain dangerous.
Engineer · 100/100 HP
Empty hand
Pockets 6/40 stacks
Inventory (I)
AssertionError [ERR_ASSERTION]: The input did not match the regular expression /Platform.*Arrivals/. Input:

'Home supplies\n' +
  '\n' +
  'Pockets · 6 / 40 stacks\n' +
  '\n' +
  'Home stock stays here until you take it into your pockets.\n' +
  '\n' +
  'walk closer to the Depot\n' +
  '\n' +
  'steel\n' +
  '\n' +
  'Pockets 40 · Home 0\n' +
  '\n' +
  'Take 50Put all\n' +
  '\n' +
  'Take: walk closer to the Depot · Put: walk closer to the Depot\n' +
  '\n' +
  'copper\n' +
  '\n' +
  'Pockets 20 · Home 0\n' +
  '\n' +
  'Take 50Put all\n' +
  '\n' +
  'Take: walk closer to the Depot · Put: walk closer to the Depot\n' +
  '\n' +
  'stone\n' +
  '\n' +
  'Pockets 0 · Home 50\n' +
  '\n' +
  'Take 50Put all\n' +
  '\n' +
  'Take: walk closer to the Depot · Put: walk closer to the Depot\n' +
  '\n' +
  'coal\n' +
  '\n' +
  'Pockets 161 · Home 0\n' +
  '\n' +
  'Take 50Put all\n' +
  '\n' +
  'Take: walk closer to the Depot · Put: walk closer to the Depot\n' +
  '\n' +
  'magazine\n' +
  '\n' +
  'Pockets 0 · Home 0\n' +
  '\n' +
  'Take 5Put all\n' +
  '\n' +
  'Take: walk closer to the Depot · Put: walk closer to the Depot\n' +
  '\n' +
  'wire\n' +
  '\n' +
  'Pockets 0 · Home 0\n' +
  '\n' +
  'Take 50Put all\n' +
  '\n' +
  'Take: walk closer to the Depot · Put: walk closer to the Depot\n' +
  '\n' +
  'frame\n' +
  '\n' +
  'Pockets 0 · Home 0\n' +
  '\n' +
  'Take 50Put all\n' +
  '\n' +
  'Take: walk closer to the Depot · Put: walk closer to the Depot\n' +
  '\n' +
  'board\n' +
  '\n' +
  'Pockets 0 · Home 0\n' +
  '\n' +
  'Take 50Put all\n' +
  '\n' +
  'Take: walk closer to the Depot · Put: walk closer to the Depot\n' +
  '\n' +
  'concrete\n' +
  '\n' +
  'Pockets 0 · Home 0\n' +
  '\n' +
  'Take 50Put all\n' +
  '\n' +
  'Take: walk closer to the Depot · Put: walk closer to the Depot\n' +
  '\n' +
  'Craft 1 magazine\n' +
  '\n' +
  'walk closer to the workbench'

    at E:\Factorio2\docs\evidence\ui-redesign\ui-04\browser.cjs:18:1025 {
  generatedMessage: true,
  code: 'ERR_ASSERTION',
  actual: 'Home supplies\n' +
    '\n' +
    'Pockets · 6 / 40 stacks\n' +
    '\n' +
    'Home stock stays here until you take it into your pockets.\n' +
    '\n' +
    'walk closer to the Depot\n' +
    '\n' +
    'steel\n' +
    '\n' +
    '...',
  expected: /Platform.*Arrivals/,
  operator: 'match',
  diff: 'simple'
}
