1
belt
0 carried
2
inserter
0 carried
3
Excav.
0 carried
4
Assem.
0 carried
5
Gun turret
0 carried
6
Lamp
0 carried
7
pole
0 carried
8
Gen.
0 carried
9
Rifle
0 rds
0
—
Reserved
Empty hand
Edit shortcuts
More
Build (B)
Inventory (I)
Map (M)
Projects (F2)
Pause menu
Inspect Assembler · starved
Home Court
Start your workshop

Check Assembler: needs copper

Why this next?
Show location
Day 1 · Daylight · 0:00 · Paused
Pause
1×
4×
16×
Next major assault: Night 3. Two minor raid opportunities per day; ruins remain dangerous.
Engineer · 100/100 HP
Empty hand
Pockets 2/40 stacks
Inventory (I)
MinimapMap (M)
● You □ Known ◆ Pin
E · Open supplies
locator.click: Timeout 30000ms exceeded.
Call log:
  - waiting for locator('.inspection-chip')
    - locator resolved to <button class="ui-hud inspection-chip">Inspect Assembler · starved</button>
  - attempting click action
    2 × waiting for element to be visible, enabled and stable
      - element is visible, enabled and stable
      - scrolling into view if needed
      - done scrolling
      - <canvas role="img" width="180" height="140" aria-label="Engineer and 3 known destinations: First tram station, Switchyard, Home Court"></canvas> from <section class="ui-hud hud-minimap">…</section> subtree intercepts pointer events
    - retrying click action
    - waiting 20ms
    2 × waiting for element to be visible, enabled and stable
      - element is visible, enabled and stable
      - scrolling into view if needed
      - done scrolling
      - <canvas role="img" width="180" height="140" aria-label="Engineer and 3 known destinations: First tram station, Switchyard, Home Court"></canvas> from <section class="ui-hud hud-minimap">…</section> subtree intercepts pointer events
    - retrying click action
      - waiting 100ms
    55 × waiting for element to be visible, enabled and stable
       - element is visible, enabled and stable
       - scrolling into view if needed
       - done scrolling
       - <canvas role="img" width="180" height="140" aria-label="Engineer and 3 known destinations: First tram station, Switchyard, Home Court"></canvas> from <section class="ui-hud hud-minimap">…</section> subtree intercepts pointer events
     - retrying click action
       - waiting 500ms

    at E:\Factorio2\docs\evidence\ui-redesign\ui-04\browser.cjs:14:500 {
  log: [
    "  - waiting for locator('.inspection-chip')",
    '    - locator resolved to <button class="ui-hud inspection-chip">Inspect Assembler · starved</button>',
    '  - attempting click action',
    '    2 × waiting for element to be visible, enabled and stable',
    '      - element is visible, enabled and stable',
    '      - scrolling into view if needed',
    '      - done scrolling',
    '      - <canvas role="img" width="180" height="140" aria-label="Engineer and 3 known destinations: First tram station, Switchyard, Home Court"></canvas> from <section class="ui-hud hud-minimap">…</section> subtree intercepts pointer events',
    '    - retrying click action',
    '    - waiting 20ms',
    '    2 × waiting for element to be visible, enabled and stable',
    '      - element is visible, enabled and stable',
    '      - scrolling into view if needed',
    '      - done scrolling',
    '      - <canvas role="img" width="180" height="140" aria-label="Engineer and 3 known destinations: First tram station, Switchyard, Home Court"></canvas> from <section class="ui-hud hud-minimap">…</section> subtree intercepts pointer events',
    '    - retrying click action',
    '      - waiting 100ms',
    '    55 × waiting for element to be visible, enabled and stable',
    '       - element is visible, enabled and stable',
    '       - scrolling into view if needed',
    '       - done scrolling',
    '       - <canvas role="img" width="180" height="140" aria-label="Engineer and 3 known destinations: First tram station, Switchyard, Home Court"></canvas> from <section class="ui-hud hud-minimap">…</section> subtree intercepts pointer events',
    '     - retrying click action',
    '       - waiting 500ms'
  ],
  name: 'TimeoutError'
}
