Inspection
Close
Assembler

Home Court

Waiting · needs steel, copper

Useful output

Waiting for simulation time — no measured output yet.

magazine: —/min measured · 0 recorded

Inputs

Recipe: Shot magazine

steel: 0 buffered · 20/min nominal input

copper: 0 buffered · 10/min nominal input

Current constraints

Missing 2 steel

About steelLocate Home supplies: steel

Missing 1 copper

About copperLocate Home supplies: copper
Actions
Pin inspectionLocate machineAssembler recipe
Shot magazine
Wire
Frame
Board
Details: rates, circuit and contents
1
belt
0 carried
2
inserter
0 carried
3
Excav.
0 carried
4
Assem.
0 carried
5
Gun turret
0 carried
6
Lamp
0 carried
7
pole
0 carried
8
Gen.
0 carried
9
Rifle
0 rds
0
—
Reserved
Empty hand
Edit shortcuts
More
Build (B)
Inventory (I)
Map (M)
Projects (F2)
Pause menu
Home Court
Start your workshop

Check Assembler: needs steel, copper

Why this next?
Show location
Day 1 · Daylight · 0:00 · Paused
Pause
1×
4×
16×
Next major assault: Night 3. Two minor raid opportunities per day; ruins remain dangerous.
Engineer · 100/100 HP
Empty hand
Pockets 2/40 stacks
Inventory (I)
locator.selectOption: Timeout 30000ms exceeded.
Call log:
  - waiting for getByLabel('Recipe', { exact: true })

    at E:\Factorio2\docs\evidence\ui-redesign\ui-04\browser.cjs:14:47 {
  log: [ "  - waiting for getByLabel('Recipe', { exact: true })" ],
  name: 'TimeoutError'
}
