TAP version 13
# Subtest: inspection: paid assembler exposes nominal recipe rates, completed production and conserved saved continuation
ok 1 - inspection: paid assembler exposes nominal recipe rates, completed production and conserved saved continuation
  ---
  duration_ms: 1660.909126
  type: 'test'
  ...
# Subtest: inspection: recipe changes retain per-item observations; packing/rebuild resets only machine history
ok 2 - inspection: recipe changes retain per-item observations; packing/rebuild resets only machine history
  ---
  duration_ms: 464.993066
  type: 'test'
  ...
# Subtest: inspection: local circuits isolate remote supply, reflect brownout, fuel exhaustion and pole connection
ok 3 - inspection: local circuits isolate remote supply, reflect brownout, fuel exhaustion and pole connection
  ---
  duration_ms: 436.661596
  type: 'test'
  ...
# Subtest: inspection: belt blockage and inserter destination loss report the actual held state
ok 4 - inspection: belt blockage and inserter destination loss report the actual held state
  ---
  duration_ms: 317.476262
  type: 'test'
  ...
# Subtest: inspection: saved sample window is bounded, excludes pause time and rejects malformed observations
ok 5 - inspection: saved sample window is bounded, excludes pause time and rejects malformed observations
  ---
  duration_ms: 1865.653383
  type: 'test'
  ...
# Subtest: inspection: fresh campaign replay includes identical observations and readonly queries add no commands
ok 6 - inspection: fresh campaign replay includes identical observations and readonly queries add no commands
  ---
  duration_ms: 1028.251797
  type: 'test'
  ...
# Subtest: UI-04 simultaneous constraints are readonly and clear independently with real input and power predicates
ok 7 - UI-04 simultaneous constraints are readonly and clear independently with real input and power predicates
  ---
  duration_ms: 289.925418
  type: 'test'
  ...
# Subtest: UI-04 no local load is neutral; disabled core retains the actual primary statement
not ok 8 - UI-04 no local load is neutral; disabled core retains the actual primary statement
  ---
  duration_ms: 496.446382
  type: 'test'
  location: '/mnt/e/Factorio2/packages/sim/test/inspection.test.ts:108:1'
  failureType: 'testCodeFailure'
  error: |-
    Expected values to be strictly equal:
    
    'running' !== 'idle'
    
  code: 'ERR_ASSERTION'
  name: 'AssertionError'
  expected: 'idle'
  actual: 'running'
  operator: 'strictEqual'
  stack: |-
    TestContext.<anonymous> (/mnt/e/Factorio2/packages/sim/test/inspection.test.ts:113:9)
    Test.runInAsyncScope (node:async_hooks:214:14)
    Test.run (node:internal/test_runner/test:1047:25)
    Test.processPendingSubtests (node:internal/test_runner/test:744:18)
    Test.postRun (node:internal/test_runner/test:1173:19)
    Test.run (node:internal/test_runner/test:1101:12)
    async Test.processPendingSubtests (node:internal/test_runner/test:744:7)
  ...
# Subtest: UI-04 hand transfer previews match actual capped moves and never allocate arrivals or mutate state
ok 9 - UI-04 hand transfer previews match actual capped moves and never allocate arrivals or mutate state
  ---
  duration_ms: 347.512751
  type: 'test'
  ...
# Subtest: UI-04 truck preview shares command capacity/reach rules and leaves source stock untouched
ok 10 - UI-04 truck preview shares command capacity/reach rules and leaves source stock untouched
  ---
  duration_ms: 273.050309
  type: 'test'
  ...
# Subtest: UI-04 source locations only name genuine known stock or finite home patches
ok 11 - UI-04 source locations only name genuine known stock or finite home patches
  ---
  duration_ms: 258.116194
  type: 'test'
  ...
# Subtest: routing: underground span boundaries, paired construction and atomic interference/material/reach refusals
ok 12 - routing: underground span boundaries, paired construction and atomic interference/material/reach refusals
  ---
  duration_ms: 1268.856606
  type: 'test'
  ...
# Subtest: routing: buried stock survives interruption, refused rotation, load, reconnection and pickup without duplication
ok 13 - routing: buried stock survives interruption, refused rotation, load, reconnection and pickup without duplication
  ---
  duration_ms: 1095.568468
  type: 'test'
  ...
# Subtest: routing: splitter footprint, both occupied tiles, collision-safe rotation and history/settings survive load
ok 14 - routing: splitter footprint, both occupied tiles, collision-safe rotation and history/settings survive load
  ---
  duration_ms: 601.875153
  type: 'test'
  ...
# Subtest: routing: left/right priority, balanced alternation, fallback, backpressure and FIFO retain every item
ok 15 - routing: left/right priority, balanced alternation, fallback, backpressure and FIFO retain every item
  ---
  duration_ms: 774.896554
  type: 'test'
  ...
# Subtest: routing: inserter filtering selects from mixed chests and belts and preserves a held item on filter change
ok 16 - routing: inserter filtering selects from mixed chests and belts and preserves a held item on filter change
  ---
  duration_ms: 1468.264934
  type: 'test'
  ...
# Subtest: routing: paired commands and settings replay at a paused boundary and survive saved history
ok 17 - routing: paired commands and settings replay at a paused boundary and survive saved history
  ---
  duration_ms: 1000.201981
  type: 'test'
  ...
# Subtest: routing: crossing tunnels pair independently and an intervening endpoint refuses a new pair atomically
ok 18 - routing: crossing tunnels pair independently and an intervening endpoint refuses a new pair atomically
  ---
  duration_ms: 537.662978
  type: 'test'
  ...
# Subtest: routing: filter applies to mixed belt and station-arrival source fixtures
ok 19 - routing: filter applies to mixed belt and station-arrival source fixtures
  ---
  duration_ms: 500.657782
  type: 'test'
  ...
# Subtest: routing: rectangular occupancy follows all four rotations, including the ordinary command path
ok 20 - routing: rectangular occupancy follows all four rotations, including the ordinary command path
  ---
  duration_ms: 938.72732
  type: 'test'
  ...
# Subtest: routing: saturated splitter and underground throughput stay bounded and conserve their circulating fixture stock
ok 21 - routing: saturated splitter and underground throughput stay bounded and conserve their circulating fixture stock
  ---
  duration_ms: 429.791925
  type: 'test'
  ...
# Subtest: routing: all four recipes run through a paid chest/inserter/belt/underground/splitter line reached on foot
ok 22 - routing: all four recipes run through a paid chest/inserter/belt/underground/splitter line reached on foot
  ---
  duration_ms: 2294.837944
  type: 'test'
  ...
# Subtest: physical truck loads a real chest, travels, builds from cargo, and leaves engineer pockets and position intact
ok 23 - physical truck loads a real chest, travels, builds from cargo, and leaves engineer pockets and position intact
  ---
  duration_ms: 2582.704076
  type: 'test'
  ...
# Subtest: shortages resume after local chest replenishment; pause, cancel and repeat controls retain stock
ok 24 - shortages resume after local chest replenishment; pause, cancel and repeat controls retain stock
  ---
  duration_ms: 442.250204
  type: 'test'
  ...
# Subtest: loading, travelling and partial-build checkpoints continue deterministically without double spending
ok 25 - loading, travelling and partial-build checkpoints continue deterministically without double spending
  ---
  duration_ms: 2003.975498
  type: 'test'
  ...
# Subtest: missing source and occupied destinations wait safely and retry after the obstruction is fixed
ok 26 - missing source and occupied destinations wait safely and retry after the obstruction is fixed
  ---
  duration_ms: 417.729947
  type: 'test'
  ...
# Subtest: manual boarding pauses the automated truck and preserves its cargo and independent orders
ok 27 - manual boarding pauses the automated truck and preserves its cargo and independent orders
  ---
  duration_ms: 467.280462
  type: 'test'
  ...
# Subtest: malformed jobs and saved teleport paths are rejected without granting stock or bypassing Foreman
ok 28 - malformed jobs and saved teleport paths are rejected without granting stock or bypassing Foreman
  ---
  duration_ms: 946.97881
  type: 'test'
  ...
# Subtest: a new obstacle on a saved route stops the swept footprint and work resumes after removal
ok 29 - a new obstacle on a saved route stops the swept footprint and work resumes after removal
  ---
  duration_ms: 491.97022
  type: 'test'
  ...
# Subtest: unrelated full cargo blocks loading without spending source stock and recovers after unloading
ok 30 - unrelated full cargo blocks loading without spending source stock and recovers after unloading
  ---
  duration_ms: 383.944827
  type: 'test'
  ...
# Subtest: paired underground construction uses real cargo and preserves tunnel roles
ok 31 - paired underground construction uses real cargo and preserves tunnel roles
  ---
  duration_ms: 322.60706
  type: 'test'
  ...
# Subtest: ordinary station restoration, Foreman recruitment, paid chest and copied plan fully replay through automated delivery
ok 32 - ordinary station restoration, Foreman recruitment, paid chest and copied plan fully replay through automated delivery
  ---
  duration_ms: 1352.357817
  type: 'test'
  ...
# Subtest: packed machines from a supply chest replace material costs without touching pockets
ok 33 - packed machines from a supply chest replace material costs without touching pockets
  ---
  duration_ms: 397.728138
  type: 'test'
  ...
# Subtest: order pause/resume, retry and source reassignment are idempotent and retain cargo through interruptions
ok 34 - order pause/resume, retry and source reassignment are idempotent and retain cargo through interruptions
  ---
  duration_ms: 703.55743
  type: 'test'
  ...
# Subtest: area removal packs an overlaid tram before its track and restores freight cargo without duplication
ok 35 - area removal packs an overlaid tram before its track and restores freight cargo without duplication
  ---
  duration_ms: 417.316462
  type: 'test'
  ...
1..35
# tests 35
# suites 0
# pass 34
# fail 1
# cancelled 0
# skipped 0
# todo 0
# duration_ms 14290.750281
