
> relight-prototype@0.1.0 typecheck
> npm run build -w packages/sim && npm run build -w packages/harness && npm run build -w packages/tools && npm run build -w packages/game


> @relight/sim@0.1.0 build
> tsc -p tsconfig.json --noEmit


> @relight/harness@0.1.0 build
> tsc -p tsconfig.json --noEmit


> @relight/tools@0.1.0 build
> tsc -p tsconfig.json --noEmit


> @relight/game@0.1.0 build
> tsc -p tsconfig.json --noEmit && vite build

src/inventoryPanel.ts(21,56): error TS2339: Property 'ok' does not exist on type '{ room: number; reason: string; }'.
src/panel.ts(620,47): error TS2339: Property 'ok' does not exist on type '{ room: number; reason: string; }'.
src/uiShell.ts(51,34): error TS2339: Property 'focus' does not exist on type 'Element'.
src/uiShell.ts(124,45): error TS2339: Property 'focus' does not exist on type 'Element'.
npm error Lifecycle script `build` failed with error:
npm error code 2
npm error path /mnt/e/Factorio2/packages/game
npm error workspace @relight/game@0.1.0
npm error location /mnt/e/Factorio2/packages/game
npm error command failed
npm error command sh -c tsc -p tsconfig.json --noEmit && vite build
